******************************************************************************
             TMS320C2000 Linker Unix v22.6.1                   
******************************************************************************
>> Linked Wed Dec 18 11:30:14 2024

OUTPUT FILE NAME:   <driverlib_lp_f2837xd.out>
ENTRY POINT SYMBOL: "code_start"  address: 00000000


MEMORY CONFIGURATION

         name            origin    length      used     unused   attr    fill
----------------------  --------  ---------  --------  --------  ----  --------
PAGE 0:
  BEGIN                 00000000   00000002  00000000  00000002  RWIX
  RAMM0                 00000123   000002dd  00000014  000002c9  RWIX
  RAMLS0                00008000   00000800  00000800  00000000  RWIX
  RAMLS1                00008800   00000800  000001ba  00000646  RWIX
  RAMLS2                00009000   00000800  00000000  00000800  RWIX
  RAMLS3                00009800   00000800  00000000  00000800  RWIX
  RAMLS4                0000a000   00000800  00000000  00000800  RWIX
  RAMD0                 0000b000   00000800  00000800  00000000  RWIX
  FLASHA                00080002   00001ffe  00000000  00001ffe  RWIX
  FLASHB                00082000   00002000  00000000  00002000  RWIX
  FLASHC                00084000   00002000  00000000  00002000  RWIX
  FLASHD                00086000   00002000  00000000  00002000  RWIX
  FLASHE                00088000   00008000  00000000  00008000  RWIX
  FLASHF                00090000   00008000  00000000  00008000  RWIX
  FLASHG                00098000   00008000  00000000  00008000  RWIX
  FLASHH                000a0000   00008000  00000000  00008000  RWIX
  FLASHI                000a8000   00008000  00000000  00008000  RWIX
  FLASHJ                000b0000   00008000  00000000  00008000  RWIX
  FLASHK                000b8000   00002000  00000000  00002000  RWIX
  FLASHL                000ba000   00002000  00000000  00002000  RWIX
  FLASHM                000bc000   00002000  00000000  00002000  RWIX
  FLASHN                000be000   00001ff0  00000000  00001ff0  RWIX
  RESET                 003fffc0   00000002  00000000  00000002  RWIX

PAGE 1:
  BOOT_RSVD             00000002   00000121  00000000  00000121  RWIX
  RAMM1                 00000400   000003f8  00000100  000002f8  RWIX
  ADCARESULT            00000b00   00000018  00000000  00000018  RWIX
  ADCBRESULT            00000b20   00000018  00000000  00000018  RWIX
  ADCCRESULT            00000b40   00000018  00000000  00000018  RWIX
  ADCDRESULT            00000b60   00000018  00000000  00000018  RWIX
  CPUTIMER0             00000c00   00000008  00000000  00000008  RWIX
  CPUTIMER1             00000c08   00000008  00000000  00000008  RWIX
  CPUTIMER2             00000c10   00000008  00000000  00000008  RWIX
  PIECTRL               00000ce0   0000001a  00000000  0000001a  RWIX
  PIEVECTTABLE          00000d00   00000200  00000000  00000200  RWIX
  DMA                   00001000   00000200  00000000  00000200  RWIX
  CLA1                  00001400   00000080  00000000  00000080  RWIX
  CLB1LOGICCFG          00003000   00000052  00000000  00000052  RWIX
  CLB1LOGICCTRL         00003100   00000040  00000000  00000040  RWIX
  CLB1DATAEXCH          00003200   00000200  00000000  00000200  RWIX
  CLB2LOGICCFG          00003400   00000052  00000000  00000052  RWIX
  CLB2LOGICCTRL         00003500   00000040  00000000  00000040  RWIX
  CLB2DATAEXCH          00003600   00000200  00000000  00000200  RWIX
  CLB3LOGICCFG          00003800   00000052  00000000  00000052  RWIX
  CLB3LOGICCTRL         00003900   00000040  00000000  00000040  RWIX
  CLB3DATAEXCH          00003a00   00000200  00000000  00000200  RWIX
  CLB4LOGICCFG          00003c00   00000052  00000000  00000052  RWIX
  CLB4LOGICCTRL         00003d00   00000040  00000000  00000040  RWIX
  CLB4DATAEXCH          00003e00   00000200  00000000  00000200  RWIX
  EPWM1                 00004000   00000100  00000000  00000100  RWIX
  EPWM2                 00004100   00000100  00000000  00000100  RWIX
  EPWM3                 00004200   00000100  00000000  00000100  RWIX
  EPWM4                 00004300   00000100  00000000  00000100  RWIX
  EPWM5                 00004400   00000100  00000000  00000100  RWIX
  EPWM6                 00004500   00000100  00000000  00000100  RWIX
  EPWM7                 00004600   00000100  00000000  00000100  RWIX
  EPWM8                 00004700   00000100  00000000  00000100  RWIX
  EPWM9                 00004800   00000100  00000000  00000100  RWIX
  EPWM10                00004900   00000100  00000000  00000100  RWIX
  EPWM11                00004a00   00000100  00000000  00000100  RWIX
  EPWM12                00004b00   00000100  00000000  00000100  RWIX
  ECAP1                 00005000   00000020  00000000  00000020  RWIX
  ECAP2                 00005020   00000020  00000000  00000020  RWIX
  ECAP3                 00005040   00000020  00000000  00000020  RWIX
  ECAP4                 00005060   00000020  00000000  00000020  RWIX
  ECAP5                 00005080   00000020  00000000  00000020  RWIX
  ECAP6                 000050a0   00000020  00000000  00000020  RWIX
  EQEP1                 00005100   00000022  00000000  00000022  RWIX
  EQEP2                 00005140   00000022  00000000  00000022  RWIX
  EQEP3                 00005180   00000022  00000000  00000022  RWIX
  DACA                  00005c00   00000008  00000000  00000008  RWIX
  DACB                  00005c10   00000008  00000000  00000008  RWIX
  DACC                  00005c20   00000008  00000000  00000008  RWIX
  CMPSS1                00005c80   00000020  00000000  00000020  RWIX
  CMPSS2                00005ca0   00000020  00000000  00000020  RWIX
  CMPSS3                00005cc0   00000020  00000000  00000020  RWIX
  CMPSS4                00005ce0   00000020  00000000  00000020  RWIX
  CMPSS5                00005d00   00000020  00000000  00000020  RWIX
  CMPSS6                00005d20   00000020  00000000  00000020  RWIX
  CMPSS7                00005d40   00000020  00000000  00000020  RWIX
  CMPSS8                00005d60   00000020  00000000  00000020  RWIX
  SDFM1                 00005e00   00000080  00000000  00000080  RWIX
  SDFM2                 00005e80   00000080  00000000  00000080  RWIX
  MCBSPA                00006000   00000024  00000000  00000024  RWIX
  MCBSPB                00006040   00000024  00000000  00000024  RWIX
  SPIA                  00006100   00000010  00000000  00000010  RWIX
  SPIB                  00006110   00000010  00000000  00000010  RWIX
  SPIC                  00006120   00000010  00000000  00000010  RWIX
  UPP                   00006200   00000048  00000000  00000048  RWIX
  WD                    00007000   0000002b  00000000  0000002b  RWIX
  NMIINTRUPT            00007060   00000007  00000000  00000007  RWIX
  XINT                  00007070   0000000b  00000000  0000000b  RWIX
  SCIA                  00007200   00000010  00000000  00000010  RWIX
  SCIB                  00007210   00000010  00000000  00000010  RWIX
  SCIC                  00007220   00000010  00000000  00000010  RWIX
  SCID                  00007230   00000010  00000000  00000010  RWIX
  I2CA                  00007300   00000022  00000000  00000022  RWIX
  I2CB                  00007340   00000022  00000000  00000022  RWIX
  ADCA                  00007400   00000080  00000000  00000080  RWIX
  ADCB                  00007480   00000080  00000000  00000080  RWIX
  ADCC                  00007500   00000080  00000000  00000080  RWIX
  ADCD                  00007580   00000080  00000000  00000080  RWIX
  INPUTXBAR             00007900   00000020  00000000  00000020  RWIX
  XBAR                  00007920   00000020  00000000  00000020  RWIX
  SYNCSOC               00007940   00000006  00000000  00000006  RWIX
  DMACLASRCSEL          00007980   0000001a  00000000  0000001a  RWIX
  EPWMXBAR              00007a00   00000040  00000000  00000040  RWIX
  CLBXBAR               00007a40   00000040  00000000  00000040  RWIX
  OUTPUTXBAR            00007a80   00000040  00000000  00000040  RWIX
  GPIOCTRL              00007c00   00000180  00000000  00000180  RWIX
  GPIODATA              00007f00   00000030  00000000  00000030  RWIX
  RAMLS5                0000a800   00000800  000003b1  0000044f  RWIX
  RAMD1                 0000b800   00000800  00000000  00000800  RWIX
  RAMGS0                0000c000   00001000  00000000  00001000  RWIX
  RAMGS1                0000d000   00001000  00000000  00001000  RWIX
  RAMGS2                0000e000   00001000  00000000  00001000  RWIX
  RAMGS3                0000f000   00001000  00000000  00001000  RWIX
  RAMGS4                00010000   00001000  00000000  00001000  RWIX
  RAMGS5                00011000   00001000  00000000  00001000  RWIX
  RAMGS6                00012000   00001000  00000000  00001000  RWIX
  RAMGS7                00013000   00001000  00000000  00001000  RWIX
  RAMGS8                00014000   00001000  00000000  00001000  RWIX
  RAMGS9                00015000   00001000  00000000  00001000  RWIX
  RAMGS10               00016000   00001000  00000000  00001000  RWIX
  RAMGS11               00017000   00001000  00000000  00001000  RWIX
  RAMGS12               00018000   00001000  00000000  00001000  RWIX
  RAMGS13               00019000   00001000  00000000  00001000  RWIX
  RAMGS14               0001a000   00001000  00000000  00001000  RWIX
  RAMGS15               0001b000   00000ff8  00000000  00000ff8  RWIX
  CPU2TOCPU1RAM         0003f800   00000400  00000000  00000400  RWIX
  CPU1TOCPU2RAM         0003fc00   00000400  00000000  00000400  RWIX
  EMIF1                 00047000   00000070  00000000  00000070  RWIX
  EMIF2                 00047800   00000070  00000000  00000070  RWIX
  CANA                  00048000   00000200  00000000  00000200  RWIX
  CANA_MSG_RAM          00049000   00000800  00000000  00000800  RWIX
  CANB                  0004a000   00000200  00000000  00000200  RWIX
  CANB_MSG_RAM          0004b000   00000800  00000000  00000800  RWIX
  IPC                   00050000   00000024  00000000  00000024  RWIX
  FLASHPUMPSEMAPHORE    00050024   00000002  00000000  00000002  RWIX
  DEVCFG                0005d000   0000012e  00000000  0000012e  RWIX
  ANALOGSUBSYS          0005d180   00000048  00000000  00000048  RWIX
  CLKCFG                0005d200   00000032  00000000  00000032  RWIX
  CPUSYS                0005d300   00000082  00000000  00000082  RWIX
  ROMPREFETCH           0005e608   00000002  00000000  00000002  RWIX
  DCSMZ1                0005f000   00000024  00000000  00000024  RWIX
  DCSMZ2                0005f040   00000024  00000000  00000024  RWIX
  DCSMCOMMON            0005f070   00000008  00000000  00000008  RWIX
  MEMCFG                0005f400   00000080  00000000  00000080  RWIX
  EMIF1CONFIG           0005f480   00000020  00000000  00000020  RWIX
  EMIF2CONFIG           0005f4a0   00000020  00000000  00000020  RWIX
  ACCESSPROTECTION      0005f4c0   00000040  00000000  00000040  RWIX
  MEMORYERROR           0005f500   00000040  00000000  00000040  RWIX
  ROMWAITSTATE          0005f540   00000002  00000000  00000002  RWIX
  FLASH0CTRL            0005f800   00000182  00000000  00000182  RWIX
  FLASH0ECC             0005fb00   00000028  00000000  00000028  RWIX
  UID                   000703c0   00000010  00000000  00000010  RWIX


SECTION ALLOCATION MAP

 output                                  attributes/
section   page    origin      length       input sections
--------  ----  ----------  ----------   ----------------
codestart 
*          0    00000000    00000004     FAILED TO ALLOCATE
.cinit     0    00000128    00000010     
                  00000128    00000008     (.cinit..data.load) [load image, compression = lzss]
                  00000130    00000004     (__TI_handler_table)
                  00000134    00000004     (__TI_cinit_table)

.reset     0    003fffc0    00000000     DSECT

.stack     1    00000400    00000100     UNINITIALIZED
                  00000400    00000100     --HOLE--

.init_array 
*          0    00000123    00000000     UNINITIALIZED

.const     1    0000a800    000003a1     
                  0000a800    000001c0     F2837xD_PieVect.obj (.const)
                  0000a9c0    000000c2     driverlib_eabi.lib : sysctl.obj (.const:.string)
                  0000aa82    000000bc                        : gpio.obj (.const:.string)
                  0000ab3e    0000004f     lab_main.obj (.const:.string)
                  0000ab8d    00000001     --HOLE-- [fill = 0]
                  0000ab8e    00000013     device.obj (.const:.string)

.data      1    0000aba2    00000010     UNINITIALIZED
                  0000aba2    00000006     device.obj (.data)
                  0000aba8    00000006     rts2800_fpu32_eabi.lib : exit.c.obj (.data)
                  0000abae    00000002                            : _lock.c.obj (.data:_lock)
                  0000abb0    00000002                            : _lock.c.obj (.data:_unlock)

.TI.ramfunc 
*          0    00000123    00000004     
                  00000123    00000004     driverlib_eabi.lib : sysctl.obj (.TI.ramfunc)

GETBUFFER 
*          0    0003f800    00000000     DSECT

GETWRITEIDX 
*          0    0003f800    00000000     DSECT

PUTREADIDX 
*          0    0003f800    00000000     DSECT

.text.1    0    00008000    00000800     
                  00008000    000003fd     device.obj (.text)
                  000083fd    00000090     driverlib_eabi.lib : sysctl.obj (.text:SysCtl_selectXTAL)
                  0000848d    00000088     rts2800_fpu32_eabi.lib : fs_div28.asm.obj (.text)
                  00008515    00000061     lab_main.obj (.text)
                  00008576    00000052     driverlib_eabi.lib : gpio.obj (.text:GPIO_setPadConfig)
                  000085c8    00000051                        : sysctl.obj (.text:SysCtl_getClock)
                  00008619    00000048                        : sysctl.obj (.text:SysCtl_selectOscSource)
                  00008661    0000003d                        : interrupt.obj (.text:Interrupt_initModule)
                  0000869e    00000037                        : gpio.obj (.text:GPIO_setControllerCore)
                  000086d5    00000037                        : gpio.obj (.text:GPIO_setPinConfig)
                  0000870c    00000037                        : gpio.obj (.text:GPIO_setQualificationMode)
                  00008743    00000031                        : gpio.obj (.text:GPIO_setDirectionMode)
                  00008774    00000030     rts2800_fpu32_eabi.lib : copy_decompress_lzss.c.obj (.text:decompress:lzss)
                  000087a4    0000002b                            : autoinit.c.obj (.text:__TI_auto_init_nobinit_nopinit)
                  000087cf    00000029                            : exit.c.obj (.text)
                  000087f8    00000008     F2837xD_CodeStartBranch.obj (.text)

.text.2    0    00008800    000001ba     
                  00008800    00000028     driverlib_eabi.lib : sysctl.obj (.text:CPUTimer_selectClockSource)
                  00008828    0000001f                        : sysctl.obj (.text:CPUTimer_getTimerOverflowStatus)
                  00008847    0000001e                        : interrupt.obj (.text:Interrupt_initVectorTable)
                  00008865    0000001d     rts2800_fpu32_eabi.lib : memcpy.c.obj (.text)
                  00008882    0000001a     driverlib_eabi.lib : sysctl.obj (.text:CPUTimer_startTimer)
                  0000889c    0000001a                        : sysctl.obj (.text:SysCtl_getLowSpeedClock)
                  000088b6    00000017                        : sysctl.obj (.text:CPUTimer_isBaseValid)
                  000088cd    00000017     rts2800_fpu32_eabi.lib : boot28.asm.obj (.text)
                  000088e4    00000016     driverlib_eabi.lib : interrupt.obj (.text:Interrupt_defaultHandler)
                  000088fa    00000014                        : sysctl.obj (.text:CPUTimer_stopTimer)
                  0000890e    00000012                        : sysctl.obj (.text:CPUTimer_clearOverflowFlag)
                  00008920    00000012                        : sysctl.obj (.text:CPUTimer_disableInterrupt)
                  00008932    00000011                        : sysctl.obj (.text:CPUTimer_setPeriod)
                  00008943    0000000f                        : sysctl.obj (.text:SysCtl_pollCpuTimer)
                  00008952    0000000e                        : gpio.obj (.text:GPIO_isPinValid)
                  00008960    0000000d                        : interrupt.obj (.text:Interrupt_disableGlobal)
                  0000896d    0000000c     rts2800_fpu32_eabi.lib : args_main.c.obj (.text)
                  00008979    0000000b     driverlib_eabi.lib : sysctl.obj (.text:SysCtl_isMCDClockFailureDetected)
                  00008984    0000000a                        : interrupt.obj (.text:Interrupt_nmiHandler)
                  0000898e    00000009                        : sysctl.obj (.text:SysCtl_serviceWatchdog)
                  00008997    00000009     rts2800_fpu32_eabi.lib : _lock.c.obj (.text)
                  000089a0    00000008     F2837xD_CodeStartBranch.obj (.text)
                  000089a8    00000008     rts2800_fpu32_eabi.lib : copy_decompress_none.c.obj (.text:decompress:none)
                  000089b0    00000007     driverlib_eabi.lib : sysctl.obj (.text:SysCtl_resetMCD)
                  000089b7    00000002     rts2800_fpu32_eabi.lib : pre_init.c.obj (.text)
                  000089b9    00000001                            : startup.c.obj (.text)

.text.3    0    0000b000    00000800     
                  0000b000    00000585     F2837xD_DefaultISR.obj (.text:retain)
                  0000b585    00000209     driverlib_eabi.lib : sysctl.obj (.text:SysCtl_setClock)
                  0000b78e    00000068                        : sysctl.obj (.text:SysCtl_getDeviceParametric)
                  0000b7f6    0000000a                        : interrupt.obj (.text:Interrupt_illegalOperationHandler)

MODULE SUMMARY

       Module                        code   ro data   rw data
       ------                        ----   -------   -------
    ./
       F2837xD_DefaultISR.obj        1413   0         0      
       F2837xD_PieVect.obj           0      448       0      
       lab_main.obj                  97     79        0      
       F2837xD_CodeStartBranch.obj   8      0         0      
    +--+-----------------------------+------+---------+---------+
       Total:                        1518   527       0      
                                                             
    ./device/
       device.obj                    1021   19        6      
       F2837xD_CodeStartBranch.obj   8      0         0      
    +--+-----------------------------+------+---------+---------+
       Total:                        1029   19        6      
                                                             
    /Applications/ti/c2000/C2000Ware_5_04_00_00/driverlib/f2837xd/driverlib/ccs/Debug/driverlib_eabi.lib
       sysctl.obj                    1187   194       0      
       gpio.obj                      310    188       0      
       interrupt.obj                 146    0         0      
    +--+-----------------------------+------+---------+---------+
       Total:                        1643   382       0      
                                                             
    /Applications/ti/ccs2000/ccs/tools/compiler/ti-cgt-c2000_22.6.1A23259/lib/rts2800_fpu32_eabi.lib
       fs_div28.asm.obj              136    0         0      
       copy_decompress_lzss.c.obj    48     0         0      
       exit.c.obj                    41     0         6      
       autoinit.c.obj                43     0         0      
       memcpy.c.obj                  29     0         0      
       boot28.asm.obj                23     0         0      
       _lock.c.obj                   9      0         4      
       args_main.c.obj               12     0         0      
       copy_decompress_none.c.obj    8      0         0      
       pre_init.c.obj                2      0         0      
       startup.c.obj                 1      0         0      
    +--+-----------------------------+------+---------+---------+
       Total:                        352    0         10     
                                                             
       Stack:                        0      0         256    
       Linker Generated:             0      16        0      
    +--+-----------------------------+------+---------+---------+
       Grand Total:                  4542   944       272    


LINKER GENERATED COPY TABLES

__TI_cinit_table @ 00000134 records: 1, size/record: 4, table size: 4
	.data: load addr=00000128, load size=00000008 bytes, run addr=0000aba2, run size=00000010 bytes, compression=lzss


LINKER GENERATED HANDLER TABLE

__TI_handler_table @ 00000130 records: 2, size/record: 2, table size: 4
	index: 0, handler: __TI_decompress_lzss
	index: 1, handler: __TI_decompress_none


GLOBAL DATA SYMBOLS: SORTED BY DATA PAGE

address     data page           name
--------    ----------------    ----
00000400      10 (00000400)     __stack

0000a800     2a0 (0000a800)     PieVectTableInit

0000aba2     2ae (0000ab80)     Example_Result
0000aba4     2ae (0000ab80)     Example_PassCount
0000aba6     2ae (0000ab80)     Example_Fail
0000aba8     2ae (0000ab80)     __TI_enable_exit_profile_output
0000abaa     2ae (0000ab80)     __TI_cleanup_ptr
0000abac     2ae (0000ab80)     __TI_dtors_ptr
0000abae     2ae (0000ab80)     _lock
0000abb0     2ae (0000ab80)     _unlock


GLOBAL SYMBOLS: SORTED ALPHABETICALLY BY Name 

page  address   name                                     
----  -------   ----                                     
0     0000b0be  ADCA1_ISR                                
0     0000b33e  ADCA2_ISR                                
0     0000b348  ADCA3_ISR                                
0     0000b352  ADCA4_ISR                                
0     0000b334  ADCA_EVT_ISR                             
0     0000b0c8  ADCB1_ISR                                
0     0000b366  ADCB2_ISR                                
0     0000b370  ADCB3_ISR                                
0     0000b37a  ADCB4_ISR                                
0     0000b35c  ADCB_EVT_ISR                             
0     0000b0d2  ADCC1_ISR                                
0     0000b4ce  ADCC2_ISR                                
0     0000b4d8  ADCC3_ISR                                
0     0000b4e2  ADCC4_ISR                                
0     0000b4c4  ADCC_EVT_ISR                             
0     0000b0f0  ADCD1_ISR                                
0     0000b4f6  ADCD2_ISR                                
0     0000b500  ADCD3_ISR                                
0     0000b50a  ADCD4_ISR                                
0     0000b4ec  ADCD_EVT_ISR                             
0     0000b546  AUX_PLL_SLIP_ISR                         
0     000087cf  C$$EXIT                                  
0     0000b30c  CANA0_ISR                                
0     0000b316  CANA1_ISR                                
0     0000b320  CANB0_ISR                                
0     0000b32a  CANB1_ISR                                
0     0000b384  CLA1_1_ISR                               
0     0000b38e  CLA1_2_ISR                               
0     0000b398  CLA1_3_ISR                               
0     0000b3a2  CLA1_4_ISR                               
0     0000b3ac  CLA1_5_ISR                               
0     0000b3b6  CLA1_6_ISR                               
0     0000b3c0  CLA1_7_ISR                               
0     0000b3ca  CLA1_8_ISR                               
0     0000b550  CLA_OVERFLOW_ISR                         
0     0000b55a  CLA_UNDERFLOW_ISR                        
0     0000b014  DATALOG_ISR                              
0     0000b258  DMA_CH1_ISR                              
0     0000b262  DMA_CH2_ISR                              
0     0000b26c  DMA_CH3_ISR                              
0     0000b276  DMA_CH4_ISR                              
0     0000b280  DMA_CH5_ISR                              
0     0000b28a  DMA_CH6_ISR                              
0     00008271  Device_bootCPU2                          
0     00008240  Device_configureTMXAnalogTrim            
0     000080ee  Device_enableAllPeripherals              
0     0000822a  Device_enableUnbondedGPIOPullups         
0     0000820d  Device_enableUnbondedGPIOPullupsFor100Pin
0     000081fa  Device_enableUnbondedGPIOPullupsFor176Pin
0     000080ae  Device_init                              
0     000081d9  Device_initGPIO                          
0     0000b1ae  ECAP1_ISR                                
0     0000b1b8  ECAP2_ISR                                
0     0000b1c2  ECAP3_ISR                                
0     0000b1cc  ECAP4_ISR                                
0     0000b1d6  ECAP5_ISR                                
0     0000b1e0  ECAP6_ISR                                
0     0000b514  EMIF_ERROR_ISR                           
0     0000b56e  EMPTY_ISR                                
0     0000b028  EMU_ISR                                  
0     0000b46a  EPWM10_ISR                               
0     0000b442  EPWM10_TZ_ISR                            
0     0000b474  EPWM11_ISR                               
0     0000b44c  EPWM11_TZ_ISR                            
0     0000b47e  EPWM12_ISR                               
0     0000b456  EPWM12_TZ_ISR                            
0     0000b15e  EPWM1_ISR                                
0     0000b10e  EPWM1_TZ_ISR                             
0     0000b168  EPWM2_ISR                                
0     0000b118  EPWM2_TZ_ISR                             
0     0000b172  EPWM3_ISR                                
0     0000b122  EPWM3_TZ_ISR                             
0     0000b17c  EPWM4_ISR                                
0     0000b12c  EPWM4_TZ_ISR                             
0     0000b186  EPWM5_ISR                                
0     0000b136  EPWM5_TZ_ISR                             
0     0000b190  EPWM6_ISR                                
0     0000b140  EPWM6_TZ_ISR                             
0     0000b19a  EPWM7_ISR                                
0     0000b14a  EPWM7_TZ_ISR                             
0     0000b1a4  EPWM8_ISR                                
0     0000b154  EPWM8_TZ_ISR                             
0     0000b460  EPWM9_ISR                                
0     0000b438  EPWM9_TZ_ISR                             
0     0000b1ea  EQEP1_ISR                                
0     0000b1f4  EQEP2_ISR                                
0     0000b1fe  EQEP3_ISR                                
1     0000aba6  Example_Fail                             
1     0000aba4  Example_PassCount                        
1     0000aba2  Example_Result                           
0     000083fc  Example_done                             
0     000083f7  Example_setResultFail                    
0     000083f2  Example_setResultPass                    
0     0000b528  FLASH_CORRECTABLE_ERROR_ISR              
0     0000b3fc  FPU_OVERFLOW_ISR                         
0     0000b406  FPU_UNDERFLOW_ISR                        
0     0000869e  GPIO_setControllerCore                   
0     00008743  GPIO_setDirectionMode                    
0     00008576  GPIO_setPadConfig                        
0     000086d5  GPIO_setPinConfig                        
0     0000870c  GPIO_setQualificationMode                
0     0000b29e  I2CA_FIFO_ISR                            
0     0000b294  I2CA_ISR                                 
0     0000b2b2  I2CB_FIFO_ISR                            
0     0000b2a8  I2CB_ISR                                 
0     0000b03c  ILLEGAL_ISR                              
0     0000b410  IPC0_ISR                                 
0     0000b41a  IPC1_ISR                                 
0     0000b424  IPC2_ISR                                 
0     0000b42e  IPC3_ISR                                 
0     000088e4  Interrupt_defaultHandler                 
0     0000b7f6  Interrupt_illegalOperationHandler        
0     00008661  Interrupt_initModule                     
0     00008847  Interrupt_initVectorTable                
0     00008984  Interrupt_nmiHandler                     
0     0000b230  MCBSPA_RX_ISR                            
0     0000b23a  MCBSPA_TX_ISR                            
0     0000b244  MCBSPB_RX_ISR                            
0     0000b24e  MCBSPB_TX_ISR                            
0     0000b032  NMI_ISR                                  
0     0000b57b  NOTUSED_ISR                              
0     0000b564  PIE_RESERVED_ISR                         
1     0000a800  PieVectTableInit                         
0     0000b532  RAM_ACCESS_VIOLATION_ISR                 
0     0000b51e  RAM_CORRECTABLE_ERROR_ISR                
0     0000b01e  RTOS_ISR                                 
0     0000b2e4  SCIA_RX_ISR                              
0     0000b2ee  SCIA_TX_ISR                              
0     0000b2f8  SCIB_RX_ISR                              
0     0000b302  SCIB_TX_ISR                              
0     0000b2bc  SCIC_RX_ISR                              
0     0000b2c6  SCIC_TX_ISR                              
0     0000b2d0  SCID_RX_ISR                              
0     0000b2da  SCID_TX_ISR                              
0     0000b488  SD1_ISR                                  
0     0000b492  SD2_ISR                                  
0     0000b208  SPIA_RX_ISR                              
0     0000b212  SPIA_TX_ISR                              
0     0000b21c  SPIB_RX_ISR                              
0     0000b226  SPIB_TX_ISR                              
0     0000b49c  SPIC_RX_ISR                              
0     0000b4a6  SPIC_TX_ISR                              
0     0000b53c  SYS_PLL_SLIP_ISR                         
0     00000123  SysCtl_delay                             
0     000085c8  SysCtl_getClock                          
0     0000b78e  SysCtl_getDeviceParametric               
0     0000889c  SysCtl_getLowSpeedClock                  
0     00008619  SysCtl_selectOscSource                   
0     000083fd  SysCtl_selectXTAL                        
0     0000b585  SysCtl_setClock                          
0     0000b0fa  TIMER0_ISR                               
0     0000b000  TIMER1_ISR                               
0     0000b00a  TIMER2_ISR                               
0     0000b4b0  UPPA_ISR                                 
0     0000b4ba  USBA_ISR                                 
0     0000b0a0  USER10_ISR                               
0     0000b0aa  USER11_ISR                               
0     0000b0b4  USER12_ISR                               
0     0000b046  USER1_ISR                                
0     0000b050  USER2_ISR                                
0     0000b05a  USER3_ISR                                
0     0000b064  USER4_ISR                                
0     0000b06e  USER5_ISR                                
0     0000b078  USER6_ISR                                
0     0000b082  USER7_ISR                                
0     0000b08c  USER8_ISR                                
0     0000b096  USER9_ISR                                
0     0000b3f2  VCU_ISR                                  
0     0000b104  WAKE_ISR                                 
0     0000b0dc  XINT1_ISR                                
0     0000b0e6  XINT2_ISR                                
0     0000b3d4  XINT3_ISR                                
0     0000b3de  XINT4_ISR                                
0     0000b3e8  XINT5_ISR                                
0     00000134  __TI_CINIT_Base                          
0     00000138  __TI_CINIT_Limit                         
0     00000138  __TI_CINIT_Warm                          
0     00000130  __TI_Handler_Table_Base                  
0     00000134  __TI_Handler_Table_Limit                 
1     00000500  __TI_STACK_END                           
abs   00000100  __TI_STACK_SIZE                          
0     000087a4  __TI_auto_init_nobinit_nopinit           
1     0000abaa  __TI_cleanup_ptr                         
0     00008774  __TI_decompress_lzss                     
0     000089a8  __TI_decompress_none                     
1     0000abac  __TI_dtors_ptr                           
1     0000aba8  __TI_enable_exit_profile_output          
abs   ffffffff  __TI_pprof_out_hndl                      
abs   ffffffff  __TI_prof_data_size                      
abs   ffffffff  __TI_prof_data_start                     
0     0000848d  __c28xabi_divf                           
n/a   UNDEFED   __c_args__                               
0     000083eb  __error__                                
1     00000400  __stack                                  
0     0000896d  _args_main                               
0     000088cd  _c_int00                                 
1     0000abae  _lock                                    
0     0000899f  _nop                                     
0     0000899b  _register_lock                           
0     00008997  _register_unlock                         
0     000089b9  _system_post_cinit                       
0     000089b7  _system_pre_init                         
1     0000abb0  _unlock                                  
0     000087cf  abort                                    
0     00000000  code_start                               
0     000087d1  exit                                     
0     0000854a  main                                     
0     00008865  memcpy                                   


GLOBAL SYMBOLS: SORTED BY Symbol Address 

page  address   name                                     
----  -------   ----                                     
0     00000000  code_start                               
0     00000123  SysCtl_delay                             
0     00000130  __TI_Handler_Table_Base                  
0     00000134  __TI_CINIT_Base                          
0     00000134  __TI_Handler_Table_Limit                 
0     00000138  __TI_CINIT_Limit                         
0     00000138  __TI_CINIT_Warm                          
0     000080ae  Device_init                              
0     000080ee  Device_enableAllPeripherals              
0     000081d9  Device_initGPIO                          
0     000081fa  Device_enableUnbondedGPIOPullupsFor176Pin
0     0000820d  Device_enableUnbondedGPIOPullupsFor100Pin
0     0000822a  Device_enableUnbondedGPIOPullups         
0     00008240  Device_configureTMXAnalogTrim            
0     00008271  Device_bootCPU2                          
0     000083eb  __error__                                
0     000083f2  Example_setResultPass                    
0     000083f7  Example_setResultFail                    
0     000083fc  Example_done                             
0     000083fd  SysCtl_selectXTAL                        
0     0000848d  __c28xabi_divf                           
0     0000854a  main                                     
0     00008576  GPIO_setPadConfig                        
0     000085c8  SysCtl_getClock                          
0     00008619  SysCtl_selectOscSource                   
0     00008661  Interrupt_initModule                     
0     0000869e  GPIO_setControllerCore                   
0     000086d5  GPIO_setPinConfig                        
0     0000870c  GPIO_setQualificationMode                
0     00008743  GPIO_setDirectionMode                    
0     00008774  __TI_decompress_lzss                     
0     000087a4  __TI_auto_init_nobinit_nopinit           
0     000087cf  C$$EXIT                                  
0     000087cf  abort                                    
0     000087d1  exit                                     
0     00008847  Interrupt_initVectorTable                
0     00008865  memcpy                                   
0     0000889c  SysCtl_getLowSpeedClock                  
0     000088cd  _c_int00                                 
0     000088e4  Interrupt_defaultHandler                 
0     0000896d  _args_main                               
0     00008984  Interrupt_nmiHandler                     
0     00008997  _register_unlock                         
0     0000899b  _register_lock                           
0     0000899f  _nop                                     
0     000089a8  __TI_decompress_none                     
0     000089b7  _system_pre_init                         
0     000089b9  _system_post_cinit                       
0     0000b000  TIMER1_ISR                               
0     0000b00a  TIMER2_ISR                               
0     0000b014  DATALOG_ISR                              
0     0000b01e  RTOS_ISR                                 
0     0000b028  EMU_ISR                                  
0     0000b032  NMI_ISR                                  
0     0000b03c  ILLEGAL_ISR                              
0     0000b046  USER1_ISR                                
0     0000b050  USER2_ISR                                
0     0000b05a  USER3_ISR                                
0     0000b064  USER4_ISR                                
0     0000b06e  USER5_ISR                                
0     0000b078  USER6_ISR                                
0     0000b082  USER7_ISR                                
0     0000b08c  USER8_ISR                                
0     0000b096  USER9_ISR                                
0     0000b0a0  USER10_ISR                               
0     0000b0aa  USER11_ISR                               
0     0000b0b4  USER12_ISR                               
0     0000b0be  ADCA1_ISR                                
0     0000b0c8  ADCB1_ISR                                
0     0000b0d2  ADCC1_ISR                                
0     0000b0dc  XINT1_ISR                                
0     0000b0e6  XINT2_ISR                                
0     0000b0f0  ADCD1_ISR                                
0     0000b0fa  TIMER0_ISR                               
0     0000b104  WAKE_ISR                                 
0     0000b10e  EPWM1_TZ_ISR                             
0     0000b118  EPWM2_TZ_ISR                             
0     0000b122  EPWM3_TZ_ISR                             
0     0000b12c  EPWM4_TZ_ISR                             
0     0000b136  EPWM5_TZ_ISR                             
0     0000b140  EPWM6_TZ_ISR                             
0     0000b14a  EPWM7_TZ_ISR                             
0     0000b154  EPWM8_TZ_ISR                             
0     0000b15e  EPWM1_ISR                                
0     0000b168  EPWM2_ISR                                
0     0000b172  EPWM3_ISR                                
0     0000b17c  EPWM4_ISR                                
0     0000b186  EPWM5_ISR                                
0     0000b190  EPWM6_ISR                                
0     0000b19a  EPWM7_ISR                                
0     0000b1a4  EPWM8_ISR                                
0     0000b1ae  ECAP1_ISR                                
0     0000b1b8  ECAP2_ISR                                
0     0000b1c2  ECAP3_ISR                                
0     0000b1cc  ECAP4_ISR                                
0     0000b1d6  ECAP5_ISR                                
0     0000b1e0  ECAP6_ISR                                
0     0000b1ea  EQEP1_ISR                                
0     0000b1f4  EQEP2_ISR                                
0     0000b1fe  EQEP3_ISR                                
0     0000b208  SPIA_RX_ISR                              
0     0000b212  SPIA_TX_ISR                              
0     0000b21c  SPIB_RX_ISR                              
0     0000b226  SPIB_TX_ISR                              
0     0000b230  MCBSPA_RX_ISR                            
0     0000b23a  MCBSPA_TX_ISR                            
0     0000b244  MCBSPB_RX_ISR                            
0     0000b24e  MCBSPB_TX_ISR                            
0     0000b258  DMA_CH1_ISR                              
0     0000b262  DMA_CH2_ISR                              
0     0000b26c  DMA_CH3_ISR                              
0     0000b276  DMA_CH4_ISR                              
0     0000b280  DMA_CH5_ISR                              
0     0000b28a  DMA_CH6_ISR                              
0     0000b294  I2CA_ISR                                 
0     0000b29e  I2CA_FIFO_ISR                            
0     0000b2a8  I2CB_ISR                                 
0     0000b2b2  I2CB_FIFO_ISR                            
0     0000b2bc  SCIC_RX_ISR                              
0     0000b2c6  SCIC_TX_ISR                              
0     0000b2d0  SCID_RX_ISR                              
0     0000b2da  SCID_TX_ISR                              
0     0000b2e4  SCIA_RX_ISR                              
0     0000b2ee  SCIA_TX_ISR                              
0     0000b2f8  SCIB_RX_ISR                              
0     0000b302  SCIB_TX_ISR                              
0     0000b30c  CANA0_ISR                                
0     0000b316  CANA1_ISR                                
0     0000b320  CANB0_ISR                                
0     0000b32a  CANB1_ISR                                
0     0000b334  ADCA_EVT_ISR                             
0     0000b33e  ADCA2_ISR                                
0     0000b348  ADCA3_ISR                                
0     0000b352  ADCA4_ISR                                
0     0000b35c  ADCB_EVT_ISR                             
0     0000b366  ADCB2_ISR                                
0     0000b370  ADCB3_ISR                                
0     0000b37a  ADCB4_ISR                                
0     0000b384  CLA1_1_ISR                               
0     0000b38e  CLA1_2_ISR                               
0     0000b398  CLA1_3_ISR                               
0     0000b3a2  CLA1_4_ISR                               
0     0000b3ac  CLA1_5_ISR                               
0     0000b3b6  CLA1_6_ISR                               
0     0000b3c0  CLA1_7_ISR                               
0     0000b3ca  CLA1_8_ISR                               
0     0000b3d4  XINT3_ISR                                
0     0000b3de  XINT4_ISR                                
0     0000b3e8  XINT5_ISR                                
0     0000b3f2  VCU_ISR                                  
0     0000b3fc  FPU_OVERFLOW_ISR                         
0     0000b406  FPU_UNDERFLOW_ISR                        
0     0000b410  IPC0_ISR                                 
0     0000b41a  IPC1_ISR                                 
0     0000b424  IPC2_ISR                                 
0     0000b42e  IPC3_ISR                                 
0     0000b438  EPWM9_TZ_ISR                             
0     0000b442  EPWM10_TZ_ISR                            
0     0000b44c  EPWM11_TZ_ISR                            
0     0000b456  EPWM12_TZ_ISR                            
0     0000b460  EPWM9_ISR                                
0     0000b46a  EPWM10_ISR                               
0     0000b474  EPWM11_ISR                               
0     0000b47e  EPWM12_ISR                               
0     0000b488  SD1_ISR                                  
0     0000b492  SD2_ISR                                  
0     0000b49c  SPIC_RX_ISR                              
0     0000b4a6  SPIC_TX_ISR                              
0     0000b4b0  UPPA_ISR                                 
0     0000b4ba  USBA_ISR                                 
0     0000b4c4  ADCC_EVT_ISR                             
0     0000b4ce  ADCC2_ISR                                
0     0000b4d8  ADCC3_ISR                                
0     0000b4e2  ADCC4_ISR                                
0     0000b4ec  ADCD_EVT_ISR                             
0     0000b4f6  ADCD2_ISR                                
0     0000b500  ADCD3_ISR                                
0     0000b50a  ADCD4_ISR                                
0     0000b514  EMIF_ERROR_ISR                           
0     0000b51e  RAM_CORRECTABLE_ERROR_ISR                
0     0000b528  FLASH_CORRECTABLE_ERROR_ISR              
0     0000b532  RAM_ACCESS_VIOLATION_ISR                 
0     0000b53c  SYS_PLL_SLIP_ISR                         
0     0000b546  AUX_PLL_SLIP_ISR                         
0     0000b550  CLA_OVERFLOW_ISR                         
0     0000b55a  CLA_UNDERFLOW_ISR                        
0     0000b564  PIE_RESERVED_ISR                         
0     0000b56e  EMPTY_ISR                                
0     0000b57b  NOTUSED_ISR                              
0     0000b585  SysCtl_setClock                          
0     0000b78e  SysCtl_getDeviceParametric               
0     0000b7f6  Interrupt_illegalOperationHandler        
1     00000400  __stack                                  
1     00000500  __TI_STACK_END                           
1     0000a800  PieVectTableInit                         
1     0000aba2  Example_Result                           
1     0000aba4  Example_PassCount                        
1     0000aba6  Example_Fail                             
1     0000aba8  __TI_enable_exit_profile_output          
1     0000abaa  __TI_cleanup_ptr                         
1     0000abac  __TI_dtors_ptr                           
1     0000abae  _lock                                    
1     0000abb0  _unlock                                  
abs   00000100  __TI_STACK_SIZE                          
abs   ffffffff  __TI_pprof_out_hndl                      
abs   ffffffff  __TI_prof_data_size                      
abs   ffffffff  __TI_prof_data_start                     
n/a   UNDEFED   __c_args__                               

[208 symbols]
