<?xml version="1.0" encoding="ISO-8859-1" ?>
<link_info>
   <banner>TMS320C2000 Linker Unix v22.6.1A23259</banner>
   <copyright>Copyright (c) 1996-2018 Texas Instruments Incorporated</copyright>
   <link_time>0x6762dc76</link_time>
   <link_errors>0x2</link_errors>
   <output_file>driverlib_lp_f2837xd.out</output_file>
   <entry_point>
      <name>code_start</name>
      <address>0x0</address>
   </entry_point>
   <input_file_list>
      <input_file id="fl-2">
         <path>./</path>
         <kind>object</kind>
         <file>F2837xD_CodeStartBranch.obj</file>
         <name>F2837xD_CodeStartBranch.obj</name>
      </input_file>
      <input_file id="fl-3">
         <path>./</path>
         <kind>object</kind>
         <file>F2837xD_DefaultISR.obj</file>
         <name>F2837xD_DefaultISR.obj</name>
      </input_file>
      <input_file id="fl-4">
         <path>./</path>
         <kind>object</kind>
         <file>F2837xD_Gpio.obj</file>
         <name>F2837xD_Gpio.obj</name>
      </input_file>
      <input_file id="fl-5">
         <path>./</path>
         <kind>object</kind>
         <file>F2837xD_PieCtrl.obj</file>
         <name>F2837xD_PieCtrl.obj</name>
      </input_file>
      <input_file id="fl-6">
         <path>./</path>
         <kind>object</kind>
         <file>F2837xD_PieVect.obj</file>
         <name>F2837xD_PieVect.obj</name>
      </input_file>
      <input_file id="fl-7">
         <path>./</path>
         <kind>object</kind>
         <file>F2837xD_SysCtrl.obj</file>
         <name>F2837xD_SysCtrl.obj</name>
      </input_file>
      <input_file id="fl-8">
         <path>./</path>
         <kind>object</kind>
         <file>F2837xD_usDelay.obj</file>
         <name>F2837xD_usDelay.obj</name>
      </input_file>
      <input_file id="fl-9">
         <path>./</path>
         <kind>object</kind>
         <file>lab_main.obj</file>
         <name>lab_main.obj</name>
      </input_file>
      <input_file id="fl-a">
         <path>./device/</path>
         <kind>object</kind>
         <file>F2837xD_CodeStartBranch.obj</file>
         <name>F2837xD_CodeStartBranch.obj</name>
      </input_file>
      <input_file id="fl-b">
         <path>./device/</path>
         <kind>object</kind>
         <file>device.obj</file>
         <name>device.obj</name>
      </input_file>
      <input_file id="fl-11">
         <kind>object</kind>
         <file>&lt;internal&gt;</file>
         <name>&lt;internal&gt;</name>
      </input_file>
      <input_file id="fl-15">
         <path>/Applications/ti/c2000/C2000Ware_5_04_00_00/driverlib/f2837xd/driverlib/ccs/Debug/</path>
         <kind>archive</kind>
         <file>driverlib_eabi.lib</file>
         <name>gpio.obj</name>
      </input_file>
      <input_file id="fl-16">
         <path>/Applications/ti/c2000/C2000Ware_5_04_00_00/driverlib/f2837xd/driverlib/ccs/Debug/</path>
         <kind>archive</kind>
         <file>driverlib_eabi.lib</file>
         <name>interrupt.obj</name>
      </input_file>
      <input_file id="fl-17">
         <path>/Applications/ti/c2000/C2000Ware_5_04_00_00/driverlib/f2837xd/driverlib/ccs/Debug/</path>
         <kind>archive</kind>
         <file>driverlib_eabi.lib</file>
         <name>sysctl.obj</name>
      </input_file>
      <input_file id="fl-23">
         <path>/Applications/ti/ccs2000/ccs/tools/compiler/ti-cgt-c2000_22.6.1A23259/lib/</path>
         <kind>archive</kind>
         <file>rts2800_fpu32_eabi.lib</file>
         <name>boot28.asm.obj</name>
      </input_file>
      <input_file id="fl-24">
         <path>/Applications/ti/ccs2000/ccs/tools/compiler/ti-cgt-c2000_22.6.1A23259/lib/</path>
         <kind>archive</kind>
         <file>rts2800_fpu32_eabi.lib</file>
         <name>fd_cmp28.asm.obj</name>
      </input_file>
      <input_file id="fl-25">
         <path>/Applications/ti/ccs2000/ccs/tools/compiler/ti-cgt-c2000_22.6.1A23259/lib/</path>
         <kind>archive</kind>
         <file>rts2800_fpu32_eabi.lib</file>
         <name>fs_div28.asm.obj</name>
      </input_file>
      <input_file id="fl-26">
         <path>/Applications/ti/ccs2000/ccs/tools/compiler/ti-cgt-c2000_22.6.1A23259/lib/</path>
         <kind>archive</kind>
         <file>rts2800_fpu32_eabi.lib</file>
         <name>fs_tofdfpu32.asm.obj</name>
      </input_file>
      <input_file id="fl-27">
         <path>/Applications/ti/ccs2000/ccs/tools/compiler/ti-cgt-c2000_22.6.1A23259/lib/</path>
         <kind>archive</kind>
         <file>rts2800_fpu32_eabi.lib</file>
         <name>pre_init.c.obj</name>
      </input_file>
      <input_file id="fl-28">
         <path>/Applications/ti/ccs2000/ccs/tools/compiler/ti-cgt-c2000_22.6.1A23259/lib/</path>
         <kind>archive</kind>
         <file>rts2800_fpu32_eabi.lib</file>
         <name>autoinit.c.obj</name>
      </input_file>
      <input_file id="fl-29">
         <path>/Applications/ti/ccs2000/ccs/tools/compiler/ti-cgt-c2000_22.6.1A23259/lib/</path>
         <kind>archive</kind>
         <file>rts2800_fpu32_eabi.lib</file>
         <name>copy_zero_init.c.obj</name>
      </input_file>
      <input_file id="fl-2a">
         <path>/Applications/ti/ccs2000/ccs/tools/compiler/ti-cgt-c2000_22.6.1A23259/lib/</path>
         <kind>archive</kind>
         <file>rts2800_fpu32_eabi.lib</file>
         <name>copy_decompress_none.c.obj</name>
      </input_file>
      <input_file id="fl-2b">
         <path>/Applications/ti/ccs2000/ccs/tools/compiler/ti-cgt-c2000_22.6.1A23259/lib/</path>
         <kind>archive</kind>
         <file>rts2800_fpu32_eabi.lib</file>
         <name>copy_decompress_lzss.c.obj</name>
      </input_file>
      <input_file id="fl-2c">
         <path>/Applications/ti/ccs2000/ccs/tools/compiler/ti-cgt-c2000_22.6.1A23259/lib/</path>
         <kind>archive</kind>
         <file>rts2800_fpu32_eabi.lib</file>
         <name>exit.c.obj</name>
      </input_file>
      <input_file id="fl-2d">
         <path>/Applications/ti/ccs2000/ccs/tools/compiler/ti-cgt-c2000_22.6.1A23259/lib/</path>
         <kind>archive</kind>
         <file>rts2800_fpu32_eabi.lib</file>
         <name>_lock.c.obj</name>
      </input_file>
      <input_file id="fl-2e">
         <path>/Applications/ti/ccs2000/ccs/tools/compiler/ti-cgt-c2000_22.6.1A23259/lib/</path>
         <kind>archive</kind>
         <file>rts2800_fpu32_eabi.lib</file>
         <name>args_main.c.obj</name>
      </input_file>
      <input_file id="fl-2f">
         <path>/Applications/ti/ccs2000/ccs/tools/compiler/ti-cgt-c2000_22.6.1A23259/lib/</path>
         <kind>archive</kind>
         <file>rts2800_fpu32_eabi.lib</file>
         <name>memset.c.obj</name>
      </input_file>
      <input_file id="fl-30">
         <path>/Applications/ti/ccs2000/ccs/tools/compiler/ti-cgt-c2000_22.6.1A23259/lib/</path>
         <kind>archive</kind>
         <file>rts2800_fpu32_eabi.lib</file>
         <name>cpy_tbl.c.obj</name>
      </input_file>
      <input_file id="fl-31">
         <path>/Applications/ti/ccs2000/ccs/tools/compiler/ti-cgt-c2000_22.6.1A23259/lib/</path>
         <kind>archive</kind>
         <file>rts2800_fpu32_eabi.lib</file>
         <name>memcpy.c.obj</name>
      </input_file>
      <input_file id="fl-32">
         <path>/Applications/ti/ccs2000/ccs/tools/compiler/ti-cgt-c2000_22.6.1A23259/lib/</path>
         <kind>archive</kind>
         <file>rts2800_fpu32_eabi.lib</file>
         <name>startup.c.obj</name>
      </input_file>
   </input_file_list>
   <object_component_list>
      <object_component id="oc-a0">
         <name>codestart</name>
         <load_address>0x0</load_address>
         <run_address>0x0</run_address>
         <size>0x2</size>
         <input_file_ref idref="fl-2"/>
      </object_component>
      <object_component id="oc-ae">
         <name>codestart</name>
         <load_address>0x2</load_address>
         <run_address>0x2</run_address>
         <size>0x2</size>
         <input_file_ref idref="fl-a"/>
      </object_component>
      <object_component id="oc-193">
         <name>.text</name>
         <load_address>0x8000</load_address>
         <run_address>0x8000</run_address>
         <size>0x3fd</size>
         <input_file_ref idref="fl-b"/>
      </object_component>
      <object_component id="oc-247">
         <name>.text:SysCtl_selectXTAL</name>
         <load_address>0x83fd</load_address>
         <run_address>0x83fd</run_address>
         <size>0x90</size>
         <input_file_ref idref="fl-17"/>
      </object_component>
      <object_component id="oc-22c">
         <name>.text</name>
         <load_address>0x848d</load_address>
         <run_address>0x848d</run_address>
         <size>0x88</size>
         <input_file_ref idref="fl-25"/>
      </object_component>
      <object_component id="oc-16a">
         <name>.text</name>
         <load_address>0x8515</load_address>
         <run_address>0x8515</run_address>
         <size>0x61</size>
         <input_file_ref idref="fl-9"/>
      </object_component>
      <object_component id="oc-199">
         <name>.text:GPIO_setPadConfig</name>
         <load_address>0x8576</load_address>
         <run_address>0x8576</run_address>
         <size>0x52</size>
         <input_file_ref idref="fl-15"/>
      </object_component>
      <object_component id="oc-1d2">
         <name>.text:SysCtl_getClock</name>
         <load_address>0x85c8</load_address>
         <run_address>0x85c8</run_address>
         <size>0x51</size>
         <input_file_ref idref="fl-17"/>
      </object_component>
      <object_component id="oc-220">
         <name>.text:SysCtl_selectOscSource</name>
         <load_address>0x8619</load_address>
         <run_address>0x8619</run_address>
         <size>0x48</size>
         <input_file_ref idref="fl-17"/>
      </object_component>
      <object_component id="oc-1a5">
         <name>.text:Interrupt_initModule</name>
         <load_address>0x8661</load_address>
         <run_address>0x8661</run_address>
         <size>0x3d</size>
         <input_file_ref idref="fl-16"/>
      </object_component>
      <object_component id="oc-1eb">
         <name>.text:GPIO_setControllerCore</name>
         <load_address>0x869e</load_address>
         <run_address>0x869e</run_address>
         <size>0x37</size>
         <input_file_ref idref="fl-15"/>
      </object_component>
      <object_component id="oc-1e5">
         <name>.text:GPIO_setPinConfig</name>
         <load_address>0x86d5</load_address>
         <run_address>0x86d5</run_address>
         <size>0x37</size>
         <input_file_ref idref="fl-15"/>
      </object_component>
      <object_component id="oc-1df">
         <name>.text:GPIO_setQualificationMode</name>
         <load_address>0x870c</load_address>
         <run_address>0x870c</run_address>
         <size>0x37</size>
         <input_file_ref idref="fl-15"/>
      </object_component>
      <object_component id="oc-19f">
         <name>.text:GPIO_setDirectionMode</name>
         <load_address>0x8743</load_address>
         <run_address>0x8743</run_address>
         <size>0x31</size>
         <input_file_ref idref="fl-15"/>
      </object_component>
      <object_component id="oc-93">
         <name>.text:decompress:lzss</name>
         <load_address>0x8774</load_address>
         <run_address>0x8774</run_address>
         <size>0x30</size>
         <input_file_ref idref="fl-2b"/>
      </object_component>
      <object_component id="oc-13a">
         <name>.text:__TI_auto_init_nobinit_nopinit</name>
         <load_address>0x87a4</load_address>
         <run_address>0x87a4</run_address>
         <size>0x2b</size>
         <input_file_ref idref="fl-28"/>
      </object_component>
      <object_component id="oc-12e">
         <name>.text</name>
         <load_address>0x87cf</load_address>
         <run_address>0x87cf</run_address>
         <size>0x29</size>
         <input_file_ref idref="fl-2c"/>
      </object_component>
      <object_component id="oc-e2">
         <name>.text</name>
         <load_address>0x87f8</load_address>
         <run_address>0x87f8</run_address>
         <size>0x8</size>
         <input_file_ref idref="fl-2"/>
      </object_component>
      <object_component id="oc-262">
         <name>.text:CPUTimer_selectClockSource</name>
         <load_address>0x8800</load_address>
         <run_address>0x8800</run_address>
         <size>0x28</size>
         <input_file_ref idref="fl-17"/>
      </object_component>
      <object_component id="oc-28d">
         <name>.text:CPUTimer_getTimerOverflowStatus</name>
         <load_address>0x8828</load_address>
         <run_address>0x8828</run_address>
         <size>0x1f</size>
         <input_file_ref idref="fl-17"/>
      </object_component>
      <object_component id="oc-b4">
         <name>.text:Interrupt_initVectorTable</name>
         <load_address>0x8847</load_address>
         <run_address>0x8847</run_address>
         <size>0x1e</size>
         <input_file_ref idref="fl-16"/>
      </object_component>
      <object_component id="oc-ce">
         <name>.text</name>
         <load_address>0x8865</load_address>
         <run_address>0x8865</run_address>
         <size>0x1d</size>
         <input_file_ref idref="fl-31"/>
      </object_component>
      <object_component id="oc-26e">
         <name>.text:CPUTimer_startTimer</name>
         <load_address>0x8882</load_address>
         <run_address>0x8882</run_address>
         <size>0x1a</size>
         <input_file_ref idref="fl-17"/>
      </object_component>
      <object_component id="oc-1d9">
         <name>.text:SysCtl_getLowSpeedClock</name>
         <load_address>0x889c</load_address>
         <run_address>0x889c</run_address>
         <size>0x1a</size>
         <input_file_ref idref="fl-17"/>
      </object_component>
      <object_component id="oc-281">
         <name>.text:CPUTimer_isBaseValid</name>
         <load_address>0x88b6</load_address>
         <run_address>0x88b6</run_address>
         <size>0x17</size>
         <input_file_ref idref="fl-17"/>
      </object_component>
      <object_component id="oc-109">
         <name>.text</name>
         <load_address>0x88cd</load_address>
         <run_address>0x88cd</run_address>
         <size>0x17</size>
         <input_file_ref idref="fl-23"/>
      </object_component>
      <object_component id="oc-b3">
         <name>.text:Interrupt_defaultHandler</name>
         <load_address>0x88e4</load_address>
         <run_address>0x88e4</run_address>
         <size>0x16</size>
         <input_file_ref idref="fl-16"/>
      </object_component>
      <object_component id="oc-256">
         <name>.text:CPUTimer_stopTimer</name>
         <load_address>0x88fa</load_address>
         <run_address>0x88fa</run_address>
         <size>0x14</size>
         <input_file_ref idref="fl-17"/>
      </object_component>
      <object_component id="oc-268">
         <name>.text:CPUTimer_clearOverflowFlag</name>
         <load_address>0x890e</load_address>
         <run_address>0x890e</run_address>
         <size>0x12</size>
         <input_file_ref idref="fl-17"/>
      </object_component>
      <object_component id="oc-250">
         <name>.text:CPUTimer_disableInterrupt</name>
         <load_address>0x8920</load_address>
         <run_address>0x8920</run_address>
         <size>0x12</size>
         <input_file_ref idref="fl-17"/>
      </object_component>
      <object_component id="oc-25c">
         <name>.text:CPUTimer_setPeriod</name>
         <load_address>0x8932</load_address>
         <run_address>0x8932</run_address>
         <size>0x11</size>
         <input_file_ref idref="fl-17"/>
      </object_component>
      <object_component id="oc-274">
         <name>.text:SysCtl_pollCpuTimer</name>
         <load_address>0x8943</load_address>
         <run_address>0x8943</run_address>
         <size>0xf</size>
         <input_file_ref idref="fl-17"/>
      </object_component>
      <object_component id="oc-1f6">
         <name>.text:GPIO_isPinValid</name>
         <load_address>0x8952</load_address>
         <run_address>0x8952</run_address>
         <size>0xe</size>
         <input_file_ref idref="fl-15"/>
      </object_component>
      <object_component id="oc-200">
         <name>.text:Interrupt_disableGlobal</name>
         <load_address>0x8960</load_address>
         <run_address>0x8960</run_address>
         <size>0xd</size>
         <input_file_ref idref="fl-16"/>
      </object_component>
      <object_component id="oc-128">
         <name>.text</name>
         <load_address>0x896d</load_address>
         <run_address>0x896d</run_address>
         <size>0xc</size>
         <input_file_ref idref="fl-2e"/>
      </object_component>
      <object_component id="oc-21a">
         <name>.text:SysCtl_isMCDClockFailureDetected</name>
         <load_address>0x8979</load_address>
         <run_address>0x8979</run_address>
         <size>0xb</size>
         <input_file_ref idref="fl-17"/>
      </object_component>
      <object_component id="oc-c5">
         <name>.text:Interrupt_nmiHandler</name>
         <load_address>0x8984</load_address>
         <run_address>0x8984</run_address>
         <size>0xa</size>
         <input_file_ref idref="fl-16"/>
      </object_component>
      <object_component id="oc-226">
         <name>.text:SysCtl_serviceWatchdog</name>
         <load_address>0x898e</load_address>
         <run_address>0x898e</run_address>
         <size>0x9</size>
         <input_file_ref idref="fl-17"/>
      </object_component>
      <object_component id="oc-1b3">
         <name>.text</name>
         <load_address>0x8997</load_address>
         <run_address>0x8997</run_address>
         <size>0x9</size>
         <input_file_ref idref="fl-2d"/>
      </object_component>
      <object_component id="oc-ed">
         <name>.text</name>
         <load_address>0x89a0</load_address>
         <run_address>0x89a0</run_address>
         <size>0x8</size>
         <input_file_ref idref="fl-a"/>
      </object_component>
      <object_component id="oc-99">
         <name>.text:decompress:none</name>
         <load_address>0x89a8</load_address>
         <run_address>0x89a8</run_address>
         <size>0x8</size>
         <input_file_ref idref="fl-2a"/>
      </object_component>
      <object_component id="oc-27a">
         <name>.text:SysCtl_resetMCD</name>
         <load_address>0x89b0</load_address>
         <run_address>0x89b0</run_address>
         <size>0x7</size>
         <input_file_ref idref="fl-17"/>
      </object_component>
      <object_component id="oc-121">
         <name>.text</name>
         <load_address>0x89b7</load_address>
         <run_address>0x89b7</run_address>
         <size>0x2</size>
         <input_file_ref idref="fl-27"/>
      </object_component>
      <object_component id="oc-17d">
         <name>.text</name>
         <load_address>0x89b9</load_address>
         <run_address>0x89b9</run_address>
         <size>0x1</size>
         <input_file_ref idref="fl-32"/>
      </object_component>
      <object_component id="oc-a5">
         <name>.text:retain</name>
         <load_address>0xb000</load_address>
         <run_address>0xb000</run_address>
         <size>0x585</size>
         <input_file_ref idref="fl-3"/>
      </object_component>
      <object_component id="oc-1cc">
         <name>.text:SysCtl_setClock</name>
         <load_address>0xb585</load_address>
         <run_address>0xb585</run_address>
         <size>0x209</size>
         <input_file_ref idref="fl-17"/>
      </object_component>
      <object_component id="oc-1c6">
         <name>.text:SysCtl_getDeviceParametric</name>
         <load_address>0xb78e</load_address>
         <run_address>0xb78e</run_address>
         <size>0x68</size>
         <input_file_ref idref="fl-17"/>
      </object_component>
      <object_component id="oc-bf">
         <name>.text:Interrupt_illegalOperationHandler</name>
         <load_address>0xb7f6</load_address>
         <run_address>0xb7f6</run_address>
         <size>0xa</size>
         <input_file_ref idref="fl-16"/>
      </object_component>
      <object_component id="oc-33b">
         <name>.cinit..data.load</name>
         <load_address>0x128</load_address>
         <run_address>0x128</run_address>
         <size>0x8</size>
      </object_component>
      <object_component id="oc-339">
         <name>__TI_handler_table</name>
         <load_address>0x130</load_address>
         <run_address>0x130</run_address>
         <size>0x4</size>
      </object_component>
      <object_component id="oc-33a">
         <name>__TI_cinit_table</name>
         <load_address>0x134</load_address>
         <run_address>0x134</run_address>
         <size>0x4</size>
      </object_component>
      <object_component id="oc-cb">
         <name>.stack</name>
         <uninitialized>true</uninitialized>
         <run_address>0x400</run_address>
         <size>0x0</size>
         <input_file_ref idref="fl-23"/>
      </object_component>
      <object_component id="oc-33c">
         <name>.stack</name>
         <uninitialized>true</uninitialized>
         <run_address>0x400</run_address>
         <size>0x0</size>
      </object_component>
      <object_component id="oc-ab">
         <name>.const</name>
         <load_address>0xa800</load_address>
         <run_address>0xa800</run_address>
         <size>0x1c0</size>
         <input_file_ref idref="fl-6"/>
      </object_component>
      <object_component id="oc-219">
         <name>.const:.string</name>
         <load_address>0xa9c0</load_address>
         <run_address>0xa9c0</run_address>
         <size>0xc2</size>
         <input_file_ref idref="fl-17"/>
      </object_component>
      <object_component id="oc-1fc">
         <name>.const:.string</name>
         <load_address>0xaa82</load_address>
         <run_address>0xaa82</run_address>
         <size>0xbc</size>
         <input_file_ref idref="fl-15"/>
      </object_component>
      <object_component id="oc-192">
         <name>.const:.string</name>
         <load_address>0xab3e</load_address>
         <run_address>0xab3e</run_address>
         <size>0x4f</size>
         <input_file_ref idref="fl-9"/>
      </object_component>
      <object_component id="oc-1d8">
         <name>.const:.string</name>
         <load_address>0xab8e</load_address>
         <run_address>0xab8e</run_address>
         <size>0x13</size>
         <input_file_ref idref="fl-b"/>
      </object_component>
      <object_component id="oc-1f1">
         <name>.data</name>
         <load_address>0xaba2</load_address>
         <run_address>0xaba2</run_address>
         <size>0x6</size>
         <input_file_ref idref="fl-b"/>
      </object_component>
      <object_component id="oc-172">
         <name>.data</name>
         <load_address>0xaba8</load_address>
         <run_address>0xaba8</run_address>
         <size>0x6</size>
         <input_file_ref idref="fl-2c"/>
      </object_component>
      <object_component id="oc-175">
         <name>.data:_lock</name>
         <load_address>0xabae</load_address>
         <run_address>0xabae</run_address>
         <size>0x2</size>
         <input_file_ref idref="fl-2d"/>
      </object_component>
      <object_component id="oc-20a">
         <name>.data:_unlock</name>
         <load_address>0xabb0</load_address>
         <run_address>0xabb0</run_address>
         <size>0x2</size>
         <input_file_ref idref="fl-2d"/>
      </object_component>
      <object_component id="oc-1ab">
         <name>.TI.ramfunc</name>
         <load_address>0x123</load_address>
         <run_address>0x123</run_address>
         <size>0x4</size>
         <input_file_ref idref="fl-17"/>
      </object_component>
      <object_component id="oc-a1">
         <name>.debug_info</name>
         <load_address>0x0</load_address>
         <run_address>0x0</run_address>
         <size>0x1b6</size>
         <input_file_ref idref="fl-2"/>
      </object_component>
      <object_component id="oc-e3">
         <name>.debug_info</name>
         <load_address>0x1b6</load_address>
         <run_address>0x1b6</run_address>
         <size>0x1b7</size>
         <input_file_ref idref="fl-2"/>
      </object_component>
      <object_component id="oc-a6">
         <name>.debug_info</name>
         <load_address>0x36d</load_address>
         <run_address>0x36d</run_address>
         <size>0x4f7d</size>
         <input_file_ref idref="fl-3"/>
      </object_component>
      <object_component id="oc-ac">
         <name>.debug_info</name>
         <load_address>0x52ea</load_address>
         <run_address>0x52ea</run_address>
         <size>0x167</size>
         <input_file_ref idref="fl-6"/>
      </object_component>
      <object_component id="oc-16b">
         <name>.debug_info</name>
         <load_address>0x5451</load_address>
         <run_address>0x5451</run_address>
         <size>0x3a4</size>
         <input_file_ref idref="fl-9"/>
      </object_component>
      <object_component id="oc-af">
         <name>.debug_info</name>
         <load_address>0x57f5</load_address>
         <run_address>0x57f5</run_address>
         <size>0x128</size>
         <input_file_ref idref="fl-a"/>
      </object_component>
      <object_component id="oc-ee">
         <name>.debug_info</name>
         <load_address>0x591d</load_address>
         <run_address>0x591d</run_address>
         <size>0x129</size>
         <input_file_ref idref="fl-a"/>
      </object_component>
      <object_component id="oc-1f2">
         <name>.debug_info</name>
         <load_address>0x5a46</load_address>
         <run_address>0x5a46</run_address>
         <size>0x175</size>
         <input_file_ref idref="fl-b"/>
      </object_component>
      <object_component id="oc-194">
         <name>.debug_info</name>
         <load_address>0x5bbb</load_address>
         <run_address>0x5bbb</run_address>
         <size>0x1d54</size>
         <input_file_ref idref="fl-b"/>
      </object_component>
      <object_component id="oc-1f7">
         <name>.debug_info</name>
         <load_address>0x790f</load_address>
         <run_address>0x790f</run_address>
         <size>0x205</size>
         <input_file_ref idref="fl-15"/>
      </object_component>
      <object_component id="oc-1a0">
         <name>.debug_info</name>
         <load_address>0x7b14</load_address>
         <run_address>0x7b14</run_address>
         <size>0x27d</size>
         <input_file_ref idref="fl-15"/>
      </object_component>
      <object_component id="oc-19a">
         <name>.debug_info</name>
         <load_address>0x7d91</load_address>
         <run_address>0x7d91</run_address>
         <size>0x266</size>
         <input_file_ref idref="fl-15"/>
      </object_component>
      <object_component id="oc-1e0">
         <name>.debug_info</name>
         <load_address>0x7ff7</load_address>
         <run_address>0x7ff7</run_address>
         <size>0x2ae</size>
         <input_file_ref idref="fl-15"/>
      </object_component>
      <object_component id="oc-1ec">
         <name>.debug_info</name>
         <load_address>0x82a5</load_address>
         <run_address>0x82a5</run_address>
         <size>0x296</size>
         <input_file_ref idref="fl-15"/>
      </object_component>
      <object_component id="oc-1e6">
         <name>.debug_info</name>
         <load_address>0x853b</load_address>
         <run_address>0x853b</run_address>
         <size>0x24f</size>
         <input_file_ref idref="fl-15"/>
      </object_component>
      <object_component id="oc-201">
         <name>.debug_info</name>
         <load_address>0x878a</load_address>
         <run_address>0x878a</run_address>
         <size>0x200</size>
         <input_file_ref idref="fl-16"/>
      </object_component>
      <object_component id="oc-1a6">
         <name>.debug_info</name>
         <load_address>0x898a</load_address>
         <run_address>0x898a</run_address>
         <size>0x20f</size>
         <input_file_ref idref="fl-16"/>
      </object_component>
      <object_component id="oc-ba">
         <name>.debug_info</name>
         <load_address>0x8b99</load_address>
         <run_address>0x8b99</run_address>
         <size>0x21c</size>
         <input_file_ref idref="fl-16"/>
      </object_component>
      <object_component id="oc-c0">
         <name>.debug_info</name>
         <load_address>0x8db5</load_address>
         <run_address>0x8db5</run_address>
         <size>0x202</size>
         <input_file_ref idref="fl-16"/>
      </object_component>
      <object_component id="oc-c6">
         <name>.debug_info</name>
         <load_address>0x8fb7</load_address>
         <run_address>0x8fb7</run_address>
         <size>0x1e8</size>
         <input_file_ref idref="fl-16"/>
      </object_component>
      <object_component id="oc-b5">
         <name>.debug_info</name>
         <load_address>0x919f</load_address>
         <run_address>0x919f</run_address>
         <size>0x20c</size>
         <input_file_ref idref="fl-16"/>
      </object_component>
      <object_component id="oc-227">
         <name>.debug_info</name>
         <load_address>0x93ab</load_address>
         <run_address>0x93ab</run_address>
         <size>0x1f2</size>
         <input_file_ref idref="fl-17"/>
      </object_component>
      <object_component id="oc-21b">
         <name>.debug_info</name>
         <load_address>0x959d</load_address>
         <run_address>0x959d</run_address>
         <size>0x20e</size>
         <input_file_ref idref="fl-17"/>
      </object_component>
      <object_component id="oc-27b">
         <name>.debug_info</name>
         <load_address>0x97ab</load_address>
         <run_address>0x97ab</run_address>
         <size>0x1e4</size>
         <input_file_ref idref="fl-17"/>
      </object_component>
      <object_component id="oc-282">
         <name>.debug_info</name>
         <load_address>0x998f</load_address>
         <run_address>0x998f</run_address>
         <size>0x217</size>
         <input_file_ref idref="fl-17"/>
      </object_component>
      <object_component id="oc-269">
         <name>.debug_info</name>
         <load_address>0x9ba6</load_address>
         <run_address>0x9ba6</run_address>
         <size>0x244</size>
         <input_file_ref idref="fl-17"/>
      </object_component>
      <object_component id="oc-251">
         <name>.debug_info</name>
         <load_address>0x9dea</load_address>
         <run_address>0x9dea</run_address>
         <size>0x242</size>
         <input_file_ref idref="fl-17"/>
      </object_component>
      <object_component id="oc-257">
         <name>.debug_info</name>
         <load_address>0xa02c</load_address>
         <run_address>0xa02c</run_address>
         <size>0x24a</size>
         <input_file_ref idref="fl-17"/>
      </object_component>
      <object_component id="oc-26f">
         <name>.debug_info</name>
         <load_address>0xa276</load_address>
         <run_address>0xa276</run_address>
         <size>0x24d</size>
         <input_file_ref idref="fl-17"/>
      </object_component>
      <object_component id="oc-25d">
         <name>.debug_info</name>
         <load_address>0xa4c3</load_address>
         <run_address>0xa4c3</run_address>
         <size>0x24e</size>
         <input_file_ref idref="fl-17"/>
      </object_component>
      <object_component id="oc-28e">
         <name>.debug_info</name>
         <load_address>0xa711</load_address>
         <run_address>0xa711</run_address>
         <size>0x258</size>
         <input_file_ref idref="fl-17"/>
      </object_component>
      <object_component id="oc-263">
         <name>.debug_info</name>
         <load_address>0xa969</load_address>
         <run_address>0xa969</run_address>
         <size>0x27c</size>
         <input_file_ref idref="fl-17"/>
      </object_component>
      <object_component id="oc-275">
         <name>.debug_info</name>
         <load_address>0xabe5</load_address>
         <run_address>0xabe5</run_address>
         <size>0x241</size>
         <input_file_ref idref="fl-17"/>
      </object_component>
      <object_component id="oc-1d3">
         <name>.debug_info</name>
         <load_address>0xae26</load_address>
         <run_address>0xae26</run_address>
         <size>0x277</size>
         <input_file_ref idref="fl-17"/>
      </object_component>
      <object_component id="oc-1cd">
         <name>.debug_info</name>
         <load_address>0xb09d</load_address>
         <run_address>0xb09d</run_address>
         <size>0x519</size>
         <input_file_ref idref="fl-17"/>
      </object_component>
      <object_component id="oc-248">
         <name>.debug_info</name>
         <load_address>0xb5b6</load_address>
         <run_address>0xb5b6</run_address>
         <size>0x3ba</size>
         <input_file_ref idref="fl-17"/>
      </object_component>
      <object_component id="oc-221">
         <name>.debug_info</name>
         <load_address>0xb970</load_address>
         <run_address>0xb970</run_address>
         <size>0x243</size>
         <input_file_ref idref="fl-17"/>
      </object_component>
      <object_component id="oc-1da">
         <name>.debug_info</name>
         <load_address>0xbbb3</load_address>
         <run_address>0xbbb3</run_address>
         <size>0x251</size>
         <input_file_ref idref="fl-17"/>
      </object_component>
      <object_component id="oc-1c7">
         <name>.debug_info</name>
         <load_address>0xbe04</load_address>
         <run_address>0xbe04</run_address>
         <size>0x241</size>
         <input_file_ref idref="fl-17"/>
      </object_component>
      <object_component id="oc-10a">
         <name>.debug_info</name>
         <load_address>0xc045</load_address>
         <run_address>0xc045</run_address>
         <size>0x158</size>
         <input_file_ref idref="fl-23"/>
      </object_component>
      <object_component id="oc-22d">
         <name>.debug_info</name>
         <load_address>0xc19d</load_address>
         <run_address>0xc19d</run_address>
         <size>0x127</size>
         <input_file_ref idref="fl-25"/>
      </object_component>
      <object_component id="oc-122">
         <name>.debug_info</name>
         <load_address>0xc2c4</load_address>
         <run_address>0xc2c4</run_address>
         <size>0x14f</size>
         <input_file_ref idref="fl-27"/>
      </object_component>
      <object_component id="oc-13b">
         <name>.debug_info</name>
         <load_address>0xc413</load_address>
         <run_address>0xc413</run_address>
         <size>0x1c1</size>
         <input_file_ref idref="fl-28"/>
      </object_component>
      <object_component id="oc-9a">
         <name>.debug_info</name>
         <load_address>0xc5d4</load_address>
         <run_address>0xc5d4</run_address>
         <size>0x1b9</size>
         <input_file_ref idref="fl-2a"/>
      </object_component>
      <object_component id="oc-94">
         <name>.debug_info</name>
         <load_address>0xc78d</load_address>
         <run_address>0xc78d</run_address>
         <size>0x21b</size>
         <input_file_ref idref="fl-2b"/>
      </object_component>
      <object_component id="oc-173">
         <name>.debug_info</name>
         <load_address>0xc9a8</load_address>
         <run_address>0xc9a8</run_address>
         <size>0x1a0</size>
         <input_file_ref idref="fl-2c"/>
      </object_component>
      <object_component id="oc-12f">
         <name>.debug_info</name>
         <load_address>0xcb48</load_address>
         <run_address>0xcb48</run_address>
         <size>0x1ab</size>
         <input_file_ref idref="fl-2c"/>
      </object_component>
      <object_component id="oc-176">
         <name>.debug_info</name>
         <load_address>0xccf3</load_address>
         <run_address>0xccf3</run_address>
         <size>0x109</size>
         <input_file_ref idref="fl-2d"/>
      </object_component>
      <object_component id="oc-20b">
         <name>.debug_info</name>
         <load_address>0xcdfc</load_address>
         <run_address>0xcdfc</run_address>
         <size>0x10d</size>
         <input_file_ref idref="fl-2d"/>
      </object_component>
      <object_component id="oc-1b4">
         <name>.debug_info</name>
         <load_address>0xcf09</load_address>
         <run_address>0xcf09</run_address>
         <size>0x205</size>
         <input_file_ref idref="fl-2d"/>
      </object_component>
      <object_component id="oc-129">
         <name>.debug_info</name>
         <load_address>0xd10e</load_address>
         <run_address>0xd10e</run_address>
         <size>0x15f</size>
         <input_file_ref idref="fl-2e"/>
      </object_component>
      <object_component id="oc-cf">
         <name>.debug_info</name>
         <load_address>0xd26d</load_address>
         <run_address>0xd26d</run_address>
         <size>0x19d</size>
         <input_file_ref idref="fl-31"/>
      </object_component>
      <object_component id="oc-17e">
         <name>.debug_info</name>
         <load_address>0xd40a</load_address>
         <run_address>0xd40a</run_address>
         <size>0x149</size>
         <input_file_ref idref="fl-32"/>
      </object_component>
      <object_component id="oc-340">
         <name>.debug_info</name>
         <load_address>0xd553</load_address>
         <run_address>0xd553</run_address>
         <size>0xc8</size>
      </object_component>
      <object_component id="oc-a4">
         <name>.debug_line</name>
         <load_address>0x0</load_address>
         <run_address>0x0</run_address>
         <size>0x9c</size>
         <input_file_ref idref="fl-2"/>
      </object_component>
      <object_component id="oc-e6">
         <name>.debug_line</name>
         <load_address>0x9c</load_address>
         <run_address>0x9c</run_address>
         <size>0xa4</size>
         <input_file_ref idref="fl-2"/>
      </object_component>
      <object_component id="oc-a9">
         <name>.debug_line</name>
         <load_address>0x140</load_address>
         <run_address>0x140</run_address>
         <size>0xd2e</size>
         <input_file_ref idref="fl-3"/>
      </object_component>
      <object_component id="oc-110">
         <name>.debug_line</name>
         <load_address>0xe6e</load_address>
         <run_address>0xe6e</run_address>
         <size>0x21</size>
         <input_file_ref idref="fl-3"/>
      </object_component>
      <object_component id="oc-eb">
         <name>.debug_line</name>
         <load_address>0xe8f</load_address>
         <run_address>0xe8f</run_address>
         <size>0x87</size>
         <input_file_ref idref="fl-6"/>
      </object_component>
      <object_component id="oc-113">
         <name>.debug_line</name>
         <load_address>0xf16</load_address>
         <run_address>0xf16</run_address>
         <size>0xf3</size>
         <input_file_ref idref="fl-6"/>
      </object_component>
      <object_component id="oc-16e">
         <name>.debug_line</name>
         <load_address>0x1009</load_address>
         <run_address>0x1009</run_address>
         <size>0xe2</size>
         <input_file_ref idref="fl-9"/>
      </object_component>
      <object_component id="oc-208">
         <name>.debug_line</name>
         <load_address>0x10eb</load_address>
         <run_address>0x10eb</run_address>
         <size>0x123</size>
         <input_file_ref idref="fl-9"/>
      </object_component>
      <object_component id="oc-b2">
         <name>.debug_line</name>
         <load_address>0x120e</load_address>
         <run_address>0x120e</run_address>
         <size>0x55</size>
         <input_file_ref idref="fl-a"/>
      </object_component>
      <object_component id="oc-f1">
         <name>.debug_line</name>
         <load_address>0x1263</load_address>
         <run_address>0x1263</run_address>
         <size>0x5d</size>
         <input_file_ref idref="fl-a"/>
      </object_component>
      <object_component id="oc-238">
         <name>.debug_line</name>
         <load_address>0x12c0</load_address>
         <run_address>0x12c0</run_address>
         <size>0x37</size>
         <input_file_ref idref="fl-b"/>
      </object_component>
      <object_component id="oc-197">
         <name>.debug_line</name>
         <load_address>0x12f7</load_address>
         <run_address>0x12f7</run_address>
         <size>0x41f</size>
         <input_file_ref idref="fl-b"/>
      </object_component>
      <object_component id="oc-23a">
         <name>.debug_line</name>
         <load_address>0x1716</load_address>
         <run_address>0x1716</run_address>
         <size>0xc7</size>
         <input_file_ref idref="fl-b"/>
      </object_component>
      <object_component id="oc-1fa">
         <name>.debug_line</name>
         <load_address>0x17dd</load_address>
         <run_address>0x17dd</run_address>
         <size>0x98</size>
         <input_file_ref idref="fl-15"/>
      </object_component>
      <object_component id="oc-1a3">
         <name>.debug_line</name>
         <load_address>0x1875</load_address>
         <run_address>0x1875</run_address>
         <size>0xa2</size>
         <input_file_ref idref="fl-15"/>
      </object_component>
      <object_component id="oc-19d">
         <name>.debug_line</name>
         <load_address>0x1917</load_address>
         <run_address>0x1917</run_address>
         <size>0xb1</size>
         <input_file_ref idref="fl-15"/>
      </object_component>
      <object_component id="oc-1e3">
         <name>.debug_line</name>
         <load_address>0x19c8</load_address>
         <run_address>0x19c8</run_address>
         <size>0x9f</size>
         <input_file_ref idref="fl-15"/>
      </object_component>
      <object_component id="oc-1ef">
         <name>.debug_line</name>
         <load_address>0x1a67</load_address>
         <run_address>0x1a67</run_address>
         <size>0x9f</size>
         <input_file_ref idref="fl-15"/>
      </object_component>
      <object_component id="oc-1e9">
         <name>.debug_line</name>
         <load_address>0x1b06</load_address>
         <run_address>0x1b06</run_address>
         <size>0x9f</size>
         <input_file_ref idref="fl-15"/>
      </object_component>
      <object_component id="oc-23e">
         <name>.debug_line</name>
         <load_address>0x1ba5</load_address>
         <run_address>0x1ba5</run_address>
         <size>0xe4</size>
         <input_file_ref idref="fl-15"/>
      </object_component>
      <object_component id="oc-204">
         <name>.debug_line</name>
         <load_address>0x1c89</load_address>
         <run_address>0x1c89</run_address>
         <size>0x9d</size>
         <input_file_ref idref="fl-16"/>
      </object_component>
      <object_component id="oc-1a9">
         <name>.debug_line</name>
         <load_address>0x1d26</load_address>
         <run_address>0x1d26</run_address>
         <size>0xb8</size>
         <input_file_ref idref="fl-16"/>
      </object_component>
      <object_component id="oc-bd">
         <name>.debug_line</name>
         <load_address>0x1dde</load_address>
         <run_address>0x1dde</run_address>
         <size>0xa3</size>
         <input_file_ref idref="fl-16"/>
      </object_component>
      <object_component id="oc-c3">
         <name>.debug_line</name>
         <load_address>0x1e81</load_address>
         <run_address>0x1e81</run_address>
         <size>0x9b</size>
         <input_file_ref idref="fl-16"/>
      </object_component>
      <object_component id="oc-c9">
         <name>.debug_line</name>
         <load_address>0x1f1c</load_address>
         <run_address>0x1f1c</run_address>
         <size>0x9b</size>
         <input_file_ref idref="fl-16"/>
      </object_component>
      <object_component id="oc-b8">
         <name>.debug_line</name>
         <load_address>0x1fb7</load_address>
         <run_address>0x1fb7</run_address>
         <size>0xb1</size>
         <input_file_ref idref="fl-16"/>
      </object_component>
      <object_component id="oc-117">
         <name>.debug_line</name>
         <load_address>0x2068</load_address>
         <run_address>0x2068</run_address>
         <size>0x21</size>
         <input_file_ref idref="fl-16"/>
      </object_component>
      <object_component id="oc-22a">
         <name>.debug_line</name>
         <load_address>0x2089</load_address>
         <run_address>0x2089</run_address>
         <size>0x9d</size>
         <input_file_ref idref="fl-17"/>
      </object_component>
      <object_component id="oc-21e">
         <name>.debug_line</name>
         <load_address>0x2126</load_address>
         <run_address>0x2126</run_address>
         <size>0x9a</size>
         <input_file_ref idref="fl-17"/>
      </object_component>
      <object_component id="oc-27e">
         <name>.debug_line</name>
         <load_address>0x21c0</load_address>
         <run_address>0x21c0</run_address>
         <size>0x9c</size>
         <input_file_ref idref="fl-17"/>
      </object_component>
      <object_component id="oc-285">
         <name>.debug_line</name>
         <load_address>0x225c</load_address>
         <run_address>0x225c</run_address>
         <size>0x9c</size>
         <input_file_ref idref="fl-17"/>
      </object_component>
      <object_component id="oc-26c">
         <name>.debug_line</name>
         <load_address>0x22f8</load_address>
         <run_address>0x22f8</run_address>
         <size>0x9d</size>
         <input_file_ref idref="fl-17"/>
      </object_component>
      <object_component id="oc-254">
         <name>.debug_line</name>
         <load_address>0x2395</load_address>
         <run_address>0x2395</run_address>
         <size>0x9d</size>
         <input_file_ref idref="fl-17"/>
      </object_component>
      <object_component id="oc-25a">
         <name>.debug_line</name>
         <load_address>0x2432</load_address>
         <run_address>0x2432</run_address>
         <size>0xa1</size>
         <input_file_ref idref="fl-17"/>
      </object_component>
      <object_component id="oc-272">
         <name>.debug_line</name>
         <load_address>0x24d3</load_address>
         <run_address>0x24d3</run_address>
         <size>0xa2</size>
         <input_file_ref idref="fl-17"/>
      </object_component>
      <object_component id="oc-260">
         <name>.debug_line</name>
         <load_address>0x2575</load_address>
         <run_address>0x2575</run_address>
         <size>0x9d</size>
         <input_file_ref idref="fl-17"/>
      </object_component>
      <object_component id="oc-291">
         <name>.debug_line</name>
         <load_address>0x2612</load_address>
         <run_address>0x2612</run_address>
         <size>0x9d</size>
         <input_file_ref idref="fl-17"/>
      </object_component>
      <object_component id="oc-266">
         <name>.debug_line</name>
         <load_address>0x26af</load_address>
         <run_address>0x26af</run_address>
         <size>0xa7</size>
         <input_file_ref idref="fl-17"/>
      </object_component>
      <object_component id="oc-278">
         <name>.debug_line</name>
         <load_address>0x2756</load_address>
         <run_address>0x2756</run_address>
         <size>0xa1</size>
         <input_file_ref idref="fl-17"/>
      </object_component>
      <object_component id="oc-1d6">
         <name>.debug_line</name>
         <load_address>0x27f7</load_address>
         <run_address>0x27f7</run_address>
         <size>0xb4</size>
         <input_file_ref idref="fl-17"/>
      </object_component>
      <object_component id="oc-1d0">
         <name>.debug_line</name>
         <load_address>0x28ab</load_address>
         <run_address>0x28ab</run_address>
         <size>0x19e</size>
         <input_file_ref idref="fl-17"/>
      </object_component>
      <object_component id="oc-24b">
         <name>.debug_line</name>
         <load_address>0x2a49</load_address>
         <run_address>0x2a49</run_address>
         <size>0xd2</size>
         <input_file_ref idref="fl-17"/>
      </object_component>
      <object_component id="oc-224">
         <name>.debug_line</name>
         <load_address>0x2b1b</load_address>
         <run_address>0x2b1b</run_address>
         <size>0xbe</size>
         <input_file_ref idref="fl-17"/>
      </object_component>
      <object_component id="oc-1dd">
         <name>.debug_line</name>
         <load_address>0x2bd9</load_address>
         <run_address>0x2bd9</run_address>
         <size>0xa1</size>
         <input_file_ref idref="fl-17"/>
      </object_component>
      <object_component id="oc-1ca">
         <name>.debug_line</name>
         <load_address>0x2c7a</load_address>
         <run_address>0x2c7a</run_address>
         <size>0xc7</size>
         <input_file_ref idref="fl-17"/>
      </object_component>
      <object_component id="oc-244">
         <name>.debug_line</name>
         <load_address>0x2d41</load_address>
         <run_address>0x2d41</run_address>
         <size>0x14b</size>
         <input_file_ref idref="fl-17"/>
      </object_component>
      <object_component id="oc-10d">
         <name>.debug_line</name>
         <load_address>0x2e8c</load_address>
         <run_address>0x2e8c</run_address>
         <size>0x4f</size>
         <input_file_ref idref="fl-23"/>
      </object_component>
      <object_component id="oc-230">
         <name>.debug_line</name>
         <load_address>0x2edb</load_address>
         <run_address>0x2edb</run_address>
         <size>0xae</size>
         <input_file_ref idref="fl-25"/>
      </object_component>
      <object_component id="oc-125">
         <name>.debug_line</name>
         <load_address>0x2f89</load_address>
         <run_address>0x2f89</run_address>
         <size>0x3f</size>
         <input_file_ref idref="fl-27"/>
      </object_component>
      <object_component id="oc-17b">
         <name>.debug_line</name>
         <load_address>0x2fc8</load_address>
         <run_address>0x2fc8</run_address>
         <size>0x21</size>
         <input_file_ref idref="fl-27"/>
      </object_component>
      <object_component id="oc-13e">
         <name>.debug_line</name>
         <load_address>0x2fe9</load_address>
         <run_address>0x2fe9</run_address>
         <size>0x74</size>
         <input_file_ref idref="fl-28"/>
      </object_component>
      <object_component id="oc-1c2">
         <name>.debug_line</name>
         <load_address>0x305d</load_address>
         <run_address>0x305d</run_address>
         <size>0x21</size>
         <input_file_ref idref="fl-28"/>
      </object_component>
      <object_component id="oc-9d">
         <name>.debug_line</name>
         <load_address>0x307e</load_address>
         <run_address>0x307e</run_address>
         <size>0x57</size>
         <input_file_ref idref="fl-2a"/>
      </object_component>
      <object_component id="oc-fe">
         <name>.debug_line</name>
         <load_address>0x30d5</load_address>
         <run_address>0x30d5</run_address>
         <size>0x21</size>
         <input_file_ref idref="fl-2a"/>
      </object_component>
      <object_component id="oc-97">
         <name>.debug_line</name>
         <load_address>0x30f6</load_address>
         <run_address>0x30f6</run_address>
         <size>0x95</size>
         <input_file_ref idref="fl-2b"/>
      </object_component>
      <object_component id="oc-f9">
         <name>.debug_line</name>
         <load_address>0x318b</load_address>
         <run_address>0x318b</run_address>
         <size>0x21</size>
         <input_file_ref idref="fl-2b"/>
      </object_component>
      <object_component id="oc-1b2">
         <name>.debug_line</name>
         <load_address>0x31ac</load_address>
         <run_address>0x31ac</run_address>
         <size>0x2b</size>
         <input_file_ref idref="fl-2c"/>
      </object_component>
      <object_component id="oc-132">
         <name>.debug_line</name>
         <load_address>0x31d7</load_address>
         <run_address>0x31d7</run_address>
         <size>0x66</size>
         <input_file_ref idref="fl-2c"/>
      </object_component>
      <object_component id="oc-1bd">
         <name>.debug_line</name>
         <load_address>0x323d</load_address>
         <run_address>0x323d</run_address>
         <size>0x21</size>
         <input_file_ref idref="fl-2c"/>
      </object_component>
      <object_component id="oc-1ba">
         <name>.debug_line</name>
         <load_address>0x325e</load_address>
         <run_address>0x325e</run_address>
         <size>0x2c</size>
         <input_file_ref idref="fl-2d"/>
      </object_component>
      <object_component id="oc-242">
         <name>.debug_line</name>
         <load_address>0x328a</load_address>
         <run_address>0x328a</run_address>
         <size>0x2c</size>
         <input_file_ref idref="fl-2d"/>
      </object_component>
      <object_component id="oc-1b7">
         <name>.debug_line</name>
         <load_address>0x32b6</load_address>
         <run_address>0x32b6</run_address>
         <size>0x5f</size>
         <input_file_ref idref="fl-2d"/>
      </object_component>
      <object_component id="oc-20f">
         <name>.debug_line</name>
         <load_address>0x3315</load_address>
         <run_address>0x3315</run_address>
         <size>0x21</size>
         <input_file_ref idref="fl-2d"/>
      </object_component>
      <object_component id="oc-12c">
         <name>.debug_line</name>
         <load_address>0x3336</load_address>
         <run_address>0x3336</run_address>
         <size>0x4e</size>
         <input_file_ref idref="fl-2e"/>
      </object_component>
      <object_component id="oc-1af">
         <name>.debug_line</name>
         <load_address>0x3384</load_address>
         <run_address>0x3384</run_address>
         <size>0x30</size>
         <input_file_ref idref="fl-2e"/>
      </object_component>
      <object_component id="oc-d2">
         <name>.debug_line</name>
         <load_address>0x33b4</load_address>
         <run_address>0x33b4</run_address>
         <size>0x63</size>
         <input_file_ref idref="fl-31"/>
      </object_component>
      <object_component id="oc-11a">
         <name>.debug_line</name>
         <load_address>0x3417</load_address>
         <run_address>0x3417</run_address>
         <size>0x21</size>
         <input_file_ref idref="fl-31"/>
      </object_component>
      <object_component id="oc-181">
         <name>.debug_line</name>
         <load_address>0x3438</load_address>
         <run_address>0x3438</run_address>
         <size>0x3b</size>
         <input_file_ref idref="fl-32"/>
      </object_component>
      <object_component id="oc-212">
         <name>.debug_line</name>
         <load_address>0x3473</load_address>
         <run_address>0x3473</run_address>
         <size>0x21</size>
         <input_file_ref idref="fl-32"/>
      </object_component>
      <object_component id="oc-e7">
         <name>.debug_abbrev</name>
         <load_address>0x0</load_address>
         <run_address>0x0</run_address>
         <size>0x25</size>
         <input_file_ref idref="fl-2"/>
      </object_component>
      <object_component id="oc-10e">
         <name>.debug_abbrev</name>
         <load_address>0x25</load_address>
         <run_address>0x25</run_address>
         <size>0x25</size>
         <input_file_ref idref="fl-2"/>
      </object_component>
      <object_component id="oc-e8">
         <name>.debug_abbrev</name>
         <load_address>0x4a</load_address>
         <run_address>0x4a</run_address>
         <size>0x91</size>
         <input_file_ref idref="fl-3"/>
      </object_component>
      <object_component id="oc-10f">
         <name>.debug_abbrev</name>
         <load_address>0xdb</load_address>
         <run_address>0xdb</run_address>
         <size>0x1c</size>
         <input_file_ref idref="fl-3"/>
      </object_component>
      <object_component id="oc-ea">
         <name>.debug_abbrev</name>
         <load_address>0xf7</load_address>
         <run_address>0xf7</run_address>
         <size>0x28</size>
         <input_file_ref idref="fl-6"/>
      </object_component>
      <object_component id="oc-112">
         <name>.debug_abbrev</name>
         <load_address>0x11f</load_address>
         <run_address>0x11f</run_address>
         <size>0x126</size>
         <input_file_ref idref="fl-6"/>
      </object_component>
      <object_component id="oc-1ac">
         <name>.debug_abbrev</name>
         <load_address>0x245</load_address>
         <run_address>0x245</run_address>
         <size>0xae</size>
         <input_file_ref idref="fl-9"/>
      </object_component>
      <object_component id="oc-207">
         <name>.debug_abbrev</name>
         <load_address>0x2f3</load_address>
         <run_address>0x2f3</run_address>
         <size>0x69</size>
         <input_file_ref idref="fl-9"/>
      </object_component>
      <object_component id="oc-f2">
         <name>.debug_abbrev</name>
         <load_address>0x35c</load_address>
         <run_address>0x35c</run_address>
         <size>0x25</size>
         <input_file_ref idref="fl-a"/>
      </object_component>
      <object_component id="oc-115">
         <name>.debug_abbrev</name>
         <load_address>0x381</load_address>
         <run_address>0x381</run_address>
         <size>0x25</size>
         <input_file_ref idref="fl-a"/>
      </object_component>
      <object_component id="oc-237">
         <name>.debug_abbrev</name>
         <load_address>0x3a6</load_address>
         <run_address>0x3a6</run_address>
         <size>0x28</size>
         <input_file_ref idref="fl-b"/>
      </object_component>
      <object_component id="oc-1f4">
         <name>.debug_abbrev</name>
         <load_address>0x3ce</load_address>
         <run_address>0x3ce</run_address>
         <size>0x103</size>
         <input_file_ref idref="fl-b"/>
      </object_component>
      <object_component id="oc-239">
         <name>.debug_abbrev</name>
         <load_address>0x4d1</load_address>
         <run_address>0x4d1</run_address>
         <size>0xa5</size>
         <input_file_ref idref="fl-b"/>
      </object_component>
      <object_component id="oc-23c">
         <name>.debug_abbrev</name>
         <load_address>0x576</load_address>
         <run_address>0x576</run_address>
         <size>0x5c</size>
         <input_file_ref idref="fl-15"/>
      </object_component>
      <object_component id="oc-1ff">
         <name>.debug_abbrev</name>
         <load_address>0x5d2</load_address>
         <run_address>0x5d2</run_address>
         <size>0x6a</size>
         <input_file_ref idref="fl-15"/>
      </object_component>
      <object_component id="oc-1fd">
         <name>.debug_abbrev</name>
         <load_address>0x63c</load_address>
         <run_address>0x63c</run_address>
         <size>0x6a</size>
         <input_file_ref idref="fl-15"/>
      </object_component>
      <object_component id="oc-234">
         <name>.debug_abbrev</name>
         <load_address>0x6a6</load_address>
         <run_address>0x6a6</run_address>
         <size>0x6a</size>
         <input_file_ref idref="fl-15"/>
      </object_component>
      <object_component id="oc-236">
         <name>.debug_abbrev</name>
         <load_address>0x710</load_address>
         <run_address>0x710</run_address>
         <size>0x6a</size>
         <input_file_ref idref="fl-15"/>
      </object_component>
      <object_component id="oc-235">
         <name>.debug_abbrev</name>
         <load_address>0x77a</load_address>
         <run_address>0x77a</run_address>
         <size>0x5c</size>
         <input_file_ref idref="fl-15"/>
      </object_component>
      <object_component id="oc-23d">
         <name>.debug_abbrev</name>
         <load_address>0x7d6</load_address>
         <run_address>0x7d6</run_address>
         <size>0x69</size>
         <input_file_ref idref="fl-15"/>
      </object_component>
      <object_component id="oc-240">
         <name>.debug_abbrev</name>
         <load_address>0x83f</load_address>
         <run_address>0x83f</run_address>
         <size>0x46</size>
         <input_file_ref idref="fl-16"/>
      </object_component>
      <object_component id="oc-206">
         <name>.debug_abbrev</name>
         <load_address>0x885</load_address>
         <run_address>0x885</run_address>
         <size>0x54</size>
         <input_file_ref idref="fl-16"/>
      </object_component>
      <object_component id="oc-f5">
         <name>.debug_abbrev</name>
         <load_address>0x8d9</load_address>
         <run_address>0x8d9</run_address>
         <size>0x48</size>
         <input_file_ref idref="fl-16"/>
      </object_component>
      <object_component id="oc-f6">
         <name>.debug_abbrev</name>
         <load_address>0x921</load_address>
         <run_address>0x921</run_address>
         <size>0x3b</size>
         <input_file_ref idref="fl-16"/>
      </object_component>
      <object_component id="oc-f7">
         <name>.debug_abbrev</name>
         <load_address>0x95c</load_address>
         <run_address>0x95c</run_address>
         <size>0x3b</size>
         <input_file_ref idref="fl-16"/>
      </object_component>
      <object_component id="oc-f3">
         <name>.debug_abbrev</name>
         <load_address>0x997</load_address>
         <run_address>0x997</run_address>
         <size>0x51</size>
         <input_file_ref idref="fl-16"/>
      </object_component>
      <object_component id="oc-116">
         <name>.debug_abbrev</name>
         <load_address>0x9e8</load_address>
         <run_address>0x9e8</run_address>
         <size>0x44</size>
         <input_file_ref idref="fl-16"/>
      </object_component>
      <object_component id="oc-24e">
         <name>.debug_abbrev</name>
         <load_address>0xa2c</load_address>
         <run_address>0xa2c</run_address>
         <size>0x44</size>
         <input_file_ref idref="fl-17"/>
      </object_component>
      <object_component id="oc-246">
         <name>.debug_abbrev</name>
         <load_address>0xa70</load_address>
         <run_address>0xa70</run_address>
         <size>0x46</size>
         <input_file_ref idref="fl-17"/>
      </object_component>
      <object_component id="oc-294">
         <name>.debug_abbrev</name>
         <load_address>0xab6</load_address>
         <run_address>0xab6</run_address>
         <size>0x44</size>
         <input_file_ref idref="fl-17"/>
      </object_component>
      <object_component id="oc-295">
         <name>.debug_abbrev</name>
         <load_address>0xafa</load_address>
         <run_address>0xafa</run_address>
         <size>0x5c</size>
         <input_file_ref idref="fl-17"/>
      </object_component>
      <object_component id="oc-28b">
         <name>.debug_abbrev</name>
         <load_address>0xb56</load_address>
         <run_address>0xb56</run_address>
         <size>0x68</size>
         <input_file_ref idref="fl-17"/>
      </object_component>
      <object_component id="oc-287">
         <name>.debug_abbrev</name>
         <load_address>0xbbe</load_address>
         <run_address>0xbbe</run_address>
         <size>0x68</size>
         <input_file_ref idref="fl-17"/>
      </object_component>
      <object_component id="oc-288">
         <name>.debug_abbrev</name>
         <load_address>0xc26</load_address>
         <run_address>0xc26</run_address>
         <size>0x68</size>
         <input_file_ref idref="fl-17"/>
      </object_component>
      <object_component id="oc-28c">
         <name>.debug_abbrev</name>
         <load_address>0xc8e</load_address>
         <run_address>0xc8e</run_address>
         <size>0x68</size>
         <input_file_ref idref="fl-17"/>
      </object_component>
      <object_component id="oc-289">
         <name>.debug_abbrev</name>
         <load_address>0xcf6</load_address>
         <run_address>0xcf6</run_address>
         <size>0x68</size>
         <input_file_ref idref="fl-17"/>
      </object_component>
      <object_component id="oc-296">
         <name>.debug_abbrev</name>
         <load_address>0xd5e</load_address>
         <run_address>0xd5e</run_address>
         <size>0x6a</size>
         <input_file_ref idref="fl-17"/>
      </object_component>
      <object_component id="oc-28a">
         <name>.debug_abbrev</name>
         <load_address>0xdc8</load_address>
         <run_address>0xdc8</run_address>
         <size>0x68</size>
         <input_file_ref idref="fl-17"/>
      </object_component>
      <object_component id="oc-293">
         <name>.debug_abbrev</name>
         <load_address>0xe30</load_address>
         <run_address>0xe30</run_address>
         <size>0x52</size>
         <input_file_ref idref="fl-17"/>
      </object_component>
      <object_component id="oc-232">
         <name>.debug_abbrev</name>
         <load_address>0xe82</load_address>
         <run_address>0xe82</run_address>
         <size>0x6c</size>
         <input_file_ref idref="fl-17"/>
      </object_component>
      <object_component id="oc-231">
         <name>.debug_abbrev</name>
         <load_address>0xeee</load_address>
         <run_address>0xeee</run_address>
         <size>0x6c</size>
         <input_file_ref idref="fl-17"/>
      </object_component>
      <object_component id="oc-280">
         <name>.debug_abbrev</name>
         <load_address>0xf5a</load_address>
         <run_address>0xf5a</run_address>
         <size>0x5f</size>
         <input_file_ref idref="fl-17"/>
      </object_component>
      <object_component id="oc-24d">
         <name>.debug_abbrev</name>
         <load_address>0xfb9</load_address>
         <run_address>0xfb9</run_address>
         <size>0x6a</size>
         <input_file_ref idref="fl-17"/>
      </object_component>
      <object_component id="oc-233">
         <name>.debug_abbrev</name>
         <load_address>0x1023</load_address>
         <run_address>0x1023</run_address>
         <size>0x6c</size>
         <input_file_ref idref="fl-17"/>
      </object_component>
      <object_component id="oc-217">
         <name>.debug_abbrev</name>
         <load_address>0x108f</load_address>
         <run_address>0x108f</run_address>
         <size>0x5e</size>
         <input_file_ref idref="fl-17"/>
      </object_component>
      <object_component id="oc-243">
         <name>.debug_abbrev</name>
         <load_address>0x10ed</load_address>
         <run_address>0x10ed</run_address>
         <size>0x8f</size>
         <input_file_ref idref="fl-17"/>
      </object_component>
      <object_component id="oc-134">
         <name>.debug_abbrev</name>
         <load_address>0x117c</load_address>
         <run_address>0x117c</run_address>
         <size>0x3d</size>
         <input_file_ref idref="fl-23"/>
      </object_component>
      <object_component id="oc-24f">
         <name>.debug_abbrev</name>
         <load_address>0x11b9</load_address>
         <run_address>0x11b9</run_address>
         <size>0x3b</size>
         <input_file_ref idref="fl-25"/>
      </object_component>
      <object_component id="oc-138">
         <name>.debug_abbrev</name>
         <load_address>0x11f4</load_address>
         <run_address>0x11f4</run_address>
         <size>0x4b</size>
         <input_file_ref idref="fl-27"/>
      </object_component>
      <object_component id="oc-17a">
         <name>.debug_abbrev</name>
         <load_address>0x123f</load_address>
         <run_address>0x123f</run_address>
         <size>0x1c</size>
         <input_file_ref idref="fl-27"/>
      </object_component>
      <object_component id="oc-183">
         <name>.debug_abbrev</name>
         <load_address>0x125b</load_address>
         <run_address>0x125b</run_address>
         <size>0x71</size>
         <input_file_ref idref="fl-28"/>
      </object_component>
      <object_component id="oc-1c1">
         <name>.debug_abbrev</name>
         <load_address>0x12cc</load_address>
         <run_address>0x12cc</run_address>
         <size>0xb3</size>
         <input_file_ref idref="fl-28"/>
      </object_component>
      <object_component id="oc-d4">
         <name>.debug_abbrev</name>
         <load_address>0x137f</load_address>
         <run_address>0x137f</run_address>
         <size>0x6d</size>
         <input_file_ref idref="fl-2a"/>
      </object_component>
      <object_component id="oc-fd">
         <name>.debug_abbrev</name>
         <load_address>0x13ec</load_address>
         <run_address>0x13ec</run_address>
         <size>0x44</size>
         <input_file_ref idref="fl-2a"/>
      </object_component>
      <object_component id="oc-cc">
         <name>.debug_abbrev</name>
         <load_address>0x1430</load_address>
         <run_address>0x1430</run_address>
         <size>0x5f</size>
         <input_file_ref idref="fl-2b"/>
      </object_component>
      <object_component id="oc-f8">
         <name>.debug_abbrev</name>
         <load_address>0x148f</load_address>
         <run_address>0x148f</run_address>
         <size>0x44</size>
         <input_file_ref idref="fl-2b"/>
      </object_component>
      <object_component id="oc-1b1">
         <name>.debug_abbrev</name>
         <load_address>0x14d3</load_address>
         <run_address>0x14d3</run_address>
         <size>0x28</size>
         <input_file_ref idref="fl-2c"/>
      </object_component>
      <object_component id="oc-178">
         <name>.debug_abbrev</name>
         <load_address>0x14fb</load_address>
         <run_address>0x14fb</run_address>
         <size>0xa0</size>
         <input_file_ref idref="fl-2c"/>
      </object_component>
      <object_component id="oc-1bc">
         <name>.debug_abbrev</name>
         <load_address>0x159b</load_address>
         <run_address>0x159b</run_address>
         <size>0x57</size>
         <input_file_ref idref="fl-2c"/>
      </object_component>
      <object_component id="oc-1b9">
         <name>.debug_abbrev</name>
         <load_address>0x15f2</load_address>
         <run_address>0x15f2</run_address>
         <size>0x28</size>
         <input_file_ref idref="fl-2d"/>
      </object_component>
      <object_component id="oc-241">
         <name>.debug_abbrev</name>
         <load_address>0x161a</load_address>
         <run_address>0x161a</run_address>
         <size>0x28</size>
         <input_file_ref idref="fl-2d"/>
      </object_component>
      <object_component id="oc-20d">
         <name>.debug_abbrev</name>
         <load_address>0x1642</load_address>
         <run_address>0x1642</run_address>
         <size>0x5f</size>
         <input_file_ref idref="fl-2d"/>
      </object_component>
      <object_component id="oc-20e">
         <name>.debug_abbrev</name>
         <load_address>0x16a1</load_address>
         <run_address>0x16a1</run_address>
         <size>0x3a</size>
         <input_file_ref idref="fl-2d"/>
      </object_component>
      <object_component id="oc-170">
         <name>.debug_abbrev</name>
         <load_address>0x16db</load_address>
         <run_address>0x16db</run_address>
         <size>0x64</size>
         <input_file_ref idref="fl-2e"/>
      </object_component>
      <object_component id="oc-1ae">
         <name>.debug_abbrev</name>
         <load_address>0x173f</load_address>
         <run_address>0x173f</run_address>
         <size>0x79</size>
         <input_file_ref idref="fl-2e"/>
      </object_component>
      <object_component id="oc-fb">
         <name>.debug_abbrev</name>
         <load_address>0x17b8</load_address>
         <run_address>0x17b8</run_address>
         <size>0x61</size>
         <input_file_ref idref="fl-31"/>
      </object_component>
      <object_component id="oc-119">
         <name>.debug_abbrev</name>
         <load_address>0x1819</load_address>
         <run_address>0x1819</run_address>
         <size>0x44</size>
         <input_file_ref idref="fl-31"/>
      </object_component>
      <object_component id="oc-1bf">
         <name>.debug_abbrev</name>
         <load_address>0x185d</load_address>
         <run_address>0x185d</run_address>
         <size>0x49</size>
         <input_file_ref idref="fl-32"/>
      </object_component>
      <object_component id="oc-211">
         <name>.debug_abbrev</name>
         <load_address>0x18a6</load_address>
         <run_address>0x18a6</run_address>
         <size>0x1c</size>
         <input_file_ref idref="fl-32"/>
      </object_component>
      <object_component id="oc-341">
         <name>.debug_abbrev</name>
         <load_address>0x18c2</load_address>
         <run_address>0x18c2</run_address>
         <size>0xf</size>
      </object_component>
      <object_component id="oc-a2">
         <name>.debug_aranges</name>
         <load_address>0x0</load_address>
         <run_address>0x0</run_address>
         <size>0x20</size>
         <input_file_ref idref="fl-2"/>
      </object_component>
      <object_component id="oc-e4">
         <name>.debug_aranges</name>
         <load_address>0x20</load_address>
         <run_address>0x20</run_address>
         <size>0x20</size>
         <input_file_ref idref="fl-2"/>
      </object_component>
      <object_component id="oc-a7">
         <name>.debug_aranges</name>
         <load_address>0x40</load_address>
         <run_address>0x40</run_address>
         <size>0x480</size>
         <input_file_ref idref="fl-3"/>
      </object_component>
      <object_component id="oc-16c">
         <name>.debug_aranges</name>
         <load_address>0x4c0</load_address>
         <run_address>0x4c0</run_address>
         <size>0x30</size>
         <input_file_ref idref="fl-9"/>
      </object_component>
      <object_component id="oc-b0">
         <name>.debug_aranges</name>
         <load_address>0x4f0</load_address>
         <run_address>0x4f0</run_address>
         <size>0x20</size>
         <input_file_ref idref="fl-a"/>
      </object_component>
      <object_component id="oc-ef">
         <name>.debug_aranges</name>
         <load_address>0x510</load_address>
         <run_address>0x510</run_address>
         <size>0x20</size>
         <input_file_ref idref="fl-a"/>
      </object_component>
      <object_component id="oc-195">
         <name>.debug_aranges</name>
         <load_address>0x530</load_address>
         <run_address>0x530</run_address>
         <size>0xb8</size>
         <input_file_ref idref="fl-b"/>
      </object_component>
      <object_component id="oc-1f8">
         <name>.debug_aranges</name>
         <load_address>0x5e8</load_address>
         <run_address>0x5e8</run_address>
         <size>0x20</size>
         <input_file_ref idref="fl-15"/>
      </object_component>
      <object_component id="oc-1a1">
         <name>.debug_aranges</name>
         <load_address>0x608</load_address>
         <run_address>0x608</run_address>
         <size>0x20</size>
         <input_file_ref idref="fl-15"/>
      </object_component>
      <object_component id="oc-19b">
         <name>.debug_aranges</name>
         <load_address>0x628</load_address>
         <run_address>0x628</run_address>
         <size>0x20</size>
         <input_file_ref idref="fl-15"/>
      </object_component>
      <object_component id="oc-1e1">
         <name>.debug_aranges</name>
         <load_address>0x648</load_address>
         <run_address>0x648</run_address>
         <size>0x20</size>
         <input_file_ref idref="fl-15"/>
      </object_component>
      <object_component id="oc-1ed">
         <name>.debug_aranges</name>
         <load_address>0x668</load_address>
         <run_address>0x668</run_address>
         <size>0x20</size>
         <input_file_ref idref="fl-15"/>
      </object_component>
      <object_component id="oc-1e7">
         <name>.debug_aranges</name>
         <load_address>0x688</load_address>
         <run_address>0x688</run_address>
         <size>0x20</size>
         <input_file_ref idref="fl-15"/>
      </object_component>
      <object_component id="oc-202">
         <name>.debug_aranges</name>
         <load_address>0x6a8</load_address>
         <run_address>0x6a8</run_address>
         <size>0x20</size>
         <input_file_ref idref="fl-16"/>
      </object_component>
      <object_component id="oc-1a7">
         <name>.debug_aranges</name>
         <load_address>0x6c8</load_address>
         <run_address>0x6c8</run_address>
         <size>0x20</size>
         <input_file_ref idref="fl-16"/>
      </object_component>
      <object_component id="oc-bb">
         <name>.debug_aranges</name>
         <load_address>0x6e8</load_address>
         <run_address>0x6e8</run_address>
         <size>0x20</size>
         <input_file_ref idref="fl-16"/>
      </object_component>
      <object_component id="oc-c1">
         <name>.debug_aranges</name>
         <load_address>0x708</load_address>
         <run_address>0x708</run_address>
         <size>0x20</size>
         <input_file_ref idref="fl-16"/>
      </object_component>
      <object_component id="oc-c7">
         <name>.debug_aranges</name>
         <load_address>0x728</load_address>
         <run_address>0x728</run_address>
         <size>0x20</size>
         <input_file_ref idref="fl-16"/>
      </object_component>
      <object_component id="oc-b6">
         <name>.debug_aranges</name>
         <load_address>0x748</load_address>
         <run_address>0x748</run_address>
         <size>0x20</size>
         <input_file_ref idref="fl-16"/>
      </object_component>
      <object_component id="oc-228">
         <name>.debug_aranges</name>
         <load_address>0x768</load_address>
         <run_address>0x768</run_address>
         <size>0x20</size>
         <input_file_ref idref="fl-17"/>
      </object_component>
      <object_component id="oc-21c">
         <name>.debug_aranges</name>
         <load_address>0x788</load_address>
         <run_address>0x788</run_address>
         <size>0x20</size>
         <input_file_ref idref="fl-17"/>
      </object_component>
      <object_component id="oc-27c">
         <name>.debug_aranges</name>
         <load_address>0x7a8</load_address>
         <run_address>0x7a8</run_address>
         <size>0x20</size>
         <input_file_ref idref="fl-17"/>
      </object_component>
      <object_component id="oc-283">
         <name>.debug_aranges</name>
         <load_address>0x7c8</load_address>
         <run_address>0x7c8</run_address>
         <size>0x20</size>
         <input_file_ref idref="fl-17"/>
      </object_component>
      <object_component id="oc-26a">
         <name>.debug_aranges</name>
         <load_address>0x7e8</load_address>
         <run_address>0x7e8</run_address>
         <size>0x20</size>
         <input_file_ref idref="fl-17"/>
      </object_component>
      <object_component id="oc-252">
         <name>.debug_aranges</name>
         <load_address>0x808</load_address>
         <run_address>0x808</run_address>
         <size>0x20</size>
         <input_file_ref idref="fl-17"/>
      </object_component>
      <object_component id="oc-258">
         <name>.debug_aranges</name>
         <load_address>0x828</load_address>
         <run_address>0x828</run_address>
         <size>0x20</size>
         <input_file_ref idref="fl-17"/>
      </object_component>
      <object_component id="oc-270">
         <name>.debug_aranges</name>
         <load_address>0x848</load_address>
         <run_address>0x848</run_address>
         <size>0x20</size>
         <input_file_ref idref="fl-17"/>
      </object_component>
      <object_component id="oc-25e">
         <name>.debug_aranges</name>
         <load_address>0x868</load_address>
         <run_address>0x868</run_address>
         <size>0x20</size>
         <input_file_ref idref="fl-17"/>
      </object_component>
      <object_component id="oc-28f">
         <name>.debug_aranges</name>
         <load_address>0x888</load_address>
         <run_address>0x888</run_address>
         <size>0x20</size>
         <input_file_ref idref="fl-17"/>
      </object_component>
      <object_component id="oc-264">
         <name>.debug_aranges</name>
         <load_address>0x8a8</load_address>
         <run_address>0x8a8</run_address>
         <size>0x20</size>
         <input_file_ref idref="fl-17"/>
[...]
      </symbol>
      <symbol id="sm-190">
         <name>SCIA_TX_ISR</name>
         <value>0xb2ee</value>
         <object_component_ref idref="oc-a5"/>
      </symbol>
      <symbol id="sm-191">
         <name>SCID_RX_ISR</name>
         <value>0xb2d0</value>
         <object_component_ref idref="oc-a5"/>
      </symbol>
      <symbol id="sm-192">
         <name>SCID_TX_ISR</name>
         <value>0xb2da</value>
         <object_component_ref idref="oc-a5"/>
      </symbol>
      <symbol id="sm-193">
         <name>ADCD4_ISR</name>
         <value>0xb50a</value>
         <object_component_ref idref="oc-a5"/>
      </symbol>
      <symbol id="sm-194">
         <name>ECAP1_ISR</name>
         <value>0xb1ae</value>
         <object_component_ref idref="oc-a5"/>
      </symbol>
      <symbol id="sm-195">
         <name>ADCA4_ISR</name>
         <value>0xb352</value>
         <object_component_ref idref="oc-a5"/>
      </symbol>
      <symbol id="sm-196">
         <name>FPU_OVERFLOW_ISR</name>
         <value>0xb3fc</value>
         <object_component_ref idref="oc-a5"/>
      </symbol>
      <symbol id="sm-197">
         <name>ADCC4_ISR</name>
         <value>0xb4e2</value>
         <object_component_ref idref="oc-a5"/>
      </symbol>
      <symbol id="sm-198">
         <name>ADCB4_ISR</name>
         <value>0xb37a</value>
         <object_component_ref idref="oc-a5"/>
      </symbol>
      <symbol id="sm-199">
         <name>EPWM7_ISR</name>
         <value>0xb19a</value>
         <object_component_ref idref="oc-a5"/>
      </symbol>
      <symbol id="sm-19a">
         <name>SD1_ISR</name>
         <value>0xb488</value>
         <object_component_ref idref="oc-a5"/>
      </symbol>
      <symbol id="sm-19b">
         <name>EPWM9_ISR</name>
         <value>0xb460</value>
         <object_component_ref idref="oc-a5"/>
      </symbol>
      <symbol id="sm-19c">
         <name>USER10_ISR</name>
         <value>0xb0a0</value>
         <object_component_ref idref="oc-a5"/>
      </symbol>
      <symbol id="sm-19d">
         <name>XINT1_ISR</name>
         <value>0xb0dc</value>
         <object_component_ref idref="oc-a5"/>
      </symbol>
      <symbol id="sm-19e">
         <name>USER7_ISR</name>
         <value>0xb082</value>
         <object_component_ref idref="oc-a5"/>
      </symbol>
      <symbol id="sm-19f">
         <name>CLA1_1_ISR</name>
         <value>0xb384</value>
         <object_component_ref idref="oc-a5"/>
      </symbol>
      <symbol id="sm-1a0">
         <name>USER9_ISR</name>
         <value>0xb096</value>
         <object_component_ref idref="oc-a5"/>
      </symbol>
      <symbol id="sm-1a1">
         <name>ECAP2_ISR</name>
         <value>0xb1b8</value>
         <object_component_ref idref="oc-a5"/>
      </symbol>
      <symbol id="sm-1a2">
         <name>EPWM5_TZ_ISR</name>
         <value>0xb136</value>
         <object_component_ref idref="oc-a5"/>
      </symbol>
      <symbol id="sm-1a3">
         <name>SD2_ISR</name>
         <value>0xb492</value>
         <object_component_ref idref="oc-a5"/>
      </symbol>
      <symbol id="sm-1a4">
         <name>I2CB_FIFO_ISR</name>
         <value>0xb2b2</value>
         <object_component_ref idref="oc-a5"/>
      </symbol>
      <symbol id="sm-1a5">
         <name>DMA_CH1_ISR</name>
         <value>0xb258</value>
         <object_component_ref idref="oc-a5"/>
      </symbol>
      <symbol id="sm-1a6">
         <name>UPPA_ISR</name>
         <value>0xb4b0</value>
         <object_component_ref idref="oc-a5"/>
      </symbol>
      <symbol id="sm-1a7">
         <name>CLA1_8_ISR</name>
         <value>0xb3ca</value>
         <object_component_ref idref="oc-a5"/>
      </symbol>
      <symbol id="sm-1a8">
         <name>USER6_ISR</name>
         <value>0xb078</value>
         <object_component_ref idref="oc-a5"/>
      </symbol>
      <symbol id="sm-1a9">
         <name>CLA1_2_ISR</name>
         <value>0xb38e</value>
         <object_component_ref idref="oc-a5"/>
      </symbol>
      <symbol id="sm-1aa">
         <name>EMIF_ERROR_ISR</name>
         <value>0xb514</value>
         <object_component_ref idref="oc-a5"/>
      </symbol>
      <symbol id="sm-1ab">
         <name>USER8_ISR</name>
         <value>0xb08c</value>
         <object_component_ref idref="oc-a5"/>
      </symbol>
      <symbol id="sm-1ac">
         <name>MCBSPB_RX_ISR</name>
         <value>0xb244</value>
         <object_component_ref idref="oc-a5"/>
      </symbol>
      <symbol id="sm-1ad">
         <name>MCBSPB_TX_ISR</name>
         <value>0xb24e</value>
         <object_component_ref idref="oc-a5"/>
      </symbol>
      <symbol id="sm-1ae">
         <name>SPIB_RX_ISR</name>
         <value>0xb21c</value>
         <object_component_ref idref="oc-a5"/>
      </symbol>
      <symbol id="sm-1af">
         <name>SPIB_TX_ISR</name>
         <value>0xb226</value>
         <object_component_ref idref="oc-a5"/>
      </symbol>
      <symbol id="sm-1b0">
         <name>ECAP3_ISR</name>
         <value>0xb1c2</value>
         <object_component_ref idref="oc-a5"/>
      </symbol>
      <symbol id="sm-1b1">
         <name>EPWM1_ISR</name>
         <value>0xb15e</value>
         <object_component_ref idref="oc-a5"/>
      </symbol>
      <symbol id="sm-1b2">
         <name>IPC0_ISR</name>
         <value>0xb410</value>
         <object_component_ref idref="oc-a5"/>
      </symbol>
      <symbol id="sm-1b3">
         <name>DMA_CH2_ISR</name>
         <value>0xb262</value>
         <object_component_ref idref="oc-a5"/>
      </symbol>
      <symbol id="sm-1b4">
         <name>USER12_ISR</name>
         <value>0xb0b4</value>
         <object_component_ref idref="oc-a5"/>
      </symbol>
      <symbol id="sm-1b5">
         <name>XINT3_ISR</name>
         <value>0xb3d4</value>
         <object_component_ref idref="oc-a5"/>
      </symbol>
      <symbol id="sm-1b6">
         <name>USER1_ISR</name>
         <value>0xb046</value>
         <object_component_ref idref="oc-a5"/>
      </symbol>
      <symbol id="sm-1b7">
         <name>CLA1_3_ISR</name>
         <value>0xb398</value>
         <object_component_ref idref="oc-a5"/>
      </symbol>
      <symbol id="sm-1b8">
         <name>I2CA_ISR</name>
         <value>0xb294</value>
         <object_component_ref idref="oc-a5"/>
      </symbol>
      <symbol id="sm-1b9">
         <name>CANA0_ISR</name>
         <value>0xb30c</value>
         <object_component_ref idref="oc-a5"/>
      </symbol>
      <symbol id="sm-1ba">
         <name>CANB0_ISR</name>
         <value>0xb320</value>
         <object_component_ref idref="oc-a5"/>
      </symbol>
      <symbol id="sm-1bb">
         <name>EPWM1_TZ_ISR</name>
         <value>0xb10e</value>
         <object_component_ref idref="oc-a5"/>
      </symbol>
      <symbol id="sm-1bc">
         <name>I2CA_FIFO_ISR</name>
         <value>0xb29e</value>
         <object_component_ref idref="oc-a5"/>
      </symbol>
      <symbol id="sm-1bd">
         <name>EPWM2_ISR</name>
         <value>0xb168</value>
         <object_component_ref idref="oc-a5"/>
      </symbol>
      <symbol id="sm-1be">
         <name>USBA_ISR</name>
         <value>0xb4ba</value>
         <object_component_ref idref="oc-a5"/>
      </symbol>
      <symbol id="sm-1bf">
         <name>IPC1_ISR</name>
         <value>0xb41a</value>
         <object_component_ref idref="oc-a5"/>
      </symbol>
      <symbol id="sm-1c0">
         <name>RAM_CORRECTABLE_ERROR_ISR</name>
         <value>0xb51e</value>
         <object_component_ref idref="oc-a5"/>
      </symbol>
      <symbol id="sm-1c1">
         <name>ADCD_EVT_ISR</name>
         <value>0xb4ec</value>
         <object_component_ref idref="oc-a5"/>
      </symbol>
      <symbol id="sm-1c2">
         <name>DMA_CH3_ISR</name>
         <value>0xb26c</value>
         <object_component_ref idref="oc-a5"/>
      </symbol>
      <symbol id="sm-1c3">
         <name>ADCC_EVT_ISR</name>
         <value>0xb4c4</value>
         <object_component_ref idref="oc-a5"/>
      </symbol>
      <symbol id="sm-1c4">
         <name>EPWM11_ISR</name>
         <value>0xb474</value>
         <object_component_ref idref="oc-a5"/>
      </symbol>
      <symbol id="sm-1c5">
         <name>DATALOG_ISR</name>
         <value>0xb014</value>
         <object_component_ref idref="oc-a5"/>
      </symbol>
      <symbol id="sm-1c6">
         <name>XINT2_ISR</name>
         <value>0xb0e6</value>
         <object_component_ref idref="oc-a5"/>
      </symbol>
      <symbol id="sm-1c7">
         <name>PIE_RESERVED_ISR</name>
         <value>0xb564</value>
         <object_component_ref idref="oc-a5"/>
      </symbol>
      <symbol id="sm-1c8">
         <name>SCIB_RX_ISR</name>
         <value>0xb2f8</value>
         <object_component_ref idref="oc-a5"/>
      </symbol>
      <symbol id="sm-1c9">
         <name>SCIB_TX_ISR</name>
         <value>0xb302</value>
         <object_component_ref idref="oc-a5"/>
      </symbol>
      <symbol id="sm-1ca">
         <name>I2CB_ISR</name>
         <value>0xb2a8</value>
         <object_component_ref idref="oc-a5"/>
      </symbol>
      <symbol id="sm-1cb">
         <name>CANA1_ISR</name>
         <value>0xb316</value>
         <object_component_ref idref="oc-a5"/>
      </symbol>
      <symbol id="sm-1cc">
         <name>SPIC_RX_ISR</name>
         <value>0xb49c</value>
         <object_component_ref idref="oc-a5"/>
      </symbol>
      <symbol id="sm-1cd">
         <name>CANB1_ISR</name>
         <value>0xb32a</value>
         <object_component_ref idref="oc-a5"/>
      </symbol>
      <symbol id="sm-1ce">
         <name>SPIC_TX_ISR</name>
         <value>0xb4a6</value>
         <object_component_ref idref="oc-a5"/>
      </symbol>
      <symbol id="sm-1cf">
         <name>EPWM12_TZ_ISR</name>
         <value>0xb456</value>
         <object_component_ref idref="oc-a5"/>
      </symbol>
      <symbol id="sm-1d0">
         <name>ILLEGAL_ISR</name>
         <value>0xb03c</value>
         <object_component_ref idref="oc-a5"/>
      </symbol>
      <symbol id="sm-1d1">
         <name>EPWM3_ISR</name>
         <value>0xb172</value>
         <object_component_ref idref="oc-a5"/>
      </symbol>
      <symbol id="sm-1d2">
         <name>IPC2_ISR</name>
         <value>0xb424</value>
         <object_component_ref idref="oc-a5"/>
      </symbol>
      <symbol id="sm-1d3">
         <name>TIMER0_ISR</name>
         <value>0xb0fa</value>
         <object_component_ref idref="oc-a5"/>
      </symbol>
      <symbol id="sm-1d4">
         <name>EPWM10_ISR</name>
         <value>0xb46a</value>
         <object_component_ref idref="oc-a5"/>
      </symbol>
      <symbol id="sm-1d5">
         <name>USER3_ISR</name>
         <value>0xb05a</value>
         <object_component_ref idref="oc-a5"/>
      </symbol>
      <symbol id="sm-1e2">
         <name>PieVectTableInit</name>
         <value>0xa800</value>
         <object_component_ref idref="oc-ab"/>
      </symbol>
      <symbol id="sm-1fb">
         <name>main</name>
         <value>0x854a</value>
         <object_component_ref idref="oc-16a"/>
      </symbol>
      <symbol id="sm-23b">
         <name>Device_enableAllPeripherals</name>
         <value>0x80ee</value>
         <object_component_ref idref="oc-193"/>
      </symbol>
      <symbol id="sm-23c">
         <name>Device_initGPIO</name>
         <value>0x81d9</value>
         <object_component_ref idref="oc-193"/>
      </symbol>
      <symbol id="sm-23d">
         <name>Example_Fail</name>
         <value>0xaba6</value>
         <object_component_ref idref="oc-1f1"/>
      </symbol>
      <symbol id="sm-23e">
         <name>Example_setResultFail</name>
         <value>0x83f7</value>
         <object_component_ref idref="oc-193"/>
      </symbol>
      <symbol id="sm-23f">
         <name>Device_bootCPU2</name>
         <value>0x8271</value>
         <object_component_ref idref="oc-193"/>
      </symbol>
      <symbol id="sm-240">
         <name>Device_init</name>
         <value>0x80ae</value>
         <object_component_ref idref="oc-193"/>
      </symbol>
      <symbol id="sm-241">
         <name>Example_Result</name>
         <value>0xaba2</value>
         <object_component_ref idref="oc-1f1"/>
      </symbol>
      <symbol id="sm-242">
         <name>Device_enableUnbondedGPIOPullups</name>
         <value>0x822a</value>
         <object_component_ref idref="oc-193"/>
      </symbol>
      <symbol id="sm-243">
         <name>__error__</name>
         <value>0x83eb</value>
         <object_component_ref idref="oc-193"/>
      </symbol>
      <symbol id="sm-244">
         <name>Example_setResultPass</name>
         <value>0x83f2</value>
         <object_component_ref idref="oc-193"/>
      </symbol>
      <symbol id="sm-245">
         <name>Device_configureTMXAnalogTrim</name>
         <value>0x8240</value>
         <object_component_ref idref="oc-193"/>
      </symbol>
      <symbol id="sm-246">
         <name>Device_enableUnbondedGPIOPullupsFor176Pin</name>
         <value>0x81fa</value>
         <object_component_ref idref="oc-193"/>
      </symbol>
      <symbol id="sm-247">
         <name>Example_done</name>
         <value>0x83fc</value>
         <object_component_ref idref="oc-193"/>
      </symbol>
      <symbol id="sm-248">
         <name>Example_PassCount</name>
         <value>0xaba4</value>
         <object_component_ref idref="oc-1f1"/>
      </symbol>
      <symbol id="sm-249">
         <name>Device_enableUnbondedGPIOPullupsFor100Pin</name>
         <value>0x820d</value>
         <object_component_ref idref="oc-193"/>
      </symbol>
      <symbol id="sm-28b">
         <name>GPIO_setQualificationMode</name>
         <value>0x870c</value>
         <object_component_ref idref="oc-1df"/>
      </symbol>
      <symbol id="sm-28c">
         <name>GPIO_setPadConfig</name>
         <value>0x8576</value>
         <object_component_ref idref="oc-199"/>
      </symbol>
      <symbol id="sm-28d">
         <name>GPIO_setDirectionMode</name>
         <value>0x8743</value>
         <object_component_ref idref="oc-19f"/>
      </symbol>
      <symbol id="sm-28e">
         <name>GPIO_setPinConfig</name>
         <value>0x86d5</value>
         <object_component_ref idref="oc-1e5"/>
      </symbol>
      <symbol id="sm-28f">
         <name>GPIO_setControllerCore</name>
         <value>0x869e</value>
         <object_component_ref idref="oc-1eb"/>
      </symbol>
      <symbol id="sm-2c9">
         <name>Interrupt_defaultHandler</name>
         <value>0x88e4</value>
         <object_component_ref idref="oc-b3"/>
      </symbol>
      <symbol id="sm-2ca">
         <name>Interrupt_initModule</name>
         <value>0x8661</value>
         <object_component_ref idref="oc-1a5"/>
      </symbol>
      <symbol id="sm-2cb">
         <name>Interrupt_nmiHandler</name>
         <value>0x8984</value>
         <object_component_ref idref="oc-c5"/>
      </symbol>
      <symbol id="sm-2cc">
         <name>Interrupt_initVectorTable</name>
         <value>0x8847</value>
         <object_component_ref idref="oc-b4"/>
      </symbol>
      <symbol id="sm-2cd">
         <name>Interrupt_illegalOperationHandler</name>
         <value>0xb7f6</value>
         <object_component_ref idref="oc-bf"/>
      </symbol>
      <symbol id="sm-3a6">
         <name>SysCtl_delay</name>
         <value>0x123</value>
         <object_component_ref idref="oc-1ab"/>
      </symbol>
      <symbol id="sm-3a7">
         <name>SysCtl_getDeviceParametric</name>
         <value>0xb78e</value>
         <object_component_ref idref="oc-1c6"/>
      </symbol>
      <symbol id="sm-3a8">
         <name>SysCtl_selectXTAL</name>
         <value>0x83fd</value>
         <object_component_ref idref="oc-247"/>
      </symbol>
      <symbol id="sm-3a9">
         <name>SysCtl_selectOscSource</name>
         <value>0x8619</value>
         <object_component_ref idref="oc-220"/>
      </symbol>
      <symbol id="sm-3aa">
         <name>SysCtl_getLowSpeedClock</name>
         <value>0x889c</value>
         <object_component_ref idref="oc-1d9"/>
      </symbol>
      <symbol id="sm-3ab">
         <name>SysCtl_setClock</name>
         <value>0xb585</value>
         <object_component_ref idref="oc-1cc"/>
      </symbol>
      <symbol id="sm-3ac">
         <name>SysCtl_getClock</name>
         <value>0x85c8</value>
         <object_component_ref idref="oc-1d2"/>
      </symbol>
      <symbol id="sm-3b6">
         <name>_c_int00</name>
         <value>0x88cd</value>
         <object_component_ref idref="oc-109"/>
      </symbol>
      <symbol id="sm-3b7">
         <name>__stack</name>
         <value>0x400</value>
         <object_component_ref idref="oc-cb"/>
      </symbol>
      <symbol id="sm-3c5">
         <name>__c28xabi_divf</name>
         <value>0x848d</value>
         <object_component_ref idref="oc-22c"/>
      </symbol>
      <symbol id="sm-3d3">
         <name>_system_pre_init</name>
         <value>0x89b7</value>
         <object_component_ref idref="oc-121"/>
      </symbol>
      <symbol id="sm-3e2">
         <name>__TI_auto_init_nobinit_nopinit</name>
         <value>0x87a4</value>
         <object_component_ref idref="oc-13a"/>
      </symbol>
      <symbol id="sm-3f0">
         <name>__TI_decompress_none</name>
         <value>0x89a8</value>
         <object_component_ref idref="oc-99"/>
      </symbol>
      <symbol id="sm-404">
         <name>__TI_decompress_lzss</name>
         <value>0x8774</value>
         <object_component_ref idref="oc-93"/>
      </symbol>
      <symbol id="sm-41a">
         <name>C$$EXIT</name>
         <value>0x87cf</value>
         <object_component_ref idref="oc-12e"/>
      </symbol>
      <symbol id="sm-41b">
         <name>abort</name>
         <value>0x87cf</value>
         <object_component_ref idref="oc-12e"/>
      </symbol>
      <symbol id="sm-41c">
         <name>exit</name>
         <value>0x87d1</value>
         <object_component_ref idref="oc-12e"/>
      </symbol>
      <symbol id="sm-41d">
         <name>__TI_dtors_ptr</name>
         <value>0xabac</value>
         <object_component_ref idref="oc-172"/>
      </symbol>
      <symbol id="sm-41e">
         <name>__TI_cleanup_ptr</name>
         <value>0xabaa</value>
         <object_component_ref idref="oc-172"/>
      </symbol>
      <symbol id="sm-41f">
         <name>__TI_enable_exit_profile_output</name>
         <value>0xaba8</value>
         <object_component_ref idref="oc-172"/>
      </symbol>
      <symbol id="sm-436">
         <name>_nop</name>
         <value>0x899f</value>
         <object_component_ref idref="oc-1b3"/>
      </symbol>
      <symbol id="sm-437">
         <name>_lock</name>
         <value>0xabae</value>
         <object_component_ref idref="oc-175"/>
      </symbol>
      <symbol id="sm-438">
         <name>_unlock</name>
         <value>0xabb0</value>
         <object_component_ref idref="oc-20a"/>
      </symbol>
      <symbol id="sm-439">
         <name>_register_lock</name>
         <value>0x899b</value>
         <object_component_ref idref="oc-1b3"/>
      </symbol>
      <symbol id="sm-43a">
         <name>_register_unlock</name>
         <value>0x8997</value>
         <object_component_ref idref="oc-1b3"/>
      </symbol>
      <symbol id="sm-449">
         <name>_args_main</name>
         <value>0x896d</value>
         <object_component_ref idref="oc-128"/>
      </symbol>
      <symbol id="sm-45d">
         <name>memcpy</name>
         <value>0x8865</value>
         <object_component_ref idref="oc-ce"/>
      </symbol>
      <symbol id="sm-46a">
         <name>_system_post_cinit</name>
         <value>0x89b9</value>
         <object_component_ref idref="oc-17d"/>
      </symbol>
      <symbol id="sm-46c">
         <name>__c_args__</name>
         <value>0x0</value>
      </symbol>
   </symbol_table>
   <title>Link errors: red sections failed placement,available memory ranges in purple</title>
</link_info>
