******************************************************************************
             TMS320C2000 Linker Unix v22.6.1                   
******************************************************************************
>> Linked Fri Jan  3 10:09:11 2025

OUTPUT FILE NAME:   <c2000_cla_lab.out>
ENTRY POINT SYMBOL: "code_start"  address: 00000000


MEMORY CONFIGURATION

         name            origin    length      used     unused   attr    fill
----------------------  --------  ---------  --------  --------  ----  --------
PAGE 0:
  BEGIN                 00000000   00000002  00000002  00000000  RWIX
  RAMM0                 00000123   000002dd  0000003a  000002a3  RWIX
  RAMLS4                0000a000   00000800  00000000  00000800  RWIX
  RAMLS5                0000a800   00000800  000001b0  00000650  RWIX
  RAMD0                 0000b000   00000800  00000000  00000800  RWIX
  RAMD1                 0000b800   00000800  00000000  00000800  RWIX
  RESET                 003fffc0   00000002  00000000  00000002  RWIX

PAGE 1:
  BOOT_RSVD             00000002   00000121  00000000  00000121  RWIX
  RAMM1                 00000400   000003f8  000003f8  00000000  RWIX
  CLA1_MSGRAMLOW        00001480   00000080  00000004  0000007c  RWIX
  CLA1_MSGRAMHIGH       00001500   00000080  00000000  00000080  RWIX
  EMIF2_CS2n            00002000   00001000  00000000  00001000  RWIX
  RAMLS0                00008000   00000800  00000000  00000800  RWIX
  RAMLS1                00008800   00000800  00000186  0000067a  RWIX
  RAMLS2                00009000   00000800  00000200  00000600  RWIX
  RAMLS3                00009800   00000800  0000043f  000003c1  RWIX
  RAMGS0                0000c000   00001000  00000000  00001000  RWIX
  RAMGS1                0000d000   00001000  00000000  00001000  RWIX
  RAMGS2                0000e000   00001000  00000000  00001000  RWIX
  RAMGS3                0000f000   00001000  00001000  00000000  RWIX
  RAMGS4                00010000   00001000  00000922  000006de  RWIX
  RAMGS5                00011000   00001000  00000000  00001000  RWIX
  RAMGS6                00012000   00001000  00000000  00001000  RWIX
  RAMGS7                00013000   00001000  00000000  00001000  RWIX
  RAMGS8                00014000   00001000  00000000  00001000  RWIX
  RAMGS9                00015000   00001000  00000000  00001000  RWIX
  RAMGS10               00016000   00001000  00000000  00001000  RWIX
  RAMGS11               00017000   00001000  00000000  00001000  RWIX
  RAMGS12               00018000   00001000  00000000  00001000  RWIX
  RAMGS13               00019000   00001000  00000000  00001000  RWIX
  RAMGS14               0001a000   00001000  00000000  00001000  RWIX
  RAMGS15               0001b000   00000ff8  00000000  00000ff8  RWIX
  CANA_MSG_RAM          00049000   00000800  00000000  00000800  RWIX
  CANB_MSG_RAM          0004b000   00000800  00000000  00000800  RWIX
  EMIF1_CS2n            00100000   00200000  00000000  00200000  RWIX
  EMIF1_CS3n            00300000   00080000  00000000  00080000  RWIX
  EMIF1_CS4n            00380000   00060000  00000000  00060000  RWIX
  EMIF1_CS0n            80000000   10000000  00000000  10000000  RWIX
  EMIF2_CS0n            90000000   10000000  00000000  10000000  RWIX


SECTION ALLOCATION MAP

 output                                  attributes/
section   page    origin      length       input sections
--------  ----  ----------  ----------   ----------------
codestart 
*          0    00000000    00000002     
                  00000000    00000002     F2837xD_CodeStartBranch.obj (codestart)

.cinit     0    00000128    00000036     
                  00000128    0000000b     (.cinit..data.load) [load image, compression = lzss]
                  00000133    00000001     --HOLE-- [fill = 0]
                  00000134    00000006     (__TI_handler_table)
                  0000013a    00000004     (.cinit..bss.load) [load image, compression = zero_init]
                  0000013e    00000004     (.cinit..bss_cla.load) [load image, compression = zero_init]
                  00000142    00000004     (.cinit..scratchpad.load) [load image, compression = zero_init]
                  00000146    00000004     (.cinit.Cla1ToCpuMsgRAM.load) [load image, compression = zero_init]
                  0000014a    00000014     (__TI_cinit_table)

.reset     0    003fffc0    00000000     DSECT

.stack     1    00000400    000003f8     UNINITIALIZED
                  00000400    000003f8     --HOLE--

.bss       1    00009000    00000200     UNINITIALIZED
                  00009000    00000100     lab_main.obj (.bss:AdcBuf)
                  00009100    00000100     lab_main.obj (.bss:ClaBuf)

.init_array 
*          0    00000123    00000000     UNINITIALIZED

.const     1    00009800    0000042b     
                  00009800    0000013d     board.obj (.const:.string)
                  0000993d    00000001     --HOLE-- [fill = 0]
                  0000993e    000000c2     driverlib_eabi.lib : sysctl.obj (.const:.string)
                  00009a00    000000bc                        : gpio.obj (.const:.string)
                  00009abc    0000009d     lab_main.obj (.const:.string)
                  00009b59    00000001     --HOLE-- [fill = 0]
                  00009b5a    00000060     driverlib_eabi.lib : memcfg.obj (.const:.string)
                  00009bba    0000005d                        : adc.obj (.const:.string)
                  00009c17    00000001     --HOLE-- [fill = 0]
                  00009c18    00000013     device.obj (.const:.string)

.data      1    00009c2c    00000014     UNINITIALIZED
                  00009c2c    00000006     device.obj (.data)
                  00009c32    00000006     rts2800_fpu32_eabi.lib : exit.c.obj (.data)
                  00009c38    00000003     lab_main.obj (.data)
                  00009c3b    00000001     --HOLE--
                  00009c3c    00000002     rts2800_fpu32_eabi.lib : _lock.c.obj (.data:_lock)
                  00009c3e    00000002                            : _lock.c.obj (.data:_unlock)

Cla1Prog   0    0000a800    000001b0     
                  0000a800    000000ce     lab_cla_tasks.obj (Cla1Prog:Cla1Task1)
                  0000a8ce    0000007c     lab_cla_tasks.obj (Cla1Prog:ADC_readResult)
                  0000a94a    00000066     lab_cla_tasks.obj (Cla1Prog:Cla1Task8)

Cla1ToCpuMsgRAM 
*          1    00001480    00000004     UNINITIALIZED
                  00001480    00000004     lab_main.obj (Cla1ToCpuMsgRAM)

.TI.ramfunc 
*          0    00000123    00000004     
                  00000123    00000004     driverlib_eabi.lib : sysctl.obj (.TI.ramfunc)

CLAscratch 
*          1    00008800    00000100     UNINITIALIZED
                  00008800    00000100     --HOLE--

.bss_cla   1    00008900    00000040     UNINITIALIZED
                  00008900    00000040     lab_cla_tasks.obj (.bss_cla:delay)

.const_cla 
*          1    00008940    00000040     
                  00008940    00000040     lab_cla_tasks.obj (.const_cla:coeffs)

.scratchpad 
*          1    00008980    00000006     UNINITIALIZED
                  00008980    00000002     lab_cla_tasks.obj (.scratchpad:Cla1Prog:Cla1Task8)
                  00008980    00000004     lab_cla_tasks.obj (.scratchpad:Cla1Prog:ADC_readResult)
                  00008984    00000002     lab_cla_tasks.obj (.scratchpad:Cla1Prog:Cla1Task1)

.text.1    1    0000f000    00001000     
                  0000f000    000008f9     board.obj (.text)
                  0000f8f9    000003fd     device.obj (.text)
                  0000fcf6    00000209     driverlib_eabi.lib : sysctl.obj (.text:SysCtl_setClock)
                  0000feff    00000091                        : memcfg.obj (.text:MemCfg_getInitStatus)
                  0000ff90    0000006f                        : adc.obj (.text:ADC_setINLTrim)
                  0000ffff    00000001     rts2800_fpu32_eabi.lib : startup.c.obj (.text)

.text.2    1    00010000    00000922     
                  00010000    00000090     driverlib_eabi.lib : sysctl.obj (.text:SysCtl_selectXTAL)
                  00010090    0000008b                        : memcfg.obj (.text:MemCfg_setProtection)
                  0001011b    00000088     rts2800_fpu32_eabi.lib : fs_div28.asm.obj (.text)
                  000101a3    0000007c     driverlib_eabi.lib : memcfg.obj (.text:MemCfg_initSections)
                  0001021f    0000006e     lab_main.obj (.text)
                  0001028d    00000068     driverlib_eabi.lib : sysctl.obj (.text:SysCtl_getDeviceParametric)
                  000102f5    00000068     lab_main.obj (.text:retain)
                  0001035d    00000060     driverlib_eabi.lib : adc.obj (.text:ADC_setOffsetTrim)
                  000103bd    00000052                        : gpio.obj (.text:GPIO_setPadConfig)
                  0001040f    00000051                        : sysctl.obj (.text:SysCtl_getClock)
                  00010460    00000048                        : sysctl.obj (.text:SysCtl_selectOscSource)
                  000104a8    0000003d                        : interrupt.obj (.text:Interrupt_initModule)
                  000104e5    00000039                        : memcfg.obj (.text:MemCfg_setLSRAMControllerSel)
                  0001051e    00000037                        : gpio.obj (.text:GPIO_setControllerCore)
                  00010555    00000037                        : gpio.obj (.text:GPIO_setPinConfig)
                  0001058c    00000037                        : gpio.obj (.text:GPIO_setQualificationMode)
                  000105c3    00000037                        : interrupt.obj (.text:Interrupt_enable)
                  000105fa    00000031                        : gpio.obj (.text:GPIO_setDirectionMode)
                  0001062b    00000030     rts2800_fpu32_eabi.lib : copy_decompress_lzss.c.obj (.text:decompress:lzss)
                  0001065b    0000002f     driverlib_eabi.lib : adc.obj (.text:ADC_setMode)
                  0001068a    0000002b     rts2800_fpu32_eabi.lib : autoinit.c.obj (.text:__TI_auto_init_nobinit_nopinit)
                  000106b5    00000029                            : exit.c.obj (.text)
                  000106de    00000028     driverlib_eabi.lib : sysctl.obj (.text:CPUTimer_selectClockSource)
                  00010706    00000026                        : cla.obj (.text:CLA_setTriggerSource)
                  0001072c    00000026                        : memcfg.obj (.text:MemCfg_setGSRAMControllerSel)
                  00010752    0000001f                        : sysctl.obj (.text:CPUTimer_getTimerOverflowStatus)
                  00010771    0000001e                        : interrupt.obj (.text:Interrupt_initVectorTable)
                  0001078f    0000001d     rts2800_fpu32_eabi.lib : memcpy.c.obj (.text)
                  000107ac    0000001b     driverlib_eabi.lib : adc.obj (.text:ADC_isBaseValid)
                  000107c7    0000001a                        : sysctl.obj (.text:CPUTimer_startTimer)
                  000107e1    0000001a                        : sysctl.obj (.text:SysCtl_getLowSpeedClock)
                  000107fb    00000017                        : sysctl.obj (.text:CPUTimer_isBaseValid)
                  00010812    00000017     rts2800_fpu32_eabi.lib : boot28.asm.obj (.text)
                  00010829    00000016     driverlib_eabi.lib : interrupt.obj (.text:Interrupt_defaultHandler)
                  0001083f    00000014                        : sysctl.obj (.text:CPUTimer_stopTimer)
                  00010853    00000012                        : sysctl.obj (.text:CPUTimer_clearOverflowFlag)
                  00010865    00000012                        : sysctl.obj (.text:CPUTimer_disableInterrupt)
                  00010877    00000011                        : sysctl.obj (.text:CPUTimer_setPeriod)
                  00010888    0000000f                        : sysctl.obj (.text:SysCtl_pollCpuTimer)
                  00010897    0000000e                        : gpio.obj (.text:GPIO_isPinValid)
                  000108a5    0000000d                        : interrupt.obj (.text:Interrupt_disableGlobal)
                  000108b2    0000000d                        : interrupt.obj (.text:Interrupt_enableGlobal)
                  000108bf    0000000d     rts2800_fpu32_eabi.lib : copy_zero_init.c.obj (.text:decompress:ZI:__TI_zero_init_nomemset)
                  000108cc    0000000c                            : args_main.c.obj (.text)
                  000108d8    0000000b     driverlib_eabi.lib : sysctl.obj (.text:SysCtl_isMCDClockFailureDetected)
                  000108e3    0000000a                        : interrupt.obj (.text:Interrupt_illegalOperationHandler)
                  000108ed    0000000a                        : interrupt.obj (.text:Interrupt_nmiHandler)
                  000108f7    00000009                        : sysctl.obj (.text:SysCtl_serviceWatchdog)
                  00010900    00000009     rts2800_fpu32_eabi.lib : _lock.c.obj (.text)
                  00010909    00000008     F2837xD_CodeStartBranch.obj (.text)
                  00010911    00000008     rts2800_fpu32_eabi.lib : copy_decompress_none.c.obj (.text:decompress:none)
                  00010919    00000007     driverlib_eabi.lib : sysctl.obj (.text:SysCtl_resetMCD)
                  00010920    00000002     rts2800_fpu32_eabi.lib : pre_init.c.obj (.text)

MODULE SUMMARY

       Module                        code   ro data   rw data
       ------                        ----   -------   -------
    ./
       lab_main.obj                  214    157       519    
       lab_cla_tasks.obj             432    64        72     
    +--+-----------------------------+------+---------+---------+
       Total:                        646    221       591    
                                                             
    ./device/
       device.obj                    1021   19        6      
       F2837xD_CodeStartBranch.obj   10     0         0      
    +--+-----------------------------+------+---------+---------+
       Total:                        1031   19        6      
                                                             
    ./syscfg/
       board.obj                     2297   317       0      
    +--+-----------------------------+------+---------+---------+
       Total:                        2297   317       0      
                                                             
    /Applications/ti/c2000/C2000Ware_5_04_00_00/driverlib/f2837xd/driverlib/ccs/Debug/driverlib_eabi.lib
       sysctl.obj                    1187   194       0      
       memcfg.obj                    503    96        0      
       gpio.obj                      310    188       0      
       adc.obj                       281    93        0      
       interrupt.obj                 214    0         0      
       cla.obj                       38     0         0      
    +--+-----------------------------+------+---------+---------+
       Total:                        2533   571       0      
                                                             
    /Applications/ti/ccs2000/ccs/tools/compiler/ti-cgt-c2000_22.6.1A23259/lib/rts2800_fpu32_eabi.lib
       fs_div28.asm.obj              136    0         0      
       copy_decompress_lzss.c.obj    48     0         0      
       exit.c.obj                    41     0         6      
       autoinit.c.obj                43     0         0      
       memcpy.c.obj                  29     0         0      
       boot28.asm.obj                23     0         0      
       _lock.c.obj                   9      0         4      
       copy_zero_init.c.obj          13     0         0      
       args_main.c.obj               12     0         0      
       copy_decompress_none.c.obj    8      0         0      
       pre_init.c.obj                2      0         0      
       startup.c.obj                 1      0         0      
    +--+-----------------------------+------+---------+---------+
       Total:                        365    0         10     
                                                             
       Stack:                        0      0         1016   
       Linker Generated:             0      53        0      
    +--+-----------------------------+------+---------+---------+
       Grand Total:                  6872   1181      1623   


LINKER GENERATED COPY TABLES

__TI_cinit_table @ 0000014a records: 5, size/record: 4, table size: 20
	.data: load addr=00000128, load size=0000000b bytes, run addr=00009c2c, run size=00000014 bytes, compression=lzss
	.bss: load addr=0000013a, load size=00000004 bytes, run addr=00009000, run size=00000200 bytes, compression=zero_init
	.bss_cla: load addr=0000013e, load size=00000004 bytes, run addr=00008900, run size=00000040 bytes, compression=zero_init
	.scratchpad: load addr=00000142, load size=00000004 bytes, run addr=00008980, run size=00000006 bytes, compression=zero_init
	Cla1ToCpuMsgRAM: load addr=00000146, load size=00000004 bytes, run addr=00001480, run size=00000004 bytes, compression=zero_init


LINKER GENERATED HANDLER TABLE

__TI_handler_table @ 00000134 records: 3, size/record: 2, table size: 6
	index: 0, handler: __TI_zero_init
	index: 1, handler: __TI_decompress_lzss
	index: 2, handler: __TI_decompress_none


GLOBAL DATA SYMBOLS: SORTED BY DATA PAGE

address     data page           name
--------    ----------------    ----
00000400      10 (00000400)     __stack

00001480      52 (00001480)     filter_out
00001482      52 (00001480)     filter_in

00008900     224 (00008900)     delay

00008940     225 (00008940)     coeffs

00009000     240 (00009000)     AdcBuf

00009100     244 (00009100)     ClaBuf

00009c2c     270 (00009c00)     Example_Result
00009c2e     270 (00009c00)     Example_PassCount
00009c30     270 (00009c00)     Example_Fail
00009c32     270 (00009c00)     __TI_enable_exit_profile_output
00009c34     270 (00009c00)     __TI_cleanup_ptr
00009c36     270 (00009c00)     __TI_dtors_ptr
00009c38     270 (00009c00)     ClaBufIdx
00009c39     270 (00009c00)     AdcBufIdx
00009c3a     270 (00009c00)     LedCtr
00009c3c     270 (00009c00)     _lock
00009c3e     270 (00009c00)     _unlock


GLOBAL SYMBOLS: SORTED ALPHABETICALLY BY Name 

page  address   name                                     
----  -------   ----                                     
1     0000f58b  ADC_init                                 
1     0000ff90  ADC_setINLTrim                           
1     0001065b  ADC_setMode                              
1     0001035d  ADC_setOffsetTrim                        
1     00009000  AdcBuf                                   
1     00009c39  AdcBufIdx                                
1     0000f53a  Board_init                               
1     000106b5  C$$EXIT                                  
abs   00000100  CLA_SCRATCHPAD_SIZE                      
1     0000f5f6  CLA_init                                 
1     00010706  CLA_setTriggerSource                     
0     0000a800  Cla1Task1                                
0     0000a94a  Cla1Task8                                
1     00009100  ClaBuf                                   
1     00009c38  ClaBufIdx                                
1     0000fb6a  Device_bootCPU2                          
1     0000fb39  Device_configureTMXAnalogTrim            
1     0000f9e7  Device_enableAllPeripherals              
1     0000fb23  Device_enableUnbondedGPIOPullups         
1     0000fb06  Device_enableUnbondedGPIOPullupsFor100Pin
1     0000faf3  Device_enableUnbondedGPIOPullupsFor176Pin
1     0000f9a7  Device_init                              
1     0000fad2  Device_initGPIO                          
1     0000f5f9  EPWM_init                                
1     00009c30  Example_Fail                             
1     00009c2e  Example_PassCount                        
1     00009c2c  Example_Result                           
1     0000fcf5  Example_done                             
1     0000fcf0  Example_setResultFail                    
1     0000fceb  Example_setResultPass                    
1     0000f762  GPIO_init                                
1     0001051e  GPIO_setControllerCore                   
1     000105fa  GPIO_setDirectionMode                    
1     000103bd  GPIO_setPadConfig                        
1     00010555  GPIO_setPinConfig                        
1     0001058c  GPIO_setQualificationMode                
1     0000f779  INTERRUPT_init                           
1     00010829  Interrupt_defaultHandler                 
1     000105c3  Interrupt_enable                         
1     000108e3  Interrupt_illegalOperationHandler        
1     000104a8  Interrupt_initModule                     
1     00010771  Interrupt_initVectorTable                
1     000108ed  Interrupt_nmiHandler                     
1     00009c3a  LedCtr                                   
1     0000f786  MEMCFG_init                              
1     0000feff  MemCfg_getInitStatus                     
1     000101a3  MemCfg_initSections                      
1     0001072c  MemCfg_setGSRAMControllerSel             
1     000104e5  MemCfg_setLSRAMControllerSel             
1     00010090  MemCfg_setProtection                     
1     0000f54d  PinMux_init                              
1     0000f8db  SYNC_init                                
0     00000123  SysCtl_delay                             
1     0001040f  SysCtl_getClock                          
1     0001028d  SysCtl_getDeviceParametric               
1     000107e1  SysCtl_getLowSpeedClock                  
1     00010460  SysCtl_selectOscSource                   
1     00010000  SysCtl_selectXTAL                        
1     0000fcf6  SysCtl_setClock                          
0     0000014a  __TI_CINIT_Base                          
0     0000015e  __TI_CINIT_Limit                         
0     0000015e  __TI_CINIT_Warm                          
0     00000134  __TI_Handler_Table_Base                  
0     0000013a  __TI_Handler_Table_Limit                 
1     000007f8  __TI_STACK_END                           
abs   000003f8  __TI_STACK_SIZE                          
1     0001068a  __TI_auto_init_nobinit_nopinit           
1     00009c34  __TI_cleanup_ptr                         
1     0001062b  __TI_decompress_lzss                     
1     00010911  __TI_decompress_none                     
1     00009c36  __TI_dtors_ptr                           
1     00009c32  __TI_enable_exit_profile_output          
abs   ffffffff  __TI_pprof_out_hndl                      
abs   ffffffff  __TI_prof_data_size                      
abs   ffffffff  __TI_prof_data_start                     
1     000108bf  __TI_zero_init_nomemset                  
1     0001011b  __c28xabi_divf                           
n/a   UNDEFED   __c_args__                               
1     0000fce4  __error__                                
1     00000400  __stack                                  
1     000108cc  _args_main                               
1     00010812  _c_int00                                 
1     00009c3c  _lock                                    
1     00010908  _nop                                     
1     00010904  _register_lock                           
1     00010900  _register_unlock                         
1     0000ffff  _system_post_cinit                       
1     00010920  _system_pre_init                         
1     00009c3e  _unlock                                  
1     000106b5  abort                                    
1     000102f5  cla1Isr1                                 
0     00000000  code_start                               
1     00008940  coeffs                                   
1     00008900  delay                                    
1     000106b7  exit                                     
1     00001482  filter_in                                
1     00001480  filter_out                               
1     00010281  main                                     
1     0001078f  memcpy                                   
1     0000f58e  myADC0_init                              
1     0000f765  myBoardLED0_GPIO_init                    
1     0000f5d6  myCLA0_init                              


GLOBAL SYMBOLS: SORTED BY Symbol Address 

page  address   name                                     
----  -------   ----                                     
0     00000000  code_start                               
0     00000123  SysCtl_delay                             
0     00000134  __TI_Handler_Table_Base                  
0     0000013a  __TI_Handler_Table_Limit                 
0     0000014a  __TI_CINIT_Base                          
0     0000015e  __TI_CINIT_Limit                         
0     0000015e  __TI_CINIT_Warm                          
0     0000a800  Cla1Task1                                
0     0000a94a  Cla1Task8                                
1     00000400  __stack                                  
1     000007f8  __TI_STACK_END                           
1     00001480  filter_out                               
1     00001482  filter_in                                
1     00008900  delay                                    
1     00008940  coeffs                                   
1     00009000  AdcBuf                                   
1     00009100  ClaBuf                                   
1     00009c2c  Example_Result                           
1     00009c2e  Example_PassCount                        
1     00009c30  Example_Fail                             
1     00009c32  __TI_enable_exit_profile_output          
1     00009c34  __TI_cleanup_ptr                         
1     00009c36  __TI_dtors_ptr                           
1     00009c38  ClaBufIdx                                
1     00009c39  AdcBufIdx                                
1     00009c3a  LedCtr                                   
1     00009c3c  _lock                                    
1     00009c3e  _unlock                                  
1     0000f53a  Board_init                               
1     0000f54d  PinMux_init                              
1     0000f58b  ADC_init                                 
1     0000f58e  myADC0_init                              
1     0000f5d6  myCLA0_init                              
1     0000f5f6  CLA_init                                 
1     0000f5f9  EPWM_init                                
1     0000f762  GPIO_init                                
1     0000f765  myBoardLED0_GPIO_init                    
1     0000f779  INTERRUPT_init                           
1     0000f786  MEMCFG_init                              
1     0000f8db  SYNC_init                                
1     0000f9a7  Device_init                              
1     0000f9e7  Device_enableAllPeripherals              
1     0000fad2  Device_initGPIO                          
1     0000faf3  Device_enableUnbondedGPIOPullupsFor176Pin
1     0000fb06  Device_enableUnbondedGPIOPullupsFor100Pin
1     0000fb23  Device_enableUnbondedGPIOPullups         
1     0000fb39  Device_configureTMXAnalogTrim            
1     0000fb6a  Device_bootCPU2                          
1     0000fce4  __error__                                
1     0000fceb  Example_setResultPass                    
1     0000fcf0  Example_setResultFail                    
1     0000fcf5  Example_done                             
1     0000fcf6  SysCtl_setClock                          
1     0000feff  MemCfg_getInitStatus                     
1     0000ff90  ADC_setINLTrim                           
1     0000ffff  _system_post_cinit                       
1     00010000  SysCtl_selectXTAL                        
1     00010090  MemCfg_setProtection                     
1     0001011b  __c28xabi_divf                           
1     000101a3  MemCfg_initSections                      
1     00010281  main                                     
1     0001028d  SysCtl_getDeviceParametric               
1     000102f5  cla1Isr1                                 
1     0001035d  ADC_setOffsetTrim                        
1     000103bd  GPIO_setPadConfig                        
1     0001040f  SysCtl_getClock                          
1     00010460  SysCtl_selectOscSource                   
1     000104a8  Interrupt_initModule                     
1     000104e5  MemCfg_setLSRAMControllerSel             
1     0001051e  GPIO_setControllerCore                   
1     00010555  GPIO_setPinConfig                        
1     0001058c  GPIO_setQualificationMode                
1     000105c3  Interrupt_enable                         
1     000105fa  GPIO_setDirectionMode                    
1     0001062b  __TI_decompress_lzss                     
1     0001065b  ADC_setMode                              
1     0001068a  __TI_auto_init_nobinit_nopinit           
1     000106b5  C$$EXIT                                  
1     000106b5  abort                                    
1     000106b7  exit                                     
1     00010706  CLA_setTriggerSource                     
1     0001072c  MemCfg_setGSRAMControllerSel             
1     00010771  Interrupt_initVectorTable                
1     0001078f  memcpy                                   
1     000107e1  SysCtl_getLowSpeedClock                  
1     00010812  _c_int00                                 
1     00010829  Interrupt_defaultHandler                 
1     000108bf  __TI_zero_init_nomemset                  
1     000108cc  _args_main                               
1     000108e3  Interrupt_illegalOperationHandler        
1     000108ed  Interrupt_nmiHandler                     
1     00010900  _register_unlock                         
1     00010904  _register_lock                           
1     00010908  _nop                                     
1     00010911  __TI_decompress_none                     
1     00010920  _system_pre_init                         
abs   00000100  CLA_SCRATCHPAD_SIZE                      
abs   000003f8  __TI_STACK_SIZE                          
abs   ffffffff  __TI_pprof_out_hndl                      
abs   ffffffff  __TI_prof_data_size                      
abs   ffffffff  __TI_prof_data_start                     
n/a   UNDEFED   __c_args__                               

[102 symbols]
