******************************************************************************
             TMS320C2000 Linker Unix v22.6.1                   
******************************************************************************
>> Linked Fri Dec 27 15:23:24 2024

OUTPUT FILE NAME:   <lab_cla_lp_f2837xd.out>
ENTRY POINT SYMBOL: "code_start"  address: 00000000


MEMORY CONFIGURATION

         name            origin    length      used     unused   attr    fill
----------------------  --------  ---------  --------  --------  ----  --------
PAGE 0:
  BEGIN                 00000000   00000002  00000002  00000000  RWIX
  RAMM0                 00000123   000002dd  0000002a  000002b3  RWIX
  RAMLS4                0000a000   00000800  00000000  00000800  RWIX
  RAMLS5                0000a800   00000800  00000000  00000800  RWIX
  RAMD0                 0000b000   00000800  00000000  00000800  RWIX
  RAMD1                 0000b800   00000800  00000000  00000800  RWIX
  RESET                 003fffc0   00000002  00000000  00000002  RWIX

PAGE 1:
  BOOT_RSVD             00000002   00000121  00000000  00000121  RWIX
  RAMM1                 00000400   000003f8  000003f8  00000000  RWIX
  CLA1_MSGRAMLOW        00001480   00000080  00000004  0000007c  RWIX
  CLA1_MSGRAMHIGH       00001500   00000080  00000000  00000080  RWIX
  EMIF2_CS2n            00002000   00001000  00000000  00001000  RWIX
  RAMLS0                00008000   00000800  00000000  00000800  RWIX
  RAMLS1                00008800   00000800  00000100  00000700  RWIX
  RAMLS2                00009000   00000800  00000240  000005c0  RWIX
  RAMLS3                00009800   00000800  0000047f  00000381  RWIX
  RAMGS0                0000c000   00001000  00000000  00001000  RWIX
  RAMGS1                0000d000   00001000  00000000  00001000  RWIX
  RAMGS2                0000e000   00001000  00000000  00001000  RWIX
  RAMGS3                0000f000   00001000  00001000  00000000  RWIX
  RAMGS4                00010000   00001000  000009f4  0000060c  RWIX
  RAMGS5                00011000   00001000  00000000  00001000  RWIX
  RAMGS6                00012000   00001000  00000000  00001000  RWIX
  RAMGS7                00013000   00001000  00000000  00001000  RWIX
  RAMGS8                00014000   00001000  00000000  00001000  RWIX
  RAMGS9                00015000   00001000  00000000  00001000  RWIX
  RAMGS10               00016000   00001000  00000000  00001000  RWIX
  RAMGS11               00017000   00001000  00000000  00001000  RWIX
  RAMGS12               00018000   00001000  00000000  00001000  RWIX
  RAMGS13               00019000   00001000  00000000  00001000  RWIX
  RAMGS14               0001a000   00001000  00000000  00001000  RWIX
  RAMGS15               0001b000   00000ff8  00000000  00000ff8  RWIX
  CANA_MSG_RAM          00049000   00000800  00000000  00000800  RWIX
  CANB_MSG_RAM          0004b000   00000800  00000000  00000800  RWIX
  EMIF1_CS2n            00100000   00200000  00000000  00200000  RWIX
  EMIF1_CS3n            00300000   00080000  00000000  00080000  RWIX
  EMIF1_CS4n            00380000   00060000  00000000  00060000  RWIX
  EMIF1_CS0n            80000000   10000000  00000000  10000000  RWIX
  EMIF2_CS0n            90000000   10000000  00000000  10000000  RWIX


SECTION ALLOCATION MAP

 output                                  attributes/
section   page    origin      length       input sections
--------  ----  ----------  ----------   ----------------
codestart 
*          0    00000000    00000002     
                  00000000    00000002     F2837xD_CodeStartBranch.obj (codestart)

.cinit     0    00000128    00000026     
                  00000128    0000000b     (.cinit..data.load) [load image, compression = lzss]
                  00000133    00000001     --HOLE-- [fill = 0]
                  00000134    00000006     (__TI_handler_table)
                  0000013a    00000004     (.cinit..bss.load) [load image, compression = zero_init]
                  0000013e    00000004     (.cinit.Cla1ToCpuMsgRAM.load) [load image, compression = zero_init]
                  00000142    0000000c     (__TI_cinit_table)

.reset     0    003fffc0    00000000     DSECT

.stack     1    00000400    000003f8     UNINITIALIZED
                  00000400    000003f8     --HOLE--

.bss       1    00009000    00000240     UNINITIALIZED
                  00009000    00000100     lab_main.obj (.bss:AdcBuf)
                  00009100    00000100     lab_main.obj (.bss:ClaBuf)
                  00009200    00000040     lab_main.obj (.bss:delay)

.init_array 
*          0    00000123    00000000     UNINITIALIZED

.const     1    00009800    0000046b     
                  00009800    0000013d     board.obj (.const:.string)
                  0000993d    00000001     --HOLE-- [fill = 0]
                  0000993e    000000c2     driverlib_eabi.lib : sysctl.obj (.const:.string)
                  00009a00    000000bc                        : gpio.obj (.const:.string)
                  00009abc    0000009d     lab_main.obj (.const:.string)
                  00009b59    00000001     --HOLE-- [fill = 0]
                  00009b5a    00000060     driverlib_eabi.lib : memcfg.obj (.const:.string)
                  00009bba    0000005d                        : adc.obj (.const:.string)
                  00009c17    00000001     --HOLE-- [fill = 0]
                  00009c18    00000040     lab_main.obj (.const:coeffs)
                  00009c58    00000013     device.obj (.const:.string)

.data      1    00009c6c    00000014     UNINITIALIZED
                  00009c6c    00000006     device.obj (.data)
                  00009c72    00000006     rts2800_fpu32_eabi.lib : exit.c.obj (.data)
                  00009c78    00000003     lab_main.obj (.data)
                  00009c7b    00000001     --HOLE--
                  00009c7c    00000002     rts2800_fpu32_eabi.lib : _lock.c.obj (.data:_lock)
                  00009c7e    00000002                            : _lock.c.obj (.data:_unlock)

Cla1ToCpuMsgRAM 
*          1    00001480    00000004     UNINITIALIZED
                  00001480    00000004     lab_main.obj (Cla1ToCpuMsgRAM)

.TI.ramfunc 
*          0    00000123    00000004     
                  00000123    00000004     driverlib_eabi.lib : sysctl.obj (.TI.ramfunc)

CLAscratch 
*          1    00008800    00000100     UNINITIALIZED
                  00008800    00000100     --HOLE--

.text.1    1    0000f000    00001000     
                  0000f000    000008f9     board.obj (.text)
                  0000f8f9    000003fd     device.obj (.text)
                  0000fcf6    00000209     driverlib_eabi.lib : sysctl.obj (.text:SysCtl_setClock)
                  0000feff    00000091                        : memcfg.obj (.text:MemCfg_getInitStatus)
                  0000ff90    0000006f                        : adc.obj (.text:ADC_setINLTrim)
                  0000ffff    00000001     rts2800_fpu32_eabi.lib : startup.c.obj (.text)

.text.2    1    00010000    000009f4     
                  00010000    0000011c     lab_main.obj (.text:retain)
                  0001011c    00000090     driverlib_eabi.lib : sysctl.obj (.text:SysCtl_selectXTAL)
                  000101ac    0000008c     lab_main.obj (.text)
                  00010238    0000008b     driverlib_eabi.lib : memcfg.obj (.text:MemCfg_setProtection)
                  000102c3    00000088     rts2800_fpu32_eabi.lib : fs_div28.asm.obj (.text)
                  0001034b    0000007c     driverlib_eabi.lib : memcfg.obj (.text:MemCfg_initSections)
                  000103c7    00000068                        : sysctl.obj (.text:SysCtl_getDeviceParametric)
                  0001042f    00000060                        : adc.obj (.text:ADC_setOffsetTrim)
                  0001048f    00000052                        : gpio.obj (.text:GPIO_setPadConfig)
                  000104e1    00000051                        : sysctl.obj (.text:SysCtl_getClock)
                  00010532    00000048                        : sysctl.obj (.text:SysCtl_selectOscSource)
                  0001057a    0000003d                        : interrupt.obj (.text:Interrupt_initModule)
                  000105b7    00000039                        : memcfg.obj (.text:MemCfg_setLSRAMControllerSel)
                  000105f0    00000037                        : gpio.obj (.text:GPIO_setControllerCore)
                  00010627    00000037                        : gpio.obj (.text:GPIO_setPinConfig)
                  0001065e    00000037                        : gpio.obj (.text:GPIO_setQualificationMode)
                  00010695    00000037                        : interrupt.obj (.text:Interrupt_enable)
                  000106cc    00000031                        : gpio.obj (.text:GPIO_setDirectionMode)
                  000106fd    00000030     rts2800_fpu32_eabi.lib : copy_decompress_lzss.c.obj (.text:decompress:lzss)
                  0001072d    0000002f     driverlib_eabi.lib : adc.obj (.text:ADC_setMode)
                  0001075c    0000002b     rts2800_fpu32_eabi.lib : autoinit.c.obj (.text:__TI_auto_init_nobinit_nopinit)
                  00010787    00000029                            : exit.c.obj (.text)
                  000107b0    00000028     driverlib_eabi.lib : sysctl.obj (.text:CPUTimer_selectClockSource)
                  000107d8    00000026                        : cla.obj (.text:CLA_setTriggerSource)
                  000107fe    00000026                        : memcfg.obj (.text:MemCfg_setGSRAMControllerSel)
                  00010824    0000001f                        : sysctl.obj (.text:CPUTimer_getTimerOverflowStatus)
                  00010843    0000001e                        : interrupt.obj (.text:Interrupt_initVectorTable)
                  00010861    0000001d     rts2800_fpu32_eabi.lib : memcpy.c.obj (.text)
                  0001087e    0000001b     driverlib_eabi.lib : adc.obj (.text:ADC_isBaseValid)
                  00010899    0000001a                        : sysctl.obj (.text:CPUTimer_startTimer)
                  000108b3    0000001a                        : sysctl.obj (.text:SysCtl_getLowSpeedClock)
                  000108cd    00000017                        : sysctl.obj (.text:CPUTimer_isBaseValid)
                  000108e4    00000017     rts2800_fpu32_eabi.lib : boot28.asm.obj (.text)
                  000108fb    00000016     driverlib_eabi.lib : interrupt.obj (.text:Interrupt_defaultHandler)
                  00010911    00000014                        : sysctl.obj (.text:CPUTimer_stopTimer)
                  00010925    00000012                        : sysctl.obj (.text:CPUTimer_clearOverflowFlag)
                  00010937    00000012                        : sysctl.obj (.text:CPUTimer_disableInterrupt)
                  00010949    00000011                        : sysctl.obj (.text:CPUTimer_setPeriod)
                  0001095a    0000000f                        : sysctl.obj (.text:SysCtl_pollCpuTimer)
                  00010969    0000000e                        : gpio.obj (.text:GPIO_isPinValid)
                  00010977    0000000d                        : interrupt.obj (.text:Interrupt_disableGlobal)
                  00010984    0000000d                        : interrupt.obj (.text:Interrupt_enableGlobal)
                  00010991    0000000d     rts2800_fpu32_eabi.lib : copy_zero_init.c.obj (.text:decompress:ZI:__TI_zero_init_nomemset)
                  0001099e    0000000c                            : args_main.c.obj (.text)
                  000109aa    0000000b     driverlib_eabi.lib : sysctl.obj (.text:SysCtl_isMCDClockFailureDetected)
                  000109b5    0000000a                        : interrupt.obj (.text:Interrupt_illegalOperationHandler)
                  000109bf    0000000a                        : interrupt.obj (.text:Interrupt_nmiHandler)
                  000109c9    00000009                        : sysctl.obj (.text:SysCtl_serviceWatchdog)
                  000109d2    00000009     rts2800_fpu32_eabi.lib : _lock.c.obj (.text)
                  000109db    00000008     F2837xD_CodeStartBranch.obj (.text)
                  000109e3    00000008     rts2800_fpu32_eabi.lib : copy_decompress_none.c.obj (.text:decompress:none)
                  000109eb    00000007     driverlib_eabi.lib : sysctl.obj (.text:SysCtl_resetMCD)
                  000109f2    00000002     rts2800_fpu32_eabi.lib : pre_init.c.obj (.text)

MODULE SUMMARY

       Module                        code   ro data   rw data
       ------                        ----   -------   -------
    ./
       lab_main.obj                  424    221       583    
    +--+-----------------------------+------+---------+---------+
       Total:                        424    221       583    
                                                             
    ./device/
       device.obj                    1021   19        6      
       F2837xD_CodeStartBranch.obj   10     0         0      
    +--+-----------------------------+------+---------+---------+
       Total:                        1031   19        6      
                                                             
    ./syscfg/
       board.obj                     2297   317       0      
    +--+-----------------------------+------+---------+---------+
       Total:                        2297   317       0      
                                                             
    /Applications/ti/c2000/C2000Ware_5_04_00_00/driverlib/f2837xd/driverlib/ccs/Debug/driverlib_eabi.lib
       sysctl.obj                    1187   194       0      
       memcfg.obj                    503    96        0      
       gpio.obj                      310    188       0      
       adc.obj                       281    93        0      
       interrupt.obj                 214    0         0      
       cla.obj                       38     0         0      
    +--+-----------------------------+------+---------+---------+
       Total:                        2533   571       0      
                                                             
    /Applications/ti/ccs2000/ccs/tools/compiler/ti-cgt-c2000_22.6.1A23259/lib/rts2800_fpu32_eabi.lib
       fs_div28.asm.obj              136    0         0      
       copy_decompress_lzss.c.obj    48     0         0      
       exit.c.obj                    41     0         6      
       autoinit.c.obj                43     0         0      
       memcpy.c.obj                  29     0         0      
       boot28.asm.obj                23     0         0      
       _lock.c.obj                   9      0         4      
       copy_zero_init.c.obj          13     0         0      
       args_main.c.obj               12     0         0      
       copy_decompress_none.c.obj    8      0         0      
       pre_init.c.obj                2      0         0      
       startup.c.obj                 1      0         0      
    +--+-----------------------------+------+---------+---------+
       Total:                        365    0         10     
                                                             
       Stack:                        0      0         1016   
       Linker Generated:             0      37        0      
    +--+-----------------------------+------+---------+---------+
       Grand Total:                  6650   1165      1615   


LINKER GENERATED COPY TABLES

__TI_cinit_table @ 00000142 records: 3, size/record: 4, table size: 12
	.data: load addr=00000128, load size=0000000b bytes, run addr=00009c6c, run size=00000014 bytes, compression=lzss
	.bss: load addr=0000013a, load size=00000004 bytes, run addr=00009000, run size=00000240 bytes, compression=zero_init
	Cla1ToCpuMsgRAM: load addr=0000013e, load size=00000004 bytes, run addr=00001480, run size=00000004 bytes, compression=zero_init


LINKER GENERATED HANDLER TABLE

__TI_handler_table @ 00000134 records: 3, size/record: 2, table size: 6
	index: 0, handler: __TI_zero_init
	index: 1, handler: __TI_decompress_lzss
	index: 2, handler: __TI_decompress_none


GLOBAL DATA SYMBOLS: SORTED BY DATA PAGE

address     data page           name
--------    ----------------    ----
00000400      10 (00000400)     __stack

00001480      52 (00001480)     filter_out
00001482      52 (00001480)     filter_in

00009000     240 (00009000)     AdcBuf

00009100     244 (00009100)     ClaBuf

00009200     248 (00009200)     delay

00009c18     270 (00009c00)     coeffs

00009c6c     271 (00009c40)     Example_Result
00009c6e     271 (00009c40)     Example_PassCount
00009c70     271 (00009c40)     Example_Fail
00009c72     271 (00009c40)     __TI_enable_exit_profile_output
00009c74     271 (00009c40)     __TI_cleanup_ptr
00009c76     271 (00009c40)     __TI_dtors_ptr
00009c78     271 (00009c40)     ClaBufIdx
00009c79     271 (00009c40)     AdcBufIdx
00009c7a     271 (00009c40)     LedCtr
00009c7c     271 (00009c40)     _lock
00009c7e     271 (00009c40)     _unlock


GLOBAL SYMBOLS: SORTED ALPHABETICALLY BY Name 

page  address   name                                     
----  -------   ----                                     
1     0000f58b  ADC_init                                 
1     0000ff90  ADC_setINLTrim                           
1     0001072d  ADC_setMode                              
1     0001042f  ADC_setOffsetTrim                        
1     00009000  AdcBuf                                   
1     00009c79  AdcBufIdx                                
1     0000f53a  Board_init                               
1     00010787  C$$EXIT                                  
abs   00000100  CLA_SCRATCHPAD_SIZE                      
1     0000f5f6  CLA_init                                 
1     000107d8  CLA_setTriggerSource                     
1     00010000  Cla1Task1                                
1     0001008d  Cla1Task8                                
1     00009100  ClaBuf                                   
1     00009c78  ClaBufIdx                                
1     0000fb6a  Device_bootCPU2                          
1     0000fb39  Device_configureTMXAnalogTrim            
1     0000f9e7  Device_enableAllPeripherals              
1     0000fb23  Device_enableUnbondedGPIOPullups         
1     0000fb06  Device_enableUnbondedGPIOPullupsFor100Pin
1     0000faf3  Device_enableUnbondedGPIOPullupsFor176Pin
1     0000f9a7  Device_init                              
1     0000fad2  Device_initGPIO                          
1     0000f5f9  EPWM_init                                
1     00009c70  Example_Fail                             
1     00009c6e  Example_PassCount                        
1     00009c6c  Example_Result                           
1     0000fcf5  Example_done                             
1     0000fcf0  Example_setResultFail                    
1     0000fceb  Example_setResultPass                    
1     0000f762  GPIO_init                                
1     000105f0  GPIO_setControllerCore                   
1     000106cc  GPIO_setDirectionMode                    
1     0001048f  GPIO_setPadConfig                        
1     00010627  GPIO_setPinConfig                        
1     0001065e  GPIO_setQualificationMode                
1     0000f779  INTERRUPT_init                           
1     000108fb  Interrupt_defaultHandler                 
1     00010695  Interrupt_enable                         
1     000109b5  Interrupt_illegalOperationHandler        
1     0001057a  Interrupt_initModule                     
1     00010843  Interrupt_initVectorTable                
1     000109bf  Interrupt_nmiHandler                     
1     00009c7a  LedCtr                                   
1     0000f786  MEMCFG_init                              
1     0000feff  MemCfg_getInitStatus                     
1     0001034b  MemCfg_initSections                      
1     000107fe  MemCfg_setGSRAMControllerSel             
1     000105b7  MemCfg_setLSRAMControllerSel             
1     00010238  MemCfg_setProtection                     
1     0000f54d  PinMux_init                              
1     0000f8db  SYNC_init                                
0     00000123  SysCtl_delay                             
1     000104e1  SysCtl_getClock                          
1     000103c7  SysCtl_getDeviceParametric               
1     000108b3  SysCtl_getLowSpeedClock                  
1     00010532  SysCtl_selectOscSource                   
1     0001011c  SysCtl_selectXTAL                        
1     0000fcf6  SysCtl_setClock                          
0     00000142  __TI_CINIT_Base                          
0     0000014e  __TI_CINIT_Limit                         
0     0000014e  __TI_CINIT_Warm                          
0     00000134  __TI_Handler_Table_Base                  
0     0000013a  __TI_Handler_Table_Limit                 
1     000007f8  __TI_STACK_END                           
abs   000003f8  __TI_STACK_SIZE                          
1     0001075c  __TI_auto_init_nobinit_nopinit           
1     00009c74  __TI_cleanup_ptr                         
1     000106fd  __TI_decompress_lzss                     
1     000109e3  __TI_decompress_none                     
1     00009c76  __TI_dtors_ptr                           
1     00009c72  __TI_enable_exit_profile_output          
abs   ffffffff  __TI_pprof_out_hndl                      
abs   ffffffff  __TI_prof_data_size                      
abs   ffffffff  __TI_prof_data_start                     
1     00010991  __TI_zero_init_nomemset                  
1     000102c3  __c28xabi_divf                           
n/a   UNDEFED   __c_args__                               
1     0000fce4  __error__                                
1     00000400  __stack                                  
1     0001099e  _args_main                               
1     000108e4  _c_int00                                 
1     00009c7c  _lock                                    
1     000109da  _nop                                     
1     000109d6  _register_lock                           
1     000109d2  _register_unlock                         
1     0000ffff  _system_post_cinit                       
1     000109f2  _system_pre_init                         
1     00009c7e  _unlock                                  
1     00010787  abort                                    
1     000100b4  cla1Isr1                                 
0     00000000  code_start                               
1     00009c18  coeffs                                   
1     00009200  delay                                    
1     00010789  exit                                     
1     00001482  filter_in                                
1     00001480  filter_out                               
1     0001022c  main                                     
1     00010861  memcpy                                   
1     0000f58e  myADC0_init                              
1     0000f765  myBoardLED0_GPIO_init                    
1     0000f5d6  myCLA0_init                              


GLOBAL SYMBOLS: SORTED BY Symbol Address 

page  address   name                                     
----  -------   ----                                     
0     00000000  code_start                               
0     00000123  SysCtl_delay                             
0     00000134  __TI_Handler_Table_Base                  
0     0000013a  __TI_Handler_Table_Limit                 
0     00000142  __TI_CINIT_Base                          
0     0000014e  __TI_CINIT_Limit                         
0     0000014e  __TI_CINIT_Warm                          
1     00000400  __stack                                  
1     000007f8  __TI_STACK_END                           
1     00001480  filter_out                               
1     00001482  filter_in                                
1     00009000  AdcBuf                                   
1     00009100  ClaBuf                                   
1     00009200  delay                                    
1     00009c18  coeffs                                   
1     00009c6c  Example_Result                           
1     00009c6e  Example_PassCount                        
1     00009c70  Example_Fail                             
1     00009c72  __TI_enable_exit_profile_output          
1     00009c74  __TI_cleanup_ptr                         
1     00009c76  __TI_dtors_ptr                           
1     00009c78  ClaBufIdx                                
1     00009c79  AdcBufIdx                                
1     00009c7a  LedCtr                                   
1     00009c7c  _lock                                    
1     00009c7e  _unlock                                  
1     0000f53a  Board_init                               
1     0000f54d  PinMux_init                              
1     0000f58b  ADC_init                                 
1     0000f58e  myADC0_init                              
1     0000f5d6  myCLA0_init                              
1     0000f5f6  CLA_init                                 
1     0000f5f9  EPWM_init                                
1     0000f762  GPIO_init                                
1     0000f765  myBoardLED0_GPIO_init                    
1     0000f779  INTERRUPT_init                           
1     0000f786  MEMCFG_init                              
1     0000f8db  SYNC_init                                
1     0000f9a7  Device_init                              
1     0000f9e7  Device_enableAllPeripherals              
1     0000fad2  Device_initGPIO                          
1     0000faf3  Device_enableUnbondedGPIOPullupsFor176Pin
1     0000fb06  Device_enableUnbondedGPIOPullupsFor100Pin
1     0000fb23  Device_enableUnbondedGPIOPullups         
1     0000fb39  Device_configureTMXAnalogTrim            
1     0000fb6a  Device_bootCPU2                          
1     0000fce4  __error__                                
1     0000fceb  Example_setResultPass                    
1     0000fcf0  Example_setResultFail                    
1     0000fcf5  Example_done                             
1     0000fcf6  SysCtl_setClock                          
1     0000feff  MemCfg_getInitStatus                     
1     0000ff90  ADC_setINLTrim                           
1     0000ffff  _system_post_cinit                       
1     00010000  Cla1Task1                                
1     0001008d  Cla1Task8                                
1     000100b4  cla1Isr1                                 
1     0001011c  SysCtl_selectXTAL                        
1     0001022c  main                                     
1     00010238  MemCfg_setProtection                     
1     000102c3  __c28xabi_divf                           
1     0001034b  MemCfg_initSections                      
1     000103c7  SysCtl_getDeviceParametric               
1     0001042f  ADC_setOffsetTrim                        
1     0001048f  GPIO_setPadConfig                        
1     000104e1  SysCtl_getClock                          
1     00010532  SysCtl_selectOscSource                   
1     0001057a  Interrupt_initModule                     
1     000105b7  MemCfg_setLSRAMControllerSel             
1     000105f0  GPIO_setControllerCore                   
1     00010627  GPIO_setPinConfig                        
1     0001065e  GPIO_setQualificationMode                
1     00010695  Interrupt_enable                         
1     000106cc  GPIO_setDirectionMode                    
1     000106fd  __TI_decompress_lzss                     
1     0001072d  ADC_setMode                              
1     0001075c  __TI_auto_init_nobinit_nopinit           
1     00010787  C$$EXIT                                  
1     00010787  abort                                    
1     00010789  exit                                     
1     000107d8  CLA_setTriggerSource                     
1     000107fe  MemCfg_setGSRAMControllerSel             
1     00010843  Interrupt_initVectorTable                
1     00010861  memcpy                                   
1     000108b3  SysCtl_getLowSpeedClock                  
1     000108e4  _c_int00                                 
1     000108fb  Interrupt_defaultHandler                 
1     00010991  __TI_zero_init_nomemset                  
1     0001099e  _args_main                               
1     000109b5  Interrupt_illegalOperationHandler        
1     000109bf  Interrupt_nmiHandler                     
1     000109d2  _register_unlock                         
1     000109d6  _register_lock                           
1     000109da  _nop                                     
1     000109e3  __TI_decompress_none                     
1     000109f2  _system_pre_init                         
abs   00000100  CLA_SCRATCHPAD_SIZE                      
abs   000003f8  __TI_STACK_SIZE                          
abs   ffffffff  __TI_pprof_out_hndl                      
abs   ffffffff  __TI_prof_data_size                      
abs   ffffffff  __TI_prof_data_start                     
n/a   UNDEFED   __c_args__                               

[102 symbols]
