******************************************************************************
             TMS320C2000 Linker Unix v22.6.1                   
******************************************************************************
>> Linked Fri Dec 20 14:17:59 2024

OUTPUT FILE NAME:   <c2000_adc_lab.out>
ENTRY POINT SYMBOL: "code_start"  address: 00000000


MEMORY CONFIGURATION

         name            origin    length      used     unused   attr    fill
----------------------  --------  ---------  --------  --------  ----  --------
PAGE 0:
  BEGIN                 00000000   00000002  00000002  00000000  RWIX
  RAMM0                 00000123   000002dd  00000022  000002bb  RWIX
  RAMLS0                00008000   00000800  00000000  00000800  RWIX
  RAMLS1                00008800   00000800  00000000  00000800  RWIX
  RAMLS2                00009000   00000800  00000000  00000800  RWIX
  RAMLS3                00009800   00000800  00000000  00000800  RWIX
  RAMLS4                0000a000   00000800  00000000  00000800  RWIX
  RAMD0                 0000b000   00000800  00000000  00000800  RWIX
  FLASHA                00080002   00001ffe  00000000  00001ffe  RWIX
  FLASHB                00082000   00002000  00000000  00002000  RWIX
  FLASHC                00084000   00002000  00000000  00002000  RWIX
  FLASHD                00086000   00002000  00000000  00002000  RWIX
  FLASHE                00088000   00008000  00000000  00008000  RWIX
  FLASHF                00090000   00008000  00000000  00008000  RWIX
  FLASHG                00098000   00008000  00000000  00008000  RWIX
  FLASHH                000a0000   00008000  00000000  00008000  RWIX
  FLASHI                000a8000   00008000  00000000  00008000  RWIX
  FLASHJ                000b0000   00008000  00000000  00008000  RWIX
  FLASHK                000b8000   00002000  00000000  00002000  RWIX
  FLASHL                000ba000   00002000  00000000  00002000  RWIX
  FLASHM                000bc000   00002000  00000000  00002000  RWIX
  FLASHN                000be000   00001ff0  00000000  00001ff0  RWIX
  RESET                 003fffc0   00000002  00000000  00000002  RWIX

PAGE 1:
  BOOT_RSVD             00000002   00000121  00000000  00000121  RWIX
  RAMM1                 00000400   000003f8  00000200  000001f8  RWIX
  RAMLS5                0000a800   00000800  000003c1  0000043f  RWIX
  RAMD1                 0000b800   00000800  00000000  00000800  RWIX
  RAMGS0                0000c000   00001000  00000000  00001000  RWIX
  RAMGS1                0000d000   00001000  00000000  00001000  RWIX
  RAMGS2                0000e000   00001000  00000000  00001000  RWIX
  RAMGS3                0000f000   00001000  00001000  00000000  RWIX
  RAMGS4                00010000   00001000  0000024b  00000db5  RWIX
  RAMGS5                00011000   00001000  00000000  00001000  RWIX
  RAMGS6                00012000   00001000  00000000  00001000  RWIX
  RAMGS7                00013000   00001000  00000000  00001000  RWIX
  RAMGS8                00014000   00001000  00000000  00001000  RWIX
  RAMGS9                00015000   00001000  00000000  00001000  RWIX
  RAMGS10               00016000   00001000  00000000  00001000  RWIX
  RAMGS11               00017000   00001000  00000000  00001000  RWIX
  RAMGS12               00018000   00001000  00000000  00001000  RWIX
  RAMGS13               00019000   00001000  00000000  00001000  RWIX
  RAMGS14               0001a000   00001000  00000000  00001000  RWIX
  RAMGS15               0001b000   00000ff8  00000000  00000ff8  RWIX
  CPU2TOCPU1RAM         0003f800   00000400  00000000  00000400  RWIX
  CPU1TOCPU2RAM         0003fc00   00000400  00000000  00000400  RWIX
  CANA_MSG_RAM          00049000   00000800  00000000  00000800  RWIX
  CANB_MSG_RAM          0004b000   00000800  00000000  00000800  RWIX


SECTION ALLOCATION MAP

 output                                  attributes/
section   page    origin      length       input sections
--------  ----  ----------  ----------   ----------------
codestart 
*          0    00000000    00000002     
                  00000000    00000002     F2837xD_CodeStartBranch.obj (codestart)

.cinit     0    00000128    0000001e     
                  00000128    0000000c     (.cinit..data.load) [load image, compression = lzss]
                  00000134    00000006     (__TI_handler_table)
                  0000013a    00000004     (.cinit..bss.load) [load image, compression = zero_init]
                  0000013e    00000008     (__TI_cinit_table)

.reset     0    003fffc0    00000000     DSECT

.stack     1    00000400    00000200     UNINITIALIZED
                  00000400    00000200     --HOLE--

.bss       1    0000ab7b    00000032     UNINITIALIZED
                  0000ab7b    00000032     c2000_adc_lab_main.obj (.bss:AdcBuf)

.init_array 
*          0    00000123    00000000     UNINITIALIZED

.const     1    0000a800    0000037b     
                  0000a800    000000ed     board.obj (.const:.string)
                  0000a8ed    00000001     --HOLE-- [fill = 0]
                  0000a8ee    000000c2     driverlib_eabi.lib : sysctl.obj (.const:.string)
                  0000a9b0    000000bc                        : gpio.obj (.const:.string)
                  0000aa6c    0000009d     c2000_adc_lab_main.obj (.const:.string)
                  0000ab09    00000001     --HOLE-- [fill = 0]
                  0000ab0a    0000005d     driverlib_eabi.lib : adc.obj (.const:.string)
                  0000ab67    00000001     --HOLE-- [fill = 0]
                  0000ab68    00000013     device.obj (.const:.string)

.data      1    0000abae    00000014     UNINITIALIZED
                  0000abae    00000006     device.obj (.data)
                  0000abb4    00000006     rts2800_fpu32_eabi.lib : exit.c.obj (.data)
                  0000abba    00000004     c2000_adc_lab_main.obj (.data)
                  0000abbe    00000002     rts2800_fpu32_eabi.lib : _lock.c.obj (.data:_lock)
                  0000abc0    00000002                            : _lock.c.obj (.data:_unlock)

.TI.ramfunc 
*          0    00000123    00000004     
                  00000123    00000004     driverlib_eabi.lib : sysctl.obj (.TI.ramfunc)

GETBUFFER 
*          0    0003f800    00000000     DSECT

GETWRITEIDX 
*          0    0003f800    00000000     DSECT

PUTREADIDX 
*          0    0003f800    00000000     DSECT

.text.1    1    0000f000    00001000     
                  0000f000    00000209     driverlib_eabi.lib : sysctl.obj (.text:SysCtl_setClock)
                  0000f209    000000eb     device.obj (.text:Device_enableAllPeripherals)
                  0000f2f4    000000bf     board.obj (.text:EPWM_init)
                  0000f3b3    00000090     driverlib_eabi.lib : sysctl.obj (.text:SysCtl_selectXTAL)
                  0000f443    00000088     rts2800_fpu32_eabi.lib : fs_div28.asm.obj (.text)
                  0000f4cb    00000075     board.obj (.text:EPWM_setADCTriggerSource)
                  0000f540    0000006f     driverlib_eabi.lib : adc.obj (.text:ADC_setINLTrim)
                  0000f5af    00000068                        : sysctl.obj (.text:SysCtl_getDeviceParametric)
                  0000f617    00000060                        : adc.obj (.text:ADC_setOffsetTrim)
                  0000f677    0000005a     c2000_adc_lab_main.obj (.text:INT_myADCA_1_ISR)
                  0000f6d1    00000052     driverlib_eabi.lib : gpio.obj (.text:GPIO_setPadConfig)
                  0000f723    00000051                        : sysctl.obj (.text:SysCtl_getClock)
                  0000f774    00000048                        : sysctl.obj (.text:SysCtl_selectOscSource)
                  0000f7bc    00000048     board.obj (.text:myADCA_init)
                  0000f804    00000046     board.obj (.text:ADC_setupSOC)
                  0000f84a    00000042     device.obj (.text:Device_init)
                  0000f88c    00000040     board.obj (.text:EPWM_setActionQualifierAction)
                  0000f8cc    0000003e     board.obj (.text:EPWM_setCounterCompareShadowLoadMode)
                  0000f90a    0000003d     driverlib_eabi.lib : interrupt.obj (.text:Interrupt_initModule)
                  0000f947    0000003b     board.obj (.text:EPWM_isBaseValid)
                  0000f982    0000003a     board.obj (.text:EPWM_setADCTriggerEventPrescale)
                  0000f9bc    00000037     driverlib_eabi.lib : gpio.obj (.text:GPIO_setControllerCore)
                  0000f9f3    00000037                        : gpio.obj (.text:GPIO_setPinConfig)
                  0000fa2a    00000037                        : gpio.obj (.text:GPIO_setQualificationMode)
                  0000fa61    00000037                        : interrupt.obj (.text:Interrupt_enable)
                  0000fa98    00000031     device.obj (.text:Device_configureTMXAnalogTrim)
                  0000fac9    00000031     driverlib_eabi.lib : gpio.obj (.text:GPIO_setDirectionMode)
                  0000fafa    00000030     rts2800_fpu32_eabi.lib : copy_decompress_lzss.c.obj (.text:decompress:lzss)
                  0000fb2a    0000002f     board.obj (.text:ADC_setInterruptSource)
                  0000fb59    0000002f     driverlib_eabi.lib : adc.obj (.text:ADC_setMode)
                  0000fb88    0000002e     board.obj (.text:ADC_setInterruptSOCTrigger)
                  0000fbb6    0000002d     board.obj (.text:PinMux_init)
                  0000fbe3    0000002b     rts2800_fpu32_eabi.lib : autoinit.c.obj (.text:__TI_auto_init_nobinit_nopinit)
                  0000fc0e    00000029                            : exit.c.obj (.text)
                  0000fc37    00000028     driverlib_eabi.lib : sysctl.obj (.text:CPUTimer_selectClockSource)
                  0000fc5f    00000027     board.obj (.text:GPIO_writePin)
                  0000fc86    00000022     board.obj (.text:EPWM_setCounterCompareValue)
                  0000fca8    00000021     board.obj (.text:ADC_disableContinuousMode)
                  0000fcc9    00000020     board.obj (.text:ADC_enableInterrupt)
                  0000fce9    0000001f     driverlib_eabi.lib : sysctl.obj (.text:CPUTimer_getTimerOverflowStatus)
                  0000fd08    0000001f     board.obj (.text:EPWM_setFallingEdgeDelayCountShadowLoadMode)
                  0000fd27    0000001f     board.obj (.text:EPWM_setRisingEdgeDelayCountShadowLoadMode)
                  0000fd46    0000001f     c2000_adc_lab_main.obj (.text:GPIO_togglePin)
                  0000fd65    0000001e     c2000_adc_lab_main.obj (.text:ADC_readResult)
                  0000fd83    0000001e     board.obj (.text:EPWM_setPhaseShift)
                  0000fda1    0000001e     driverlib_eabi.lib : interrupt.obj (.text:Interrupt_initVectorTable)
                  0000fdbf    0000001e     board.obj (.text:SYNC_init)
                  0000fddd    0000001e     board.obj (.text:SysCtl_setSyncInputConfig)
                  0000fdfb    0000001d     rts2800_fpu32_eabi.lib : memcpy.c.obj (.text)
                  0000fe18    0000001c     board.obj (.text:ADC_setSOCPriority)
                  0000fe34    0000001c     board.obj (.text:EPWM_enableADCTrigger)
                  0000fe50    0000001c     board.obj (.text:EPWM_setClockPrescaler)
                  0000fe6c    0000001b     board.obj (.text:ADC_isBaseValid)
                  0000fe87    0000001b     c2000_adc_lab_main.obj (.text:ADC_isBaseValid)
                  0000fea2    0000001b     driverlib_eabi.lib : adc.obj (.text:ADC_isBaseValid)
                  0000febd    0000001a                        : sysctl.obj (.text:CPUTimer_startTimer)
                  0000fed7    0000001a                        : sysctl.obj (.text:SysCtl_getLowSpeedClock)
                  0000fef1    00000019     board.obj (.text:myGPIOHigh_init)
                  0000ff0a    00000019     board.obj (.text:myGPIOToggle_init)
                  0000ff23    00000018     board.obj (.text:EPWM_disableFallingEdgeDelayCountShadowLoadMode)
                  0000ff3b    00000018     board.obj (.text:EPWM_disableRisingEdgeDelayCountShadowLoadMode)
                  0000ff53    00000018     device.obj (.text:SysCtl_disablePeripheral)
                  0000ff6b    00000017     driverlib_eabi.lib : sysctl.obj (.text:CPUTimer_isBaseValid)
                  0000ff82    00000017     device.obj (.text:SysCtl_enablePeripheral)
                  0000ff99    00000017     rts2800_fpu32_eabi.lib : boot28.asm.obj (.text)
                  0000ffb0    00000016     board.obj (.text:ADC_setInterruptPulseMode)
                  0000ffc6    00000016     board.obj (.text:ADC_setPrescaler)
                  0000ffdc    00000016     driverlib_eabi.lib : interrupt.obj (.text:Interrupt_defaultHandler)
                  0000fff2    0000000e     board.obj (.text:GPIO_isPinValid)

.text.2    1    00010000    0000024b     
                  00010000    00000015     board.obj (.text:ADC_disableBurstMode)
                  00010015    00000014     board.obj (.text:ADC_clearInterruptStatus)
                  00010029    00000014     c2000_adc_lab_main.obj (.text:ADC_clearInterruptStatus)
                  0001003d    00000014     driverlib_eabi.lib : sysctl.obj (.text:CPUTimer_stopTimer)
                  00010051    00000014     board.obj (.text:EPWM_setTimeBaseCounterMode)
                  00010065    00000014     board.obj (.text:EPWM_setTimeBasePeriod)
                  00010079    00000014     device.obj (.text:SysCtl_deviceCal)
                  0001008d    00000014     board.obj (.text:myBoardLED0_GPIO_init)
                  000100a1    00000013     board.obj (.text:ADC_enableConverter)
                  000100b4    00000013     board.obj (.text:EPWM_enableInterrupt)
                  000100c7    00000012     driverlib_eabi.lib : sysctl.obj (.text:CPUTimer_clearOverflowFlag)
                  000100d9    00000012                        : sysctl.obj (.text:CPUTimer_disableInterrupt)
                  000100eb    00000012     board.obj (.text:EPWM_setTimeBaseCounter)
                  000100fd    00000012     board.obj (.text:SysCtl_setSyncOutputConfig)
                  0001010f    00000011     driverlib_eabi.lib : sysctl.obj (.text:CPUTimer_setPeriod)
                  00010120    00000011     board.obj (.text:EPWM_disablePhaseShiftLoad)
                  00010131    0000000f     board.obj (.text:Board_init)
                  00010140    0000000f     board.obj (.text:Interrupt_register)
                  0001014f    0000000f     driverlib_eabi.lib : sysctl.obj (.text:SysCtl_pollCpuTimer)
                  0001015e    0000000e     c2000_adc_lab_main.obj (.text:GPIO_isPinValid)
                  0001016c    0000000e     driverlib_eabi.lib : gpio.obj (.text:GPIO_isPinValid)
                  0001017a    0000000d     board.obj (.text:INTERRUPT_init)
                  00010187    0000000d     driverlib_eabi.lib : interrupt.obj (.text:Interrupt_disableGlobal)
                  00010194    0000000d                        : interrupt.obj (.text:Interrupt_enableGlobal)
                  000101a1    0000000d     device.obj (.text:SysCtl_setLowSpeedClock)
                  000101ae    0000000d     rts2800_fpu32_eabi.lib : copy_zero_init.c.obj (.text:decompress:ZI:__TI_zero_init_nomemset)
                  000101bb    0000000c     board.obj (.text:SysCtl_enableExtADCSOCSource)
                  000101c7    0000000c     rts2800_fpu32_eabi.lib : args_main.c.obj (.text)
                  000101d3    0000000b     device.obj (.text:SysCtl_disableWatchdog)
                  000101de    0000000b     driverlib_eabi.lib : sysctl.obj (.text:SysCtl_isMCDClockFailureDetected)
                  000101e9    0000000b     c2000_adc_lab_main.obj (.text:main)
                  000101f4    0000000a     driverlib_eabi.lib : interrupt.obj (.text:Interrupt_illegalOperationHandler)
                  000101fe    0000000a                        : interrupt.obj (.text:Interrupt_nmiHandler)
                  00010208    00000009                        : sysctl.obj (.text:SysCtl_serviceWatchdog)
                  00010211    00000009     rts2800_fpu32_eabi.lib : _lock.c.obj (.text)
                  0001021a    00000008     F2837xD_CodeStartBranch.obj (.text)
                  00010222    00000008     rts2800_fpu32_eabi.lib : copy_decompress_none.c.obj (.text:decompress:none)
                  0001022a    00000007     board.obj (.text:GPIO_init)
                  00010231    00000007     driverlib_eabi.lib : sysctl.obj (.text:SysCtl_resetMCD)
                  00010238    00000007     device.obj (.text:__error__)
                  0001023f    00000006     c2000_adc_lab_main.obj (.text:Interrupt_clearACKGroup)
                  00010245    00000003     board.obj (.text:ADC_init)
                  00010248    00000002     rts2800_fpu32_eabi.lib : pre_init.c.obj (.text)
                  0001024a    00000001                            : startup.c.obj (.text)

MODULE SUMMARY

       Module                        code   ro data   rw data
       ------                        ----   -------   -------
    ./
       c2000_adc_lab_main.obj        229    157       54     
    +--+-----------------------------+------+---------+---------+
       Total:                        229    157       54     
                                                             
    ./device/
       device.obj                    448    19        6      
       F2837xD_CodeStartBranch.obj   10     0         0      
    +--+-----------------------------+------+---------+---------+
       Total:                        458    19        6      
                                                             
    ./syscfg/
       board.obj                     1645   237       0      
    +--+-----------------------------+------+---------+---------+
       Total:                        1645   237       0      
                                                             
    /Applications/ti/c2000/C2000Ware_5_04_00_00/driverlib/f2837xd/driverlib/ccs/Debug/driverlib_eabi.lib
       sysctl.obj                    1187   194       0      
       gpio.obj                      310    188       0      
       adc.obj                       281    93        0      
       interrupt.obj                 214    0         0      
    +--+-----------------------------+------+---------+---------+
       Total:                        1992   475       0      
                                                             
    /Applications/ti/ccs2000/ccs/tools/compiler/ti-cgt-c2000_22.6.1A23259/lib/rts2800_fpu32_eabi.lib
       fs_div28.asm.obj              136    0         0      
       copy_decompress_lzss.c.obj    48     0         0      
       exit.c.obj                    41     0         6      
       autoinit.c.obj                43     0         0      
       memcpy.c.obj                  29     0         0      
       boot28.asm.obj                23     0         0      
       _lock.c.obj                   9      0         4      
       copy_zero_init.c.obj          13     0         0      
       args_main.c.obj               12     0         0      
       copy_decompress_none.c.obj    8      0         0      
       pre_init.c.obj                2      0         0      
       startup.c.obj                 1      0         0      
    +--+-----------------------------+------+---------+---------+
       Total:                        365    0         10     
                                                             
       Stack:                        0      0         512    
       Linker Generated:             0      30        0      
    +--+-----------------------------+------+---------+---------+
       Grand Total:                  4689   918       582    


LINKER GENERATED COPY TABLES

__TI_cinit_table @ 0000013e records: 2, size/record: 4, table size: 8
	.data: load addr=00000128, load size=0000000c bytes, run addr=0000abae, run size=00000014 bytes, compression=lzss
	.bss: load addr=0000013a, load size=00000004 bytes, run addr=0000ab7b, run size=00000032 bytes, compression=zero_init


LINKER GENERATED HANDLER TABLE

__TI_handler_table @ 00000134 records: 3, size/record: 2, table size: 6
	index: 0, handler: __TI_zero_init
	index: 1, handler: __TI_decompress_lzss
	index: 2, handler: __TI_decompress_none


GLOBAL DATA SYMBOLS: SORTED BY DATA PAGE

address     data page           name
--------    ----------------    ----
00000400      10 (00000400)     __stack

0000ab7b     2ad (0000ab40)     AdcBuf

0000abae     2ae (0000ab80)     Example_Result
0000abb0     2ae (0000ab80)     Example_PassCount
0000abb2     2ae (0000ab80)     Example_Fail
0000abb4     2ae (0000ab80)     __TI_enable_exit_profile_output
0000abb6     2ae (0000ab80)     __TI_cleanup_ptr
0000abb8     2ae (0000ab80)     __TI_dtors_ptr
0000abba     2ae (0000ab80)     DEBUG_TOGGLE
0000abbe     2ae (0000ab80)     _lock

0000abc0     2af (0000abc0)     _unlock


GLOBAL SYMBOLS: SORTED ALPHABETICALLY BY Name 

page  address   name                             
----  -------   ----                             
1     00010245  ADC_init                         
1     0000f540  ADC_setINLTrim                   
1     0000fb59  ADC_setMode                      
1     0000f617  ADC_setOffsetTrim                
1     0000ab7b  AdcBuf                           
1     00010131  Board_init                       
1     0000fc0e  C$$EXIT                          
1     0000abba  DEBUG_TOGGLE                     
1     0000fa98  Device_configureTMXAnalogTrim    
1     0000f209  Device_enableAllPeripherals      
1     0000f84a  Device_init                      
1     0000f2f4  EPWM_init                        
1     0000abb2  Example_Fail                     
1     0000abb0  Example_PassCount                
1     0000abae  Example_Result                   
1     0001022a  GPIO_init                        
1     0000f9bc  GPIO_setControllerCore           
1     0000fac9  GPIO_setDirectionMode            
1     0000f6d1  GPIO_setPadConfig                
1     0000f9f3  GPIO_setPinConfig                
1     0000fa2a  GPIO_setQualificationMode        
1     0001017a  INTERRUPT_init                   
1     0000f677  INT_myADCA_1_ISR                 
1     0000ffdc  Interrupt_defaultHandler         
1     0000fa61  Interrupt_enable                 
1     000101f4  Interrupt_illegalOperationHandler
1     0000f90a  Interrupt_initModule             
1     0000fda1  Interrupt_initVectorTable        
1     000101fe  Interrupt_nmiHandler             
1     0000fbb6  PinMux_init                      
1     0000fdbf  SYNC_init                        
0     00000123  SysCtl_delay                     
1     0000f723  SysCtl_getClock                  
1     0000f5af  SysCtl_getDeviceParametric       
1     0000fed7  SysCtl_getLowSpeedClock          
1     0000f774  SysCtl_selectOscSource           
1     0000f3b3  SysCtl_selectXTAL                
1     0000f000  SysCtl_setClock                  
0     0000013e  __TI_CINIT_Base                  
0     00000146  __TI_CINIT_Limit                 
0     00000146  __TI_CINIT_Warm                  
0     00000134  __TI_Handler_Table_Base          
0     0000013a  __TI_Handler_Table_Limit         
1     00000600  __TI_STACK_END                   
abs   00000200  __TI_STACK_SIZE                  
1     0000fbe3  __TI_auto_init_nobinit_nopinit   
1     0000abb6  __TI_cleanup_ptr                 
1     0000fafa  __TI_decompress_lzss             
1     00010222  __TI_decompress_none             
1     0000abb8  __TI_dtors_ptr                   
1     0000abb4  __TI_enable_exit_profile_output  
abs   ffffffff  __TI_pprof_out_hndl              
abs   ffffffff  __TI_prof_data_size              
abs   ffffffff  __TI_prof_data_start             
1     000101ae  __TI_zero_init_nomemset          
1     0000f443  __c28xabi_divf                   
n/a   UNDEFED   __c_args__                       
1     00010238  __error__                        
1     00000400  __stack                          
1     000101c7  _args_main                       
1     0000ff99  _c_int00                         
1     0000abbe  _lock                            
1     00010219  _nop                             
1     00010215  _register_lock                   
1     00010211  _register_unlock                 
1     0001024a  _system_post_cinit               
1     00010248  _system_pre_init                 
1     0000abc0  _unlock                          
1     0000fc0e  abort                            
0     00000000  code_start                       
1     0000fc10  exit                             
1     000101e9  main                             
1     0000fdfb  memcpy                           
1     0000f7bc  myADCA_init                      
1     0001008d  myBoardLED0_GPIO_init            
1     0000fef1  myGPIOHigh_init                  
1     0000ff0a  myGPIOToggle_init                


GLOBAL SYMBOLS: SORTED BY Symbol Address 

page  address   name                             
----  -------   ----                             
0     00000000  code_start                       
0     00000123  SysCtl_delay                     
0     00000134  __TI_Handler_Table_Base          
0     0000013a  __TI_Handler_Table_Limit         
0     0000013e  __TI_CINIT_Base                  
0     00000146  __TI_CINIT_Limit                 
0     00000146  __TI_CINIT_Warm                  
1     00000400  __stack                          
1     00000600  __TI_STACK_END                   
1     0000ab7b  AdcBuf                           
1     0000abae  Example_Result                   
1     0000abb0  Example_PassCount                
1     0000abb2  Example_Fail                     
1     0000abb4  __TI_enable_exit_profile_output  
1     0000abb6  __TI_cleanup_ptr                 
1     0000abb8  __TI_dtors_ptr                   
1     0000abba  DEBUG_TOGGLE                     
1     0000abbe  _lock                            
1     0000abc0  _unlock                          
1     0000f000  SysCtl_setClock                  
1     0000f209  Device_enableAllPeripherals      
1     0000f2f4  EPWM_init                        
1     0000f3b3  SysCtl_selectXTAL                
1     0000f443  __c28xabi_divf                   
1     0000f540  ADC_setINLTrim                   
1     0000f5af  SysCtl_getDeviceParametric       
1     0000f617  ADC_setOffsetTrim                
1     0000f677  INT_myADCA_1_ISR                 
1     0000f6d1  GPIO_setPadConfig                
1     0000f723  SysCtl_getClock                  
1     0000f774  SysCtl_selectOscSource           
1     0000f7bc  myADCA_init                      
1     0000f84a  Device_init                      
1     0000f90a  Interrupt_initModule             
1     0000f9bc  GPIO_setControllerCore           
1     0000f9f3  GPIO_setPinConfig                
1     0000fa2a  GPIO_setQualificationMode        
1     0000fa61  Interrupt_enable                 
1     0000fa98  Device_configureTMXAnalogTrim    
1     0000fac9  GPIO_setDirectionMode            
1     0000fafa  __TI_decompress_lzss             
1     0000fb59  ADC_setMode                      
1     0000fbb6  PinMux_init                      
1     0000fbe3  __TI_auto_init_nobinit_nopinit   
1     0000fc0e  C$$EXIT                          
1     0000fc0e  abort                            
1     0000fc10  exit                             
1     0000fda1  Interrupt_initVectorTable        
1     0000fdbf  SYNC_init                        
1     0000fdfb  memcpy                           
1     0000fed7  SysCtl_getLowSpeedClock          
1     0000fef1  myGPIOHigh_init                  
1     0000ff0a  myGPIOToggle_init                
1     0000ff99  _c_int00                         
1     0000ffdc  Interrupt_defaultHandler         
1     0001008d  myBoardLED0_GPIO_init            
1     00010131  Board_init                       
1     0001017a  INTERRUPT_init                   
1     000101ae  __TI_zero_init_nomemset          
1     000101c7  _args_main                       
1     000101e9  main                             
1     000101f4  Interrupt_illegalOperationHandler
1     000101fe  Interrupt_nmiHandler             
1     00010211  _register_unlock                 
1     00010215  _register_lock                   
1     00010219  _nop                             
1     00010222  __TI_decompress_none             
1     0001022a  GPIO_init                        
1     00010238  __error__                        
1     00010245  ADC_init                         
1     00010248  _system_pre_init                 
1     0001024a  _system_post_cinit               
abs   00000200  __TI_STACK_SIZE                  
abs   ffffffff  __TI_pprof_out_hndl              
abs   ffffffff  __TI_prof_data_size              
abs   ffffffff  __TI_prof_data_start             
n/a   UNDEFED   __c_args__                       

[77 symbols]
