******************************************************************************
             TMS320C2000 Linker Unix v22.6.1                   
******************************************************************************
>> Linked Wed Jan 15 13:09:36 2025

OUTPUT FILE NAME:   <c2000_adc_lab.out>
ENTRY POINT SYMBOL: "code_start"  address: 00000000


MEMORY CONFIGURATION

         name            origin    length      used     unused   attr    fill
----------------------  --------  ---------  --------  --------  ----  --------
PAGE 0:
  BEGIN                 00000000   00000002  00000002  00000000  RWIX
  RAMM0                 00000123   000002dd  00000040  0000029d  RWIX
  RAMLS0                00008000   00000800  00000000  00000800  RWIX
  RAMLS1                00008800   00000800  00000000  00000800  RWIX
  RAMLS2                00009000   00000800  00000000  00000800  RWIX
  RAMLS3                00009800   00000800  00000000  00000800  RWIX
  RAMLS4                0000a000   00000800  00000000  00000800  RWIX
  RAMD0                 0000b000   00000800  00000000  00000800  RWIX
  FLASHA                00080002   00001ffe  00000000  00001ffe  RWIX
  FLASHB                00082000   00002000  00000000  00002000  RWIX
  FLASHC                00084000   00002000  00000000  00002000  RWIX
  FLASHD                00086000   00002000  00000000  00002000  RWIX
  FLASHE                00088000   00008000  00000000  00008000  RWIX
  FLASHF                00090000   00008000  00000000  00008000  RWIX
  FLASHG                00098000   00008000  00000000  00008000  RWIX
  FLASHH                000a0000   00008000  00000000  00008000  RWIX
  FLASHI                000a8000   00008000  00000000  00008000  RWIX
  FLASHJ                000b0000   00008000  00000000  00008000  RWIX
  FLASHK                000b8000   00002000  00000000  00002000  RWIX
  FLASHL                000ba000   00002000  00000000  00002000  RWIX
  FLASHM                000bc000   00002000  00000000  00002000  RWIX
  FLASHN                000be000   00001ff0  00000000  00001ff0  RWIX
  RESET                 003fffc0   00000002  00000000  00000002  RWIX

PAGE 1:
  BOOT_RSVD             00000002   00000121  00000000  00000121  RWIX
  RAMM1                 00000400   000003f8  00000200  000001f8  RWIX
  RAMLS5                0000a800   00000800  0000047b  00000385  RWIX
  RAMD1                 0000b800   00000800  00000000  00000800  RWIX
  RAMGS0                0000c000   00001000  00000000  00001000  RWIX
  RAMGS1                0000d000   00001000  00000000  00001000  RWIX
  RAMGS2                0000e000   00001000  00000000  00001000  RWIX
  RAMGS3                0000f000   00001000  00001000  00000000  RWIX
  RAMGS4                00010000   00001000  00000338  00000cc8  RWIX
  RAMGS5                00011000   00001000  00000000  00001000  RWIX
  RAMGS6                00012000   00001000  00000000  00001000  RWIX
  RAMGS7                00013000   00001000  00000000  00001000  RWIX
  RAMGS8                00014000   00001000  00000000  00001000  RWIX
  RAMGS9                00015000   00001000  00000000  00001000  RWIX
  RAMGS10               00016000   00001000  00000000  00001000  RWIX
  RAMGS11               00017000   00001000  00000000  00001000  RWIX
  RAMGS12               00018000   00001000  00000000  00001000  RWIX
  RAMGS13               00019000   00001000  00000000  00001000  RWIX
  RAMGS14               0001a000   00001000  00000000  00001000  RWIX
  RAMGS15               0001b000   00000ff8  00000000  00000ff8  RWIX
  CPU2TOCPU1RAM         0003f800   00000400  00000000  00000400  RWIX
  CPU1TOCPU2RAM         0003fc00   00000400  00000000  00000400  RWIX
  CANA_MSG_RAM          00049000   00000800  00000000  00000800  RWIX
  CANB_MSG_RAM          0004b000   00000800  00000000  00000800  RWIX


SECTION ALLOCATION MAP

 output                                  attributes/
section   page    origin      length       input sections
--------  ----  ----------  ----------   ----------------
codestart 
*          0    00000000    00000002     
                  00000000    00000002     F2837xD_CodeStartBranch.obj (codestart)

.cinit     0    00000128    0000003c     
                  00000128    00000029     (.cinit..data.load) [load image, compression = lzss]
                  00000151    00000001     --HOLE-- [fill = 0]
                  00000152    00000006     (__TI_handler_table)
                  00000158    00000004     (.cinit..bss.load) [load image, compression = zero_init]
                  0000015c    00000008     (__TI_cinit_table)

.reset     0    003fffc0    00000000     DSECT

.stack     1    00000400    00000200     UNINITIALIZED
                  00000400    00000200     --HOLE--

.bss       1    0000ac17    00000034     UNINITIALIZED
                  0000ac17    00000032     c2000_adc_lab_main.obj (.bss:AdcBuf)
                  0000ac49    00000002     c2000_adc_lab_main.obj (.bss)

.init_array 
*          0    00000123    00000000     UNINITIALIZED

.const     1    0000a800    00000417     
                  0000a800    0000013b     board.obj (.const:.string)
                  0000a93b    00000001     --HOLE-- [fill = 0]
                  0000a93c    000000eb     c2000_adc_lab_main.obj (.const:.string)
                  0000aa27    00000001     --HOLE-- [fill = 0]
                  0000aa28    000000c2     driverlib_eabi.lib : sysctl.obj (.const:.string)
                  0000aaea    000000bc                        : gpio.obj (.const:.string)
                  0000aba6    0000005d                        : adc.obj (.const:.string)
                  0000ac03    00000001     --HOLE-- [fill = 0]
                  0000ac04    00000013     device.obj (.const:.string)

.data      1    0000ac4c    00000030     UNINITIALIZED
                  0000ac4c    00000019     c2000_adc_lab_main.obj (.data:QuadratureTable)
                  0000ac65    00000001     --HOLE--
                  0000ac66    00000006     c2000_adc_lab_main.obj (.data)
                  0000ac6c    00000006     device.obj (.data)
                  0000ac72    00000006     rts2800_fpu32_eabi.lib : exit.c.obj (.data)
                  0000ac78    00000002                            : _lock.c.obj (.data:_lock)
                  0000ac7a    00000002                            : _lock.c.obj (.data:_unlock)

.TI.ramfunc 
*          0    00000123    00000004     
                  00000123    00000004     driverlib_eabi.lib : sysctl.obj (.TI.ramfunc)

GETBUFFER 
*          0    0003f800    00000000     DSECT

GETWRITEIDX 
*          0    0003f800    00000000     DSECT

PUTREADIDX 
*          0    0003f800    00000000     DSECT

.text.1    1    0000f000    00001000     
                  0000f000    00000209     driverlib_eabi.lib : sysctl.obj (.text:SysCtl_setClock)
                  0000f209    000000eb     device.obj (.text:Device_enableAllPeripherals)
                  0000f2f4    000000bf     board.obj (.text:EPWM_init)
                  0000f3b3    00000090     driverlib_eabi.lib : sysctl.obj (.text:SysCtl_selectXTAL)
                  0000f443    00000088     rts2800_fpu32_eabi.lib : fs_div28.asm.obj (.text)
                  0000f4cb    0000007e     c2000_adc_lab_main.obj (.text:INT_myADCA_1_ISR)
                  0000f549    00000075     board.obj (.text:EPWM_setADCTriggerSource)
                  0000f5be    0000006f     driverlib_eabi.lib : adc.obj (.text:ADC_setINLTrim)
                  0000f62d    00000068                        : sysctl.obj (.text:SysCtl_getDeviceParametric)
                  0000f695    00000060                        : adc.obj (.text:ADC_setOffsetTrim)
                  0000f6f5    00000052                        : gpio.obj (.text:GPIO_setPadConfig)
                  0000f747    00000051                        : sysctl.obj (.text:SysCtl_getClock)
                  0000f798    00000048                        : sysctl.obj (.text:SysCtl_selectOscSource)
                  0000f7e0    00000048     board.obj (.text:myADCA_init)
                  0000f828    00000046     board.obj (.text:ADC_setupSOC)
                  0000f86e    00000042     device.obj (.text:Device_init)
                  0000f8b0    00000040     board.obj (.text:EPWM_setActionQualifierAction)
                  0000f8f0    0000003e     board.obj (.text:EPWM_setCounterCompareShadowLoadMode)
                  0000f92e    0000003d     driverlib_eabi.lib : interrupt.obj (.text:Interrupt_initModule)
                  0000f96b    0000003b     board.obj (.text:EPWM_isBaseValid)
                  0000f9a6    0000003a     board.obj (.text:EPWM_setADCTriggerEventPrescale)
                  0000f9e0    00000037     driverlib_eabi.lib : gpio.obj (.text:GPIO_setControllerCore)
                  0000fa17    00000037                        : gpio.obj (.text:GPIO_setPinConfig)
                  0000fa4e    00000037                        : gpio.obj (.text:GPIO_setQualificationMode)
                  0000fa85    00000037                        : interrupt.obj (.text:Interrupt_enable)
                  0000fabc    00000031     device.obj (.text:Device_configureTMXAnalogTrim)
                  0000faed    00000031     driverlib_eabi.lib : gpio.obj (.text:GPIO_setDirectionMode)
                  0000fb1e    00000030     rts2800_fpu32_eabi.lib : copy_decompress_lzss.c.obj (.text:decompress:lzss)
                  0000fb4e    0000002f     board.obj (.text:ADC_setInterruptSource)
                  0000fb7d    0000002f     driverlib_eabi.lib : adc.obj (.text:ADC_setMode)
                  0000fbac    0000002e     board.obj (.text:ADC_setInterruptSOCTrigger)
                  0000fbda    0000002d     board.obj (.text:PinMux_init)
                  0000fc07    0000002b     rts2800_fpu32_eabi.lib : autoinit.c.obj (.text:__TI_auto_init_nobinit_nopinit)
                  0000fc32    00000029                            : exit.c.obj (.text)
                  0000fc5b    00000028     driverlib_eabi.lib : sysctl.obj (.text:CPUTimer_selectClockSource)
                  0000fc83    00000027     board.obj (.text:GPIO_writePin)
                  0000fcaa    00000022     board.obj (.text:EPWM_setCounterCompareValue)
                  0000fccc    00000021     board.obj (.text:ADC_disableContinuousMode)
                  0000fced    00000020     board.obj (.text:ADC_enableInterrupt)
                  0000fd0d    0000001f     driverlib_eabi.lib : sysctl.obj (.text:CPUTimer_getTimerOverflowStatus)
                  0000fd2c    0000001f     board.obj (.text:DAC_setShadowValue)
                  0000fd4b    0000001f     c2000_adc_lab_main.obj (.text:DAC_setShadowValue)
                  0000fd6a    0000001f     board.obj (.text:EPWM_setFallingEdgeDelayCountShadowLoadMode)
                  0000fd89    0000001f     board.obj (.text:EPWM_setRisingEdgeDelayCountShadowLoadMode)
                  0000fda8    0000001f     c2000_adc_lab_main.obj (.text:GPIO_togglePin)
                  0000fdc7    0000001e     c2000_adc_lab_main.obj (.text:ADC_readResult)
                  0000fde5    0000001e     board.obj (.text:EPWM_setPhaseShift)
                  0000fe03    0000001e     driverlib_eabi.lib : interrupt.obj (.text:Interrupt_initVectorTable)
                  0000fe21    0000001e     board.obj (.text:SYNC_init)
                  0000fe3f    0000001e     board.obj (.text:SysCtl_setSyncInputConfig)
                  0000fe5d    0000001d     rts2800_fpu32_eabi.lib : memcpy.c.obj (.text)
                  0000fe7a    0000001c     board.obj (.text:ADC_setSOCPriority)
                  0000fe96    0000001c     board.obj (.text:EPWM_enableADCTrigger)
                  0000feb2    0000001c     board.obj (.text:EPWM_setClockPrescaler)
                  0000fece    0000001b     board.obj (.text:ADC_isBaseValid)
                  0000fee9    0000001b     c2000_adc_lab_main.obj (.text:ADC_isBaseValid)
                  0000ff04    0000001b     driverlib_eabi.lib : adc.obj (.text:ADC_isBaseValid)
                  0000ff1f    0000001a                        : sysctl.obj (.text:CPUTimer_startTimer)
                  0000ff39    0000001a                        : sysctl.obj (.text:SysCtl_getLowSpeedClock)
                  0000ff53    00000019     board.obj (.text:myDACB_init)
                  0000ff6c    00000019     board.obj (.text:myGPIOHigh_init)
                  0000ff85    00000019     board.obj (.text:myGPIOToggle_init)
                  0000ff9e    00000018     board.obj (.text:EPWM_disableFallingEdgeDelayCountShadowLoadMode)
                  0000ffb6    00000018     board.obj (.text:EPWM_disableRisingEdgeDelayCountShadowLoadMode)
                  0000ffce    00000018     device.obj (.text:SysCtl_disablePeripheral)
                  0000ffe6    00000017     driverlib_eabi.lib : sysctl.obj (.text:CPUTimer_isBaseValid)
                  0000fffd    00000003     board.obj (.text:ADC_init)

.text.2    1    00010000    00000338     
                  00010000    00000017     board.obj (.text:DAC_isBaseValid)
                  00010017    00000017     c2000_adc_lab_main.obj (.text:DAC_isBaseValid)
                  0001002e    00000017     device.obj (.text:SysCtl_enablePeripheral)
                  00010045    00000017     rts2800_fpu32_eabi.lib : boot28.asm.obj (.text)
                  0001005c    00000016     board.obj (.text:ADC_setInterruptPulseMode)
                  00010072    00000016     board.obj (.text:ADC_setPrescaler)
                  00010088    00000016     driverlib_eabi.lib : interrupt.obj (.text:Interrupt_defaultHandler)
                  0001009e    00000015     board.obj (.text:ADC_disableBurstMode)
                  000100b3    00000015     board.obj (.text:DAC_enableOutput)
                  000100c8    00000015     board.obj (.text:DAC_setLoadMode)
                  000100dd    00000015     board.obj (.text:DAC_setReferenceVoltage)
                  000100f2    00000014     board.obj (.text:ADC_clearInterruptStatus)
                  00010106    00000014     c2000_adc_lab_main.obj (.text:ADC_clearInterruptStatus)
                  0001011a    00000014     driverlib_eabi.lib : sysctl.obj (.text:CPUTimer_stopTimer)
                  0001012e    00000014     board.obj (.text:EPWM_setTimeBaseCounterMode)
                  00010142    00000014     board.obj (.text:EPWM_setTimeBasePeriod)
                  00010156    00000014     device.obj (.text:SysCtl_deviceCal)
                  0001016a    00000014     board.obj (.text:myBoardLED0_GPIO_init)
                  0001017e    00000013     board.obj (.text:ADC_enableConverter)
                  00010191    00000013     board.obj (.text:EPWM_enableInterrupt)
                  000101a4    00000012     driverlib_eabi.lib : sysctl.obj (.text:CPUTimer_clearOverflowFlag)
                  000101b6    00000012                        : sysctl.obj (.text:CPUTimer_disableInterrupt)
                  000101c8    00000012     board.obj (.text:EPWM_setTimeBaseCounter)
                  000101da    00000012     board.obj (.text:SysCtl_setSyncOutputConfig)
                  000101ec    00000011     board.obj (.text:Board_init)
                  000101fd    00000011     driverlib_eabi.lib : sysctl.obj (.text:CPUTimer_setPeriod)
                  0001020e    00000011     board.obj (.text:EPWM_disablePhaseShiftLoad)
                  0001021f    0000000f     board.obj (.text:Interrupt_register)
                  0001022e    0000000f     driverlib_eabi.lib : sysctl.obj (.text:SysCtl_pollCpuTimer)
                  0001023d    0000000e     board.obj (.text:GPIO_isPinValid)
                  0001024b    0000000e     c2000_adc_lab_main.obj (.text:GPIO_isPinValid)
                  00010259    0000000e     driverlib_eabi.lib : gpio.obj (.text:GPIO_isPinValid)
                  00010267    0000000d     board.obj (.text:INTERRUPT_init)
                  00010274    0000000d     driverlib_eabi.lib : interrupt.obj (.text:Interrupt_disableGlobal)
                  00010281    0000000d                        : interrupt.obj (.text:Interrupt_enableGlobal)
                  0001028e    0000000d     device.obj (.text:SysCtl_setLowSpeedClock)
                  0001029b    0000000d     rts2800_fpu32_eabi.lib : copy_zero_init.c.obj (.text:decompress:ZI:__TI_zero_init_nomemset)
                  000102a8    0000000c     board.obj (.text:SysCtl_enableExtADCSOCSource)
                  000102b4    0000000c     rts2800_fpu32_eabi.lib : args_main.c.obj (.text)
                  000102c0    0000000b     device.obj (.text:SysCtl_disableWatchdog)
                  000102cb    0000000b     driverlib_eabi.lib : sysctl.obj (.text:SysCtl_isMCDClockFailureDetected)
                  000102d6    0000000b     c2000_adc_lab_main.obj (.text:main)
                  000102e1    0000000a     driverlib_eabi.lib : interrupt.obj (.text:Interrupt_illegalOperationHandler)
                  000102eb    0000000a                        : interrupt.obj (.text:Interrupt_nmiHandler)
                  000102f5    00000009                        : sysctl.obj (.text:SysCtl_serviceWatchdog)
                  000102fe    00000009     rts2800_fpu32_eabi.lib : _lock.c.obj (.text)
                  00010307    00000008     F2837xD_CodeStartBranch.obj (.text)
                  0001030f    00000008     rts2800_fpu32_eabi.lib : copy_decompress_none.c.obj (.text:decompress:none)
                  00010317    00000007     board.obj (.text:GPIO_init)
                  0001031e    00000007     driverlib_eabi.lib : sysctl.obj (.text:SysCtl_resetMCD)
                  00010325    00000007     device.obj (.text:__error__)
                  0001032c    00000006     c2000_adc_lab_main.obj (.text:Interrupt_clearACKGroup)
                  00010332    00000003     board.obj (.text:DAC_init)
                  00010335    00000002     rts2800_fpu32_eabi.lib : pre_init.c.obj (.text)
                  00010337    00000001                            : startup.c.obj (.text)

MODULE SUMMARY

       Module                        code   ro data   rw data
       ------                        ----   -------   -------
    ./
       c2000_adc_lab_main.obj        319    235       83     
    +--+-----------------------------+------+---------+---------+
       Total:                        319    235       83     
                                                             
    ./device/
       device.obj                    448    19        6      
       F2837xD_CodeStartBranch.obj   10     0         0      
    +--+-----------------------------+------+---------+---------+
       Total:                        458    19        6      
                                                             
    ./syscfg/
       board.obj                     1792   315       0      
    +--+-----------------------------+------+---------+---------+
       Total:                        1792   315       0      
                                                             
    /Applications/ti/c2000/C2000Ware_5_04_00_00/driverlib/f2837xd/driverlib/ccs/Debug/driverlib_eabi.lib
       sysctl.obj                    1187   194       0      
       gpio.obj                      310    188       0      
       adc.obj                       281    93        0      
       interrupt.obj                 214    0         0      
    +--+-----------------------------+------+---------+---------+
       Total:                        1992   475       0      
                                                             
    /Applications/ti/ccs2000/ccs/tools/compiler/ti-cgt-c2000_22.6.1A23259/lib/rts2800_fpu32_eabi.lib
       fs_div28.asm.obj              136    0         0      
       copy_decompress_lzss.c.obj    48     0         0      
       exit.c.obj                    41     0         6      
       autoinit.c.obj                43     0         0      
       memcpy.c.obj                  29     0         0      
       boot28.asm.obj                23     0         0      
       _lock.c.obj                   9      0         4      
       copy_zero_init.c.obj          13     0         0      
       args_main.c.obj               12     0         0      
       copy_decompress_none.c.obj    8      0         0      
       pre_init.c.obj                2      0         0      
       startup.c.obj                 1      0         0      
    +--+-----------------------------+------+---------+---------+
       Total:                        365    0         10     
                                                             
       Stack:                        0      0         512    
       Linker Generated:             0      59        0      
    +--+-----------------------------+------+---------+---------+
       Grand Total:                  4926   1103      611    


LINKER GENERATED COPY TABLES

__TI_cinit_table @ 0000015c records: 2, size/record: 4, table size: 8
	.data: load addr=00000128, load size=00000029 bytes, run addr=0000ac4c, run size=00000030 bytes, compression=lzss
	.bss: load addr=00000158, load size=00000004 bytes, run addr=0000ac17, run size=00000034 bytes, compression=zero_init


LINKER GENERATED HANDLER TABLE

__TI_handler_table @ 00000152 records: 3, size/record: 2, table size: 6
	index: 0, handler: __TI_zero_init
	index: 1, handler: __TI_decompress_lzss
	index: 2, handler: __TI_decompress_none


GLOBAL DATA SYMBOLS: SORTED BY DATA PAGE

address     data page           name
--------    ----------------    ----
00000400      10 (00000400)     __stack

0000ac17     2b0 (0000ac00)     AdcBuf

0000ac49     2b1 (0000ac40)     DacOutput
0000ac4a     2b1 (0000ac40)     DacOffset
0000ac4c     2b1 (0000ac40)     QuadratureTable
0000ac66     2b1 (0000ac40)     DEBUG_TOGGLE
0000ac67     2b1 (0000ac40)     SINE_ENABLE
0000ac6c     2b1 (0000ac40)     Example_Result
0000ac6e     2b1 (0000ac40)     Example_PassCount
0000ac70     2b1 (0000ac40)     Example_Fail
0000ac72     2b1 (0000ac40)     __TI_enable_exit_profile_output
0000ac74     2b1 (0000ac40)     __TI_cleanup_ptr
0000ac76     2b1 (0000ac40)     __TI_dtors_ptr
0000ac78     2b1 (0000ac40)     _lock
0000ac7a     2b1 (0000ac40)     _unlock


GLOBAL SYMBOLS: SORTED ALPHABETICALLY BY Name 

page  address   name                             
----  -------   ----                             
1     0000fffd  ADC_init                         
1     0000f5be  ADC_setINLTrim                   
1     0000fb7d  ADC_setMode                      
1     0000f695  ADC_setOffsetTrim                
1     0000ac17  AdcBuf                           
1     000101ec  Board_init                       
1     0000fc32  C$$EXIT                          
1     00010332  DAC_init                         
1     0000ac66  DEBUG_TOGGLE                     
1     0000ac4a  DacOffset                        
1     0000ac49  DacOutput                        
1     0000fabc  Device_configureTMXAnalogTrim    
1     0000f209  Device_enableAllPeripherals      
1     0000f86e  Device_init                      
1     0000f2f4  EPWM_init                        
1     0000ac70  Example_Fail                     
1     0000ac6e  Example_PassCount                
1     0000ac6c  Example_Result                   
1     00010317  GPIO_init                        
1     0000f9e0  GPIO_setControllerCore           
1     0000faed  GPIO_setDirectionMode            
1     0000f6f5  GPIO_setPadConfig                
1     0000fa17  GPIO_setPinConfig                
1     0000fa4e  GPIO_setQualificationMode        
1     00010267  INTERRUPT_init                   
1     0000f4cb  INT_myADCA_1_ISR                 
1     00010088  Interrupt_defaultHandler         
1     0000fa85  Interrupt_enable                 
1     000102e1  Interrupt_illegalOperationHandler
1     0000f92e  Interrupt_initModule             
1     0000fe03  Interrupt_initVectorTable        
1     000102eb  Interrupt_nmiHandler             
1     0000fbda  PinMux_init                      
1     0000ac4c  QuadratureTable                  
1     0000ac67  SINE_ENABLE                      
1     0000fe21  SYNC_init                        
0     00000123  SysCtl_delay                     
1     0000f747  SysCtl_getClock                  
1     0000f62d  SysCtl_getDeviceParametric       
1     0000ff39  SysCtl_getLowSpeedClock          
1     0000f798  SysCtl_selectOscSource           
1     0000f3b3  SysCtl_selectXTAL                
1     0000f000  SysCtl_setClock                  
0     0000015c  __TI_CINIT_Base                  
0     00000164  __TI_CINIT_Limit                 
0     00000164  __TI_CINIT_Warm                  
0     00000152  __TI_Handler_Table_Base          
0     00000158  __TI_Handler_Table_Limit         
1     00000600  __TI_STACK_END                   
abs   00000200  __TI_STACK_SIZE                  
1     0000fc07  __TI_auto_init_nobinit_nopinit   
1     0000ac74  __TI_cleanup_ptr                 
1     0000fb1e  __TI_decompress_lzss             
1     0001030f  __TI_decompress_none             
1     0000ac76  __TI_dtors_ptr                   
1     0000ac72  __TI_enable_exit_profile_output  
abs   ffffffff  __TI_pprof_out_hndl              
abs   ffffffff  __TI_prof_data_size              
abs   ffffffff  __TI_prof_data_start             
1     0001029b  __TI_zero_init_nomemset          
1     0000f443  __c28xabi_divf                   
n/a   UNDEFED   __c_args__                       
1     00010325  __error__                        
1     00000400  __stack                          
1     000102b4  _args_main                       
1     00010045  _c_int00                         
1     0000ac78  _lock                            
1     00010306  _nop                             
1     00010302  _register_lock                   
1     000102fe  _register_unlock                 
1     00010337  _system_post_cinit               
1     00010335  _system_pre_init                 
1     0000ac7a  _unlock                          
1     0000fc32  abort                            
0     00000000  code_start                       
1     0000fc34  exit                             
1     000102d6  main                             
1     0000fe5d  memcpy                           
1     0000f7e0  myADCA_init                      
1     0001016a  myBoardLED0_GPIO_init            
1     0000ff53  myDACB_init                      
1     0000ff6c  myGPIOHigh_init                  
1     0000ff85  myGPIOToggle_init                


GLOBAL SYMBOLS: SORTED BY Symbol Address 

page  address   name                             
----  -------   ----                             
0     00000000  code_start                       
0     00000123  SysCtl_delay                     
0     00000152  __TI_Handler_Table_Base          
0     00000158  __TI_Handler_Table_Limit         
0     0000015c  __TI_CINIT_Base                  
0     00000164  __TI_CINIT_Limit                 
0     00000164  __TI_CINIT_Warm                  
1     00000400  __stack                          
1     00000600  __TI_STACK_END                   
1     0000ac17  AdcBuf                           
1     0000ac49  DacOutput                        
1     0000ac4a  DacOffset                        
1     0000ac4c  QuadratureTable                  
1     0000ac66  DEBUG_TOGGLE                     
1     0000ac67  SINE_ENABLE                      
1     0000ac6c  Example_Result                   
1     0000ac6e  Example_PassCount                
1     0000ac70  Example_Fail                     
1     0000ac72  __TI_enable_exit_profile_output  
1     0000ac74  __TI_cleanup_ptr                 
1     0000ac76  __TI_dtors_ptr                   
1     0000ac78  _lock                            
1     0000ac7a  _unlock                          
1     0000f000  SysCtl_setClock                  
1     0000f209  Device_enableAllPeripherals      
1     0000f2f4  EPWM_init                        
1     0000f3b3  SysCtl_selectXTAL                
1     0000f443  __c28xabi_divf                   
1     0000f4cb  INT_myADCA_1_ISR                 
1     0000f5be  ADC_setINLTrim                   
1     0000f62d  SysCtl_getDeviceParametric       
1     0000f695  ADC_setOffsetTrim                
1     0000f6f5  GPIO_setPadConfig                
1     0000f747  SysCtl_getClock                  
1     0000f798  SysCtl_selectOscSource           
1     0000f7e0  myADCA_init                      
1     0000f86e  Device_init                      
1     0000f92e  Interrupt_initModule             
1     0000f9e0  GPIO_setControllerCore           
1     0000fa17  GPIO_setPinConfig                
1     0000fa4e  GPIO_setQualificationMode        
1     0000fa85  Interrupt_enable                 
1     0000fabc  Device_configureTMXAnalogTrim    
1     0000faed  GPIO_setDirectionMode            
1     0000fb1e  __TI_decompress_lzss             
1     0000fb7d  ADC_setMode                      
1     0000fbda  PinMux_init                      
1     0000fc07  __TI_auto_init_nobinit_nopinit   
1     0000fc32  C$$EXIT                          
1     0000fc32  abort                            
1     0000fc34  exit                             
1     0000fe03  Interrupt_initVectorTable        
1     0000fe21  SYNC_init                        
1     0000fe5d  memcpy                           
1     0000ff39  SysCtl_getLowSpeedClock          
1     0000ff53  myDACB_init                      
1     0000ff6c  myGPIOHigh_init                  
1     0000ff85  myGPIOToggle_init                
1     0000fffd  ADC_init                         
1     00010045  _c_int00                         
1     00010088  Interrupt_defaultHandler         
1     0001016a  myBoardLED0_GPIO_init            
1     000101ec  Board_init                       
1     00010267  INTERRUPT_init                   
1     0001029b  __TI_zero_init_nomemset          
1     000102b4  _args_main                       
1     000102d6  main                             
1     000102e1  Interrupt_illegalOperationHandler
1     000102eb  Interrupt_nmiHandler             
1     000102fe  _register_unlock                 
1     00010302  _register_lock                   
1     00010306  _nop                             
1     0001030f  __TI_decompress_none             
1     00010317  GPIO_init                        
1     00010325  __error__                        
1     00010332  DAC_init                         
1     00010335  _system_pre_init                 
1     00010337  _system_post_cinit               
abs   00000200  __TI_STACK_SIZE                  
abs   ffffffff  __TI_pprof_out_hndl              
abs   ffffffff  __TI_prof_data_size              
abs   ffffffff  __TI_prof_data_start             
n/a   UNDEFED   __c_args__                       

[83 symbols]
